Archive member included because of file (symbol)

contiki-exp5438.a(msp430.o)   obj_exp5438/contiki-exp5438-main.o (w_memcpy)
contiki-exp5438.a(leds.o)     obj_exp5438/contiki-exp5438-main.o (leds_init)
contiki-exp5438.a(watchdog.o)
                              obj_exp5438/contiki-exp5438-main.o (watchdog_start)
contiki-exp5438.a(rtimer-arch.o)
                              obj_exp5438/contiki-exp5438-main.o (rtimer_arch_now)
contiki-exp5438.a(node-id.o)  obj_exp5438/contiki-exp5438-main.o (node_mac)
contiki-exp5438.a(leds-arch.o)
                              contiki-exp5438.a(leds.o) (leds_arch_init)
contiki-exp5438.a(uart1x.o)   obj_exp5438/contiki-exp5438-main.o (uart1_active)
contiki-exp5438.a(uart2x.o)   obj_exp5438/contiki-exp5438-main.o (uart2_active)
contiki-exp5438.a(lcd.o)      obj_exp5438/contiki-exp5438-main.o (lcd_init)
contiki-exp5438.a(duty-cycle-scro)
                              obj_exp5438/contiki-exp5438-main.o (duty_cycle_scroller_start)
contiki-exp5438.a(cc1200.o)   obj_exp5438/contiki-exp5438-main.o (cc1200_init)
contiki-exp5438.a(cc1200-5438-arc)
                              contiki-exp5438.a(cc1200.o) (cc1200_arch_spi_select)
contiki-exp5438.a(cc1200-802154g-)
                              contiki-exp5438.a(cc1200.o) (cc1200_802154g_863_870_fsk_50kbps)
contiki-exp5438.a(uart1-putchar.o)
                              obj_exp5438/contiki-exp5438-main.o (putchar)
contiki-exp5438.a(clock.o)    obj_exp5438/contiki-exp5438-main.o (clock_init)
contiki-exp5438.a(autostart.o)
                              obj_exp5438/contiki-exp5438-main.o (autostart_start)
contiki-exp5438.a(ctimer.o)   obj_exp5438/contiki-exp5438-main.o (ctimer_init)
contiki-exp5438.a(energest.o)
                              obj_exp5438/contiki-exp5438-main.o (energest_init)
contiki-exp5438.a(etimer.o)   contiki-exp5438.a(clock.o) (etimer_request_poll)
contiki-exp5438.a(process.o)  contiki-exp5438.a(ctimer.o) (process_current)
contiki-exp5438.a(rtimer.o)   obj_exp5438/contiki-exp5438-main.o (rtimer_init)
contiki-exp5438.a(timer.o)    contiki-exp5438.a(etimer.o) (timer_set)
contiki-exp5438.a(serial-line.o)
                              obj_exp5438/contiki-exp5438-main.o (serial_line_input_byte)
contiki-exp5438.a(list.o)     contiki-exp5438.a(ctimer.o) (list_init)
contiki-exp5438.a(ringbuf.o)  contiki-exp5438.a(serial-line.o) (ringbuf_init)
contiki-exp5438.a(sicslowpan.o)
                              obj_exp5438/contiki-exp5438-main.o (sicslowpan_driver)
contiki-exp5438.a(uip6.o)     contiki-exp5438.a(sicslowpan.o) (uip_aligned_buf)
contiki-exp5438.a(uip-ds6.o)  contiki-exp5438.a(uip6.o) (uip_ds6_is_addr_onlink)
contiki-exp5438.a(uip-ds6-nbr.o)
                              contiki-exp5438.a(uip-ds6.o) (uip_ds6_neighbors_init)
contiki-exp5438.a(uip-ds6-route.o)
                              contiki-exp5438.a(uip-ds6.o) (uip_ds6_route_init)
contiki-exp5438.a(uip-icmp6.o)
                              contiki-exp5438.a(uip6.o) (uip_icmp6_input)
contiki-exp5438.a(uip-nd6.o)  contiki-exp5438.a(uip-ds6-nbr.o) (uip_nd6_ns_output)
contiki-exp5438.a(tcpip.o)    contiki-exp5438.a(sicslowpan.o) (tcpip_set_outputfunc)
contiki-exp5438.a(uip-debug.o)
                              contiki-exp5438.a(uip-ds6-route.o) (uip_debug_ipaddr_print)
contiki-exp5438.a(rpl.o)      contiki-exp5438.a(uip-ds6-nbr.o) (rpl_link_neighbor_callback)
contiki-exp5438.a(rpl-dag.o)  contiki-exp5438.a(rpl.o) (default_instance)
contiki-exp5438.a(rpl-ext-header.)
                              contiki-exp5438.a(uip6.o) (rpl_verify_header)
contiki-exp5438.a(rpl-icmp6.o)
                              contiki-exp5438.a(rpl.o) (dao_output_target)
contiki-exp5438.a(rpl-mrhof.o)
                              contiki-exp5438.a(rpl.o) (rpl_mrhof)
contiki-exp5438.a(rpl-timers.o)
                              contiki-exp5438.a(rpl.o) (rpl_reset_periodic_timer)
contiki-exp5438.a(linkaddr.o)
                              obj_exp5438/contiki-exp5438-main.o (linkaddr_copy)
contiki-exp5438.a(nbr-table.o)
                              contiki-exp5438.a(uip-ds6-nbr.o) (nbr_table_register)
contiki-exp5438.a(packetbuf.o)
                              contiki-exp5438.a(cc1200.o) (packetbuf_set_datalen)
contiki-exp5438.a(queuebuf.o)
                              obj_exp5438/contiki-exp5438-main.o (queuebuf_init)
contiki-exp5438.a(frame802154.o)
                              contiki-exp5438.a(cc1200.o) (frame802154_parse)
contiki-exp5438.a(framer-802154.o)
                              contiki-exp5438.a(sicslowpan.o) (framer_802154)
contiki-exp5438.a(framer.o)   contiki-exp5438.a(framer-802154.o) (framer_canonical_create_and_secure)
contiki-exp5438.a(nullmac.o)  obj_exp5438/contiki-exp5438-main.o (nullmac_driver)
contiki-exp5438.a(nullrdc.o)  obj_exp5438/contiki-exp5438-main.o (nullrdc_driver)
contiki-exp5438.a(nullsec.o)  contiki-exp5438.a(sicslowpan.o) (nullsec_driver)
contiki-exp5438.a(spix.o)     contiki-exp5438.a(cc1200-5438-arc) (spi_init)
[...]
Memory Configuration

Name             Origin             Length             Attributes
sfr              0x00000000         0x00000010
peripheral_8bit  0x00000010         0x000000f0
peripheral_16bit 0x00000100         0x00000100
bsl              0x00001000         0x00000800
infomem          0x00001800         0x00000200
infod            0x00001800         0x00000080
infoc            0x00001880         0x00000080
infob            0x00001900         0x00000080
infoa            0x00001980         0x00000080
ram              0x00001c00         0x00004000         xw
rom              0x00005c00         0x0000a380         xr
vectors          0x0000ff80         0x00000080
far_rom          0x00010000         0x00035c00
ram2             0x00000000         0x00000000         xw
ram_mirror       0x00000000         0x00000000         xw
usbram           0x00000000         0x00000000         xw
*default*        0x00000000         0xffffffff

Linker script and memory map

LOAD /usr/local/msp430/bin/../lib/gcc/msp430/4.7.0/mcpu-430x/mmpy-16/msr20/mc20/crt0ivtbl64.o
LOAD hello-world.co
LOAD obj_exp5438/contiki-exp5438-main.o
LOAD contiki-exp5438.a
LOAD /usr/local/msp430/bin/../lib/gcc/msp430/4.7.0/mcpu-430x/mmpy-16/msr20/mc20/libgcc.a
LOAD /usr/local/msp430/bin/../lib/gcc/msp430/4.7.0/../../../../msp430/lib/mcpu-430x/mmpy-16/msr20/mc20/libc.a
LOAD /usr/local/msp430/bin/../lib/gcc/msp430/4.7.0/mcpu-430x/mmpy-16/msr20/mc20/libgcc.a
LOAD /usr/local/msp430/bin/../lib/gcc/msp430/4.7.0/mcpu-430x/mmpy-16/msr20/mc20/libcrt0.a
                0x00000080                PROVIDE (__info_segment_size, 0x80)
                0x00001800                PROVIDE (__infod, 0x1800)
                0x00001880                PROVIDE (__infoc, 0x1880)
                0x00001900                PROVIDE (__infob, 0x1900)
                0x00001980                PROVIDE (__infoa, 0x1980)
                0x00000700                __ADC12CTL0_L = 0x700
                0x00000701                __ADC12CTL0_H = 0x701
                0x00000700                __ADC12CTL0 = 0x700
                0x00000702                __ADC12CTL1_L = 0x702
                0x00000703                __ADC12CTL1_H = 0x703
                0x00000702                __ADC12CTL1 = 0x702
                0x00000704                __ADC12CTL2_L = 0x704
                0x00000705                __ADC12CTL2_H = 0x705
                0x00000704                __ADC12CTL2 = 0x704
                0x0000070a                __ADC12IFG_L = 0x70a
                0x0000070b                __ADC12IFG_H = 0x70b
                0x0000070a                __ADC12IFG = 0x70a
                0x0000070c                __ADC12IE_L = 0x70c
                0x0000070d                __ADC12IE_H = 0x70d
                0x0000070c                __ADC12IE = 0x70c
                0x0000070e                __ADC12IV_L = 0x70e
                0x0000070f                __ADC12IV_H = 0x70f
                0x0000070e                __ADC12IV = 0x70e
                0x00000720                __ADC12MEM0_L = 0x720
                0x00000721                __ADC12MEM0_H = 0x721
                0x00000720                __ADC12MEM0 = 0x720
                0x00000722                __ADC12MEM1_L = 0x722
                0x00000723                __ADC12MEM1_H = 0x723
                0x00000722                __ADC12MEM1 = 0x722
                0x00000724                __ADC12MEM2_L = 0x724
                0x00000725                __ADC12MEM2_H = 0x725
                0x00000724                __ADC12MEM2 = 0x724
                0x00000726                __ADC12MEM3_L = 0x726
                0x00000727                __ADC12MEM3_H = 0x727
                0x00000726                __ADC12MEM3 = 0x726
                0x00000728                __ADC12MEM4_L = 0x728
                0x00000729                __ADC12MEM4_H = 0x729
                0x00000728                __ADC12MEM4 = 0x728
                0x0000072a                __ADC12MEM5_L = 0x72a
                0x0000072b                __ADC12MEM5_H = 0x72b
                0x0000072a                __ADC12MEM5 = 0x72a
                0x0000072c                __ADC12MEM6_L = 0x72c
                0x0000072d                __ADC12MEM6_H = 0x72d
                0x0000072c                __ADC12MEM6 = 0x72c
                0x0000072e                __ADC12MEM7_L = 0x72e
                0x0000072f                __ADC12MEM7_H = 0x72f
                0x0000072e                __ADC12MEM7 = 0x72e
                0x00000730                __ADC12MEM8_L = 0x730
                0x00000731                __ADC12MEM8_H = 0x731
                0x00000730                __ADC12MEM8 = 0x730
                0x00000732                __ADC12MEM9_L = 0x732
                0x00000733                __ADC12MEM9_H = 0x733
                0x00000732                __ADC12MEM9 = 0x732
                0x00000734                __ADC12MEM10_L = 0x734
                0x00000735                __ADC12MEM10_H = 0x735
                0x00000734                __ADC12MEM10 = 0x734
                0x00000736                __ADC12MEM11_L = 0x736
                0x00000737                __ADC12MEM11_H = 0x737
                0x00000736                __ADC12MEM11 = 0x736
                0x00000738                __ADC12MEM12_L = 0x738
                0x00000739                __ADC12MEM12_H = 0x739
                0x00000738                __ADC12MEM12 = 0x738
                0x0000073a                __ADC12MEM13_L = 0x73a
                0x0000073b                __ADC12MEM13_H = 0x73b
                0x0000073a                __ADC12MEM13 = 0x73a
                0x0000073c                __ADC12MEM14_L = 0x73c
                0x0000073d                __ADC12MEM14_H = 0x73d
                0x0000073c                __ADC12MEM14 = 0x73c
                0x0000073e                __ADC12MEM15_L = 0x73e
                0x0000073f                __ADC12MEM15_H = 0x73f
                0x0000073e                __ADC12MEM15 = 0x73e
                0x00000710                __ADC12MCTL0 = 0x710
                0x00000711                __ADC12MCTL1 = 0x711
                0x00000712                __ADC12MCTL2 = 0x712
                0x00000713                __ADC12MCTL3 = 0x713
                0x00000714                __ADC12MCTL4 = 0x714
                0x00000715                __ADC12MCTL5 = 0x715
                0x00000716                __ADC12MCTL6 = 0x716
                0x00000717                __ADC12MCTL7 = 0x717
                0x00000718                __ADC12MCTL8 = 0x718
                0x00000719                __ADC12MCTL9 = 0x719
                0x0000071a                __ADC12MCTL10 = 0x71a
                0x0000071b                __ADC12MCTL11 = 0x71b
                0x0000071c                __ADC12MCTL12 = 0x71c
                0x0000071d                __ADC12MCTL13 = 0x71d
                0x0000071e                __ADC12MCTL14 = 0x71e
                0x0000071f                __ADC12MCTL15 = 0x71f
                0x00000150                __CRCDI_L = 0x150
                0x00000151                __CRCDI_H = 0x151
                0x00000150                __CRCDI = 0x150
                0x00000154                __CRCINIRES_L = 0x154
                0x00000155                __CRCINIRES_H = 0x155
                0x00000154                __CRCINIRES = 0x154
                0x00000500                __DMACTL0_L = 0x500
                0x00000501                __DMACTL0_H = 0x501
                0x00000500                __DMACTL0 = 0x500
                0x00000502                __DMACTL1_L = 0x502
                0x00000503                __DMACTL1_H = 0x503
                0x00000502                __DMACTL1 = 0x502
                0x00000504                __DMACTL2_L = 0x504
                0x00000505                __DMACTL2_H = 0x505
                0x00000504                __DMACTL2 = 0x504
                0x00000506                __DMACTL3_L = 0x506
                0x00000507                __DMACTL3_H = 0x507
                0x00000506                __DMACTL3 = 0x506
                0x00000508                __DMACTL4_L = 0x508
                0x00000509                __DMACTL4_H = 0x509
                0x00000508                __DMACTL4 = 0x508
                0x0000050e                __DMAIV_L = 0x50e
                0x0000050f                __DMAIV_H = 0x50f
                0x0000050e                __DMAIV = 0x50e
                0x00000510                __DMA0CTL_L = 0x510
                0x00000511                __DMA0CTL_H = 0x511
                0x00000510                __DMA0CTL = 0x510
                0x00000512                __DMA0SA = 0x512
                0x00000516                __DMA0DA = 0x516
                0x0000051a                __DMA0SZ = 0x51a
                0x00000520                __DMA1CTL_L = 0x520
                0x00000521                __DMA1CTL_H = 0x521
                0x00000520                __DMA1CTL = 0x520
                0x00000522                __DMA1SA = 0x522
                0x00000526                __DMA1DA = 0x526
                0x0000052a                __DMA1SZ = 0x52a
                0x00000530                __DMA2CTL_L = 0x530
                0x00000531                __DMA2CTL_H = 0x531
                0x00000530                __DMA2CTL = 0x530
                0x00000532                __DMA2SA = 0x532
                0x00000536                __DMA2DA = 0x536
                0x0000053a                __DMA2SZ = 0x53a
                0x00000140                __FCTL1_L = 0x140
                0x00000141                __FCTL1_H = 0x141
                0x00000140                __FCTL1 = 0x140
                0x00000144                __FCTL3_L = 0x144
                0x00000145                __FCTL3_H = 0x145
                0x00000144                __FCTL3 = 0x144
                0x00000146                __FCTL4_L = 0x146
                0x00000147                __FCTL4_H = 0x147
                0x00000146                __FCTL4 = 0x146
                0x000004c0                __MPY_L = 0x4c0
                0x000004c1                __MPY_H = 0x4c1
                0x000004c0                __MPY = 0x4c0
                0x000004c2                __MPYS_L = 0x4c2
                0x000004c3                __MPYS_H = 0x4c3
                0x000004c2                __MPYS = 0x4c2
                0x000004c4                __MAC_L = 0x4c4
                0x000004c5                __MAC_H = 0x4c5
                0x000004c4                __MAC = 0x4c4
                0x000004c6                __MACS_L = 0x4c6
                0x000004c7                __MACS_H = 0x4c7
                0x000004c6                __MACS = 0x4c6
                0x000004c8                __OP2_L = 0x4c8
                0x000004c9                __OP2_H = 0x4c9
                0x000004c8                __OP2 = 0x4c8
                0x000004ca                __RESLO_L = 0x4ca
                0x000004cb                __RESLO_H = 0x4cb
                0x000004ca                __RESLO = 0x4ca
                0x000004cc                __RESHI_L = 0x4cc
                0x000004cd                __RESHI_H = 0x4cd
                0x000004cc                __RESHI = 0x4cc
                0x000004ce                __SUMEXT_L = 0x4ce
                0x000004cf                __SUMEXT_H = 0x4cf
                0x000004ce                __SUMEXT = 0x4ce
                0x000004d0                __MPY32L_L = 0x4d0
                0x000004d1                __MPY32L_H = 0x4d1
                0x000004d0                __MPY32L = 0x4d0
                0x000004d2                __MPY32H_L = 0x4d2
                0x000004d3                __MPY32H_H = 0x4d3
                0x000004d2                __MPY32H = 0x4d2
                0x000004d4                __MPYS32L_L = 0x4d4
                0x000004d5                __MPYS32L_H = 0x4d5
                0x000004d4                __MPYS32L = 0x4d4
                0x000004d6                __MPYS32H_L = 0x4d6
                0x000004d7                __MPYS32H_H = 0x4d7
                0x000004d6                __MPYS32H = 0x4d6
                0x000004d8                __MAC32L_L = 0x4d8
                0x000004d9                __MAC32L_H = 0x4d9
                0x000004d8                __MAC32L = 0x4d8
                0x000004da                __MAC32H_L = 0x4da
                0x000004db                __MAC32H_H = 0x4db
                0x000004da                __MAC32H = 0x4da
                0x000004dc                __MACS32L_L = 0x4dc
                0x000004dd                __MACS32L_H = 0x4dd
                0x000004dc                __MACS32L = 0x4dc
                0x000004de                __MACS32H_L = 0x4de
                0x000004df                __MACS32H_H = 0x4df
                0x000004de                __MACS32H = 0x4de
                0x000004e0                __OP2L_L = 0x4e0
                0x000004e1                __OP2L_H = 0x4e1
                0x000004e0                __OP2L = 0x4e0
                0x000004e2                __OP2H_L = 0x4e2
                0x000004e3                __OP2H_H = 0x4e3
                0x000004e2                __OP2H = 0x4e2
                0x000004e4                __RES0_L = 0x4e4
                0x000004e5                __RES0_H = 0x4e5
                0x000004e4                __RES0 = 0x4e4
                0x000004e6                __RES1_L = 0x4e6
                0x000004e7                __RES1_H = 0x4e7
                0x000004e6                __RES1 = 0x4e6
                0x000004e8                __RES2_L = 0x4e8
                0x000004e9                __RES2_H = 0x4e9
                0x000004e8                __RES2 = 0x4e8
                0x000004ea                __RES3_L = 0x4ea
                0x000004eb                __RES3_H = 0x4eb
                0x000004ea                __RES3 = 0x4ea
                0x000004ec                __MPY32CTL0_L = 0x4ec
                0x000004ed                __MPY32CTL0_H = 0x4ed
                0x000004ec                __MPY32CTL0 = 0x4ec
                0x00000200                __PAIN_L = 0x200
                0x00000201                __PAIN_H = 0x201
                0x00000200                __PAIN = 0x200
                0x00000202                __PAOUT_L = 0x202
                0x00000203                __PAOUT_H = 0x203
                0x00000202                __PAOUT = 0x202
                0x00000204                __PADIR_L = 0x204
                0x00000205                __PADIR_H = 0x205
                0x00000204                __PADIR = 0x204
                0x00000206                __PAREN_L = 0x206
                0x00000207                __PAREN_H = 0x207
                0x00000206                __PAREN = 0x206
                0x00000208                __PADS_L = 0x208
                0x00000209                __PADS_H = 0x209
                0x00000208                __PADS = 0x208
                0x0000020a                __PASEL_L = 0x20a
                0x0000020b                __PASEL_H = 0x20b
                0x0000020a                __PASEL = 0x20a
                0x00000218                __PAIES_L = 0x218
                0x00000219                __PAIES_H = 0x219
                0x00000218                __PAIES = 0x218
                0x0000021a                __PAIE_L = 0x21a
                0x0000021b                __PAIE_H = 0x21b
                0x0000021a                __PAIE = 0x21a
                0x0000021c                __PAIFG_L = 0x21c
                0x0000021d                __PAIFG_H = 0x21d
                0x0000021c                __PAIFG = 0x21c
                0x0000020e                __P1IV = 0x20e
                0x0000021e                __P2IV = 0x21e
                0x00000220                __PBIN_L = 0x220
                0x00000221                __PBIN_H = 0x221
                0x00000220                __PBIN = 0x220
                0x00000222                __PBOUT_L = 0x222
                0x00000223                __PBOUT_H = 0x223
                0x00000222                __PBOUT = 0x222
                0x00000224                __PBDIR_L = 0x224
                0x00000225                __PBDIR_H = 0x225
                0x00000224                __PBDIR = 0x224
                0x00000226                __PBREN_L = 0x226
                0x00000227                __PBREN_H = 0x227
                0x00000226                __PBREN = 0x226
                0x00000228                __PBDS_L = 0x228
                0x00000229                __PBDS_H = 0x229
                0x00000228                __PBDS = 0x228
                0x0000022a                __PBSEL_L = 0x22a
                0x0000022b                __PBSEL_H = 0x22b
                0x0000022a                __PBSEL = 0x22a
                0x00000240                __PCIN_L = 0x240
                0x00000241                __PCIN_H = 0x241
                0x00000240                __PCIN = 0x240
                0x00000242                __PCOUT_L = 0x242
                0x00000243                __PCOUT_H = 0x243
                0x00000242                __PCOUT = 0x242
                0x00000244                __PCDIR_L = 0x244
                0x00000245                __PCDIR_H = 0x245
                0x00000244                __PCDIR = 0x244
                0x00000246                __PCREN_L = 0x246
                0x00000247                __PCREN_H = 0x247
                0x00000246                __PCREN = 0x246
                0x00000248                __PCDS_L = 0x248
                0x00000249                __PCDS_H = 0x249
                0x00000248                __PCDS = 0x248
                0x0000024a                __PCSEL_L = 0x24a
                0x0000024b                __PCSEL_H = 0x24b
                0x0000024a                __PCSEL = 0x24a
                0x00000260                __PDIN_L = 0x260
                0x00000261                __PDIN_H = 0x261
                0x00000260                __PDIN = 0x260
                0x00000262                __PDOUT_L = 0x262
                0x00000263                __PDOUT_H = 0x263
                0x00000262                __PDOUT = 0x262
                0x00000264                __PDDIR_L = 0x264
                0x00000265                __PDDIR_H = 0x265
                0x00000264                __PDDIR = 0x264
                0x00000266                __PDREN_L = 0x266
                0x00000267                __PDREN_H = 0x267
                0x00000266                __PDREN = 0x266
                0x00000268                __PDDS_L = 0x268
                0x00000269                __PDDS_H = 0x269
                0x00000268                __PDDS = 0x268
                0x0000026a                __PDSEL_L = 0x26a
                0x0000026b                __PDSEL_H = 0x26b
                0x0000026a                __PDSEL = 0x26a
                0x00000280                __PEIN_L = 0x280
                0x00000281                __PEIN_H = 0x281
                0x00000280                __PEIN = 0x280
                0x00000282                __PEOUT_L = 0x282
                0x00000283                __PEOUT_H = 0x283
                0x00000282                __PEOUT = 0x282
                0x00000284                __PEDIR_L = 0x284
                0x00000285                __PEDIR_H = 0x285
                0x00000284                __PEDIR = 0x284
                0x00000286                __PEREN_L = 0x286
                0x00000287                __PEREN_H = 0x287
                0x00000286                __PEREN = 0x286
                0x00000288                __PEDS_L = 0x288
                0x00000289                __PEDS_H = 0x289
                0x00000288                __PEDS = 0x288
                0x0000028a                __PESEL_L = 0x28a
                0x0000028b                __PESEL_H = 0x28b
                0x0000028a                __PESEL = 0x28a
                0x000002a0                __PFIN_L = 0x2a0
                0x000002a1                __PFIN_H = 0x2a1
                0x000002a0                __PFIN = 0x2a0
                0x000002a2                __PFOUT_L = 0x2a2
                0x000002a3                __PFOUT_H = 0x2a3
                0x000002a2                __PFOUT = 0x2a2
                0x000002a4                __PFDIR_L = 0x2a4
                0x000002a5                __PFDIR_H = 0x2a5
                0x000002a4                __PFDIR = 0x2a4
                0x000002a6                __PFREN_L = 0x2a6
                0x000002a7                __PFREN_H = 0x2a7
                0x000002a6                __PFREN = 0x2a6
                0x000002a8                __PFDS_L = 0x2a8
                0x000002a9                __PFDS_H = 0x2a9
                0x000002a8                __PFDS = 0x2a8
                0x000002aa                __PFSEL_L = 0x2aa
                0x000002ab                __PFSEL_H = 0x2ab
                0x000002aa                __PFSEL = 0x2aa
                0x00000320                __PJIN_L = 0x320
                0x00000321                __PJIN_H = 0x321
                0x00000320                __PJIN = 0x320
                0x00000322                __PJOUT_L = 0x322
                0x00000323                __PJOUT_H = 0x323
                0x00000322                __PJOUT = 0x322
                0x00000324                __PJDIR_L = 0x324
                0x00000325                __PJDIR_H = 0x325
                0x00000324                __PJDIR = 0x324
                0x00000326                __PJREN_L = 0x326
                0x00000327                __PJREN_H = 0x327
                0x00000326                __PJREN = 0x326
                0x00000328                __PJDS_L = 0x328
                0x00000329                __PJDS_H = 0x329
                0x00000328                __PJDS = 0x328
                0x00000120                __PMMCTL0_L = 0x120
                0x00000121                __PMMCTL0_H = 0x121
                0x00000120                __PMMCTL0 = 0x120
                0x00000122                __PMMCTL1_L = 0x122
                0x00000123                __PMMCTL1_H = 0x123
                0x00000122                __PMMCTL1 = 0x122
                0x00000124                __SVSMHCTL_L = 0x124
                0x00000125                __SVSMHCTL_H = 0x125
                0x00000124                __SVSMHCTL = 0x124
                0x00000126                __SVSMLCTL_L = 0x126
                0x00000127                __SVSMLCTL_H = 0x127
                0x00000126                __SVSMLCTL = 0x126
                0x00000128                __SVSMIO_L = 0x128
                0x00000129                __SVSMIO_H = 0x129
                0x00000128                __SVSMIO = 0x128
                0x0000012c                __PMMIFG_L = 0x12c
                0x0000012d                __PMMIFG_H = 0x12d
                0x0000012c                __PMMIFG = 0x12c
                0x0000012e                __PMMRIE_L = 0x12e
                0x0000012f                __PMMRIE_H = 0x12f
                0x0000012e                __PMMRIE = 0x12e
                0x00000158                __RCCTL0_L = 0x158
                0x00000159                __RCCTL0_H = 0x159
                0x00000158                __RCCTL0 = 0x158
                0x000004a0                __RTCCTL01_L = 0x4a0
                0x000004a1                __RTCCTL01_H = 0x4a1
                0x000004a0                __RTCCTL01 = 0x4a0
                0x000004a2                __RTCCTL23_L = 0x4a2
                0x000004a3                __RTCCTL23_H = 0x4a3
                0x000004a2                __RTCCTL23 = 0x4a2
                0x000004a8                __RTCPS0CTL_L = 0x4a8
                0x000004a9                __RTCPS0CTL_H = 0x4a9
                0x000004a8                __RTCPS0CTL = 0x4a8
                0x000004aa                __RTCPS1CTL_L = 0x4aa
                0x000004ab                __RTCPS1CTL_H = 0x4ab
                0x000004aa                __RTCPS1CTL = 0x4aa
                0x000004ac                __RTCPS_L = 0x4ac
                0x000004ad                __RTCPS_H = 0x4ad
                0x000004ac                __RTCPS = 0x4ac
                0x000004ae                __RTCIV = 0x4ae
                0x000004b0                __RTCTIM0_L = 0x4b0
                0x000004b1                __RTCTIM0_H = 0x4b1
                0x000004b0                __RTCTIM0 = 0x4b0
                0x000004b2                __RTCTIM1_L = 0x4b2
                0x000004b3                __RTCTIM1_H = 0x4b3
                0x000004b2                __RTCTIM1 = 0x4b2
                0x000004b4                __RTCDATE_L = 0x4b4
                0x000004b5                __RTCDATE_H = 0x4b5
                0x000004b4                __RTCDATE = 0x4b4
                0x000004b6                __RTCYEAR_L = 0x4b6
                0x000004b7                __RTCYEAR_H = 0x4b7
                0x000004b6                __RTCYEAR = 0x4b6
                0x000004b8                __RTCAMINHR_L = 0x4b8
                0x000004b9                __RTCAMINHR_H = 0x4b9
                0x000004b8                __RTCAMINHR = 0x4b8
                0x000004ba                __RTCADOWDAY_L = 0x4ba
                0x000004bb                __RTCADOWDAY_H = 0x4bb
                0x000004ba                __RTCADOWDAY = 0x4ba
                0x00000100                __SFRIE1_L = 0x100
                0x00000101                __SFRIE1_H = 0x101
                0x00000100                __SFRIE1 = 0x100
                0x00000102                __SFRIFG1_L = 0x102
                0x00000103                __SFRIFG1_H = 0x103
                0x00000102                __SFRIFG1 = 0x102
                0x00000104                __SFRRPCR_L = 0x104
                0x00000105                __SFRRPCR_H = 0x105
                0x00000104                __SFRRPCR = 0x104
                0x00000180                __SYSCTL_L = 0x180
                0x00000181                __SYSCTL_H = 0x181
                0x00000180                __SYSCTL = 0x180
                0x00000182                __SYSBSLC_L = 0x182
                0x00000183                __SYSBSLC_H = 0x183
                0x00000182                __SYSBSLC = 0x182
                0x00000186                __SYSJMBC_L = 0x186
                0x00000187                __SYSJMBC_H = 0x187
                0x00000186                __SYSJMBC = 0x186
                0x00000188                __SYSJMBI0_L = 0x188
                0x00000189                __SYSJMBI0_H = 0x189
                0x00000188                __SYSJMBI0 = 0x188
                0x0000018a                __SYSJMBI1_L = 0x18a
                0x0000018b                __SYSJMBI1_H = 0x18b
                0x0000018a                __SYSJMBI1 = 0x18a
                0x0000018c                __SYSJMBO0_L = 0x18c
                0x0000018d                __SYSJMBO0_H = 0x18d
                0x0000018c                __SYSJMBO0 = 0x18c
                0x0000018e                __SYSJMBO1_L = 0x18e
                0x0000018f                __SYSJMBO1_H = 0x18f
                0x0000018e                __SYSJMBO1 = 0x18e
                0x0000019a                __SYSUNIV_L = 0x19a
                0x0000019b                __SYSUNIV_H = 0x19b
                0x0000019a                __SYSUNIV = 0x19a
                0x0000019c                __SYSSNIV_L = 0x19c
                0x0000019d                __SYSSNIV_H = 0x19d
                0x0000019c                __SYSSNIV = 0x19c
                0x0000019e                __SYSRSTIV_L = 0x19e
                0x0000019f                __SYSRSTIV_H = 0x19f
                0x0000019e                __SYSRSTIV = 0x19e
                0x00000340                __TA0CTL = 0x340
                0x00000342                __TA0CCTL0 = 0x342
                0x00000344                __TA0CCTL1 = 0x344
                0x00000346                __TA0CCTL2 = 0x346
                0x00000348                __TA0CCTL3 = 0x348
                0x0000034a                __TA0CCTL4 = 0x34a
                0x00000350                __TA0R = 0x350
                0x00000352                __TA0CCR0 = 0x352
                0x00000354                __TA0CCR1 = 0x354
                0x00000356                __TA0CCR2 = 0x356
                0x00000358                __TA0CCR3 = 0x358
                0x0000035a                __TA0CCR4 = 0x35a
                0x0000036e                __TA0IV = 0x36e
                0x00000360                __TA0EX0 = 0x360
                0x00000380                __TA1CTL = 0x380
                0x00000382                __TA1CCTL0 = 0x382
                0x00000384                __TA1CCTL1 = 0x384
                0x00000386                __TA1CCTL2 = 0x386
                0x00000390                __TA1R = 0x390
                0x00000392                __TA1CCR0 = 0x392
                0x00000394                __TA1CCR1 = 0x394
                0x00000396                __TA1CCR2 = 0x396
                0x000003ae                __TA1IV = 0x3ae
                0x000003a0                __TA1EX0 = 0x3a0
                0x000003c0                __TB0CTL = 0x3c0
                0x000003c2                __TB0CCTL0 = 0x3c2
                0x000003c4                __TB0CCTL1 = 0x3c4
                0x000003c6                __TB0CCTL2 = 0x3c6
                0x000003c8                __TB0CCTL3 = 0x3c8
                0x000003ca                __TB0CCTL4 = 0x3ca
                0x000003cc                __TB0CCTL5 = 0x3cc
                0x000003ce                __TB0CCTL6 = 0x3ce
                0x000003d0                __TB0R = 0x3d0
                0x000003d2                __TB0CCR0 = 0x3d2
                0x000003d4                __TB0CCR1 = 0x3d4
                0x000003d6                __TB0CCR2 = 0x3d6
                0x000003d8                __TB0CCR3 = 0x3d8
                0x000003da                __TB0CCR4 = 0x3da
                0x000003dc                __TB0CCR5 = 0x3dc
                0x000003de                __TB0CCR6 = 0x3de
                0x000003e0                __TB0EX0 = 0x3e0
                0x000003ee                __TB0IV = 0x3ee
                0x00000160                __UCSCTL0_L = 0x160
                0x00000161                __UCSCTL0_H = 0x161
                0x00000160                __UCSCTL0 = 0x160
                0x00000162                __UCSCTL1_L = 0x162
                0x00000163                __UCSCTL1_H = 0x163
                0x00000162                __UCSCTL1 = 0x162
                0x00000164                __UCSCTL2_L = 0x164
                0x00000165                __UCSCTL2_H = 0x165
                0x00000164                __UCSCTL2 = 0x164
                0x00000166                __UCSCTL3_L = 0x166
                0x00000167                __UCSCTL3_H = 0x167
                0x00000166                __UCSCTL3 = 0x166
                0x00000168                __UCSCTL4_L = 0x168
                0x00000169                __UCSCTL4_H = 0x169
                0x00000168                __UCSCTL4 = 0x168
                0x0000016a                __UCSCTL5_L = 0x16a
                0x0000016b                __UCSCTL5_H = 0x16b
                0x0000016a                __UCSCTL5 = 0x16a
                0x0000016c                __UCSCTL6_L = 0x16c
                0x0000016d                __UCSCTL6_H = 0x16d
                0x0000016c                __UCSCTL6 = 0x16c
                0x0000016e                __UCSCTL7_L = 0x16e
                0x0000016f                __UCSCTL7_H = 0x16f
                0x0000016e                __UCSCTL7 = 0x16e
                0x00000170                __UCSCTL8_L = 0x170
                0x00000171                __UCSCTL8_H = 0x171
                0x00000170                __UCSCTL8 = 0x170
                0x000005c0                __UCA0CTLW0_L = 0x5c0
                0x000005c1                __UCA0CTLW0_H = 0x5c1
                0x000005c0                __UCA0CTLW0 = 0x5c0
                0x000005c6                __UCA0BRW_L = 0x5c6
                0x000005c7                __UCA0BRW_H = 0x5c7
                0x000005c6                __UCA0BRW = 0x5c6
                0x000005c8                __UCA0MCTL = 0x5c8
                0x000005ca                __UCA0STAT = 0x5ca
                0x000005cc                __UCA0RXBUF = 0x5cc
                0x000005ce                __UCA0TXBUF = 0x5ce
                0x000005d0                __UCA0ABCTL = 0x5d0
                0x000005d2                __UCA0IRCTL_L = 0x5d2
                0x000005d3                __UCA0IRCTL_H = 0x5d3
                0x000005d2                __UCA0IRCTL = 0x5d2
                0x000005dc                __UCA0ICTL_L = 0x5dc
                0x000005dd                __UCA0ICTL_H = 0x5dd
                0x000005dc                __UCA0ICTL = 0x5dc
                0x000005de                __UCA0IV = 0x5de
                0x000005e0                __UCB0CTLW0_L = 0x5e0
                0x000005e1                __UCB0CTLW0_H = 0x5e1
                0x000005e0                __UCB0CTLW0 = 0x5e0
                0x000005e6                __UCB0BRW_L = 0x5e6
                0x000005e7                __UCB0BRW_H = 0x5e7
                0x000005e6                __UCB0BRW = 0x5e6
                0x000005ea                __UCB0STAT = 0x5ea
                0x000005ec                __UCB0RXBUF = 0x5ec
                0x000005ee                __UCB0TXBUF = 0x5ee
                0x000005f0                __UCB0I2COA_L = 0x5f0
                0x000005f1                __UCB0I2COA_H = 0x5f1
                0x000005f0                __UCB0I2COA = 0x5f0
                0x000005f2                __UCB0I2CSA_L = 0x5f2
                0x000005f3                __UCB0I2CSA_H = 0x5f3
                0x000005f2                __UCB0I2CSA = 0x5f2
                0x000005fc                __UCB0ICTL_L = 0x5fc
                0x000005fd                __UCB0ICTL_H = 0x5fd
                0x000005fc                __UCB0ICTL = 0x5fc
                0x000005fe                __UCB0IV = 0x5fe
                0x00000600                __UCA1CTLW0_L = 0x600
                0x00000601                __UCA1CTLW0_H = 0x601
                0x00000600                __UCA1CTLW0 = 0x600
                0x00000606                __UCA1BRW_L = 0x606
                0x00000607                __UCA1BRW_H = 0x607
                0x00000606                __UCA1BRW = 0x606
                0x00000608                __UCA1MCTL = 0x608
                0x0000060a                __UCA1STAT = 0x60a
                0x0000060c                __UCA1RXBUF = 0x60c
                0x0000060e                __UCA1TXBUF = 0x60e
                0x00000610                __UCA1ABCTL = 0x610
                0x00000612                __UCA1IRCTL_L = 0x612
                0x00000613                __UCA1IRCTL_H = 0x613
                0x00000612                __UCA1IRCTL = 0x612
                0x0000061c                __UCA1ICTL_L = 0x61c
                0x0000061d                __UCA1ICTL_H = 0x61d
                0x0000061c                __UCA1ICTL = 0x61c
                0x0000061e                __UCA1IV = 0x61e
                0x00000620                __UCB1CTLW0_L = 0x620
                0x00000621                __UCB1CTLW0_H = 0x621
                0x00000620                __UCB1CTLW0 = 0x620
                0x00000626                __UCB1BRW_L = 0x626
                0x00000627                __UCB1BRW_H = 0x627
                0x00000626                __UCB1BRW = 0x626
                0x0000062a                __UCB1STAT = 0x62a
                0x0000062c                __UCB1RXBUF = 0x62c
                0x0000062e                __UCB1TXBUF = 0x62e
                0x00000630                __UCB1I2COA_L = 0x630
                0x00000631                __UCB1I2COA_H = 0x631
                0x00000630                __UCB1I2COA = 0x630
                0x00000632                __UCB1I2CSA_L = 0x632
                0x00000633                __UCB1I2CSA_H = 0x633
                0x00000632                __UCB1I2CSA = 0x632
                0x0000063c                __UCB1ICTL_L = 0x63c
                0x0000063d                __UCB1ICTL_H = 0x63d
                0x0000063c                __UCB1ICTL = 0x63c
                0x0000063e                __UCB1IV = 0x63e
                0x00000640                __UCA2CTLW0_L = 0x640
                0x00000641                __UCA2CTLW0_H = 0x641
                0x00000640                __UCA2CTLW0 = 0x640
                0x00000646                __UCA2BRW_L = 0x646
                0x00000647                __UCA2BRW_H = 0x647
                0x00000646                __UCA2BRW = 0x646
                0x00000648                __UCA2MCTL = 0x648
                0x0000064a                __UCA2STAT = 0x64a
                0x0000064c                __UCA2RXBUF = 0x64c
                0x0000064e                __UCA2TXBUF = 0x64e
                0x00000650                __UCA2ABCTL = 0x650
                0x00000652                __UCA2IRCTL_L = 0x652
                0x00000653                __UCA2IRCTL_H = 0x653
                0x00000652                __UCA2IRCTL = 0x652
                0x0000065c                __UCA2ICTL_L = 0x65c
                0x0000065d                __UCA2ICTL_H = 0x65d
                0x0000065c                __UCA2ICTL = 0x65c
                0x0000065e                __UCA2IV = 0x65e
                0x00000660                __UCB2CTLW0_L = 0x660
                0x00000661                __UCB2CTLW0_H = 0x661
                0x00000660                __UCB2CTLW0 = 0x660
                0x00000666                __UCB2BRW_L = 0x666
                0x00000667                __UCB2BRW_H = 0x667
                0x00000666                __UCB2BRW = 0x666
                0x0000066a                __UCB2STAT = 0x66a
                0x0000066c                __UCB2RXBUF = 0x66c
                0x0000066e                __UCB2TXBUF = 0x66e
                0x00000670                __UCB2I2COA_L = 0x670
                0x00000671                __UCB2I2COA_H = 0x671
                0x00000670                __UCB2I2COA = 0x670
                0x00000672                __UCB2I2CSA_L = 0x672
                0x00000673                __UCB2I2CSA_H = 0x673
                0x00000672                __UCB2I2CSA = 0x672
                0x0000067c                __UCB2ICTL_L = 0x67c
                0x0000067d                __UCB2ICTL_H = 0x67d
                0x0000067c                __UCB2ICTL = 0x67c
                0x0000067e                __UCB2IV = 0x67e
                0x00000680                __UCA3CTLW0_L = 0x680
                0x00000681                __UCA3CTLW0_H = 0x681
                0x00000680                __UCA3CTLW0 = 0x680
                0x00000686                __UCA3BRW_L = 0x686
                0x00000687                __UCA3BRW_H = 0x687
                0x00000686                __UCA3BRW = 0x686
                0x00000688                __UCA3MCTL = 0x688
                0x0000068a                __UCA3STAT = 0x68a
                0x0000068c                __UCA3RXBUF = 0x68c
                0x0000068e                __UCA3TXBUF = 0x68e
                0x00000690                __UCA3ABCTL = 0x690
                0x00000692                __UCA3IRCTL_L = 0x692
                0x00000693                __UCA3IRCTL_H = 0x693
                0x00000692                __UCA3IRCTL = 0x692
                0x0000069c                __UCA3ICTL_L = 0x69c
                0x0000069d                __UCA3ICTL_H = 0x69d
                0x0000069c                __UCA3ICTL = 0x69c
                0x0000069e                __UCA3IV = 0x69e
                0x000006a0                __UCB3CTLW0_L = 0x6a0
                0x000006a1                __UCB3CTLW0_H = 0x6a1
                0x000006a0                __UCB3CTLW0 = 0x6a0
                0x000006a6                __UCB3BRW_L = 0x6a6
                0x000006a7                __UCB3BRW_H = 0x6a7
                0x000006a6                __UCB3BRW = 0x6a6
                0x000006aa                __UCB3STAT = 0x6aa
                0x000006ac                __UCB3RXBUF = 0x6ac
                0x000006ae                __UCB3TXBUF = 0x6ae
                0x000006b0                __UCB3I2COA_L = 0x6b0
                0x000006b1                __UCB3I2COA_H = 0x6b1
                0x000006b0                __UCB3I2COA = 0x6b0
                0x000006b2                __UCB3I2CSA_L = 0x6b2
                0x000006b3                __UCB3I2CSA_H = 0x6b3
                0x000006b2                __UCB3I2CSA = 0x6b2
                0x000006bc                __UCB3ICTL_L = 0x6bc
                0x000006bd                __UCB3ICTL_H = 0x6bd
                0x000006bc                __UCB3ICTL = 0x6bc
                0x000006be                __UCB3IV = 0x6be
                0x0000015c                __WDTCTL_L = 0x15c
                0x0000015d                __WDTCTL_H = 0x15d
                0x0000015c                __WDTCTL = 0x15c

.hash
 *(.hash)

.dynsym
 *(.dynsym)

.dynstr
 *(.dynstr)

.gnu.version
 *(.gnu.version)

.gnu.version_d
 *(.gnu.version_d)

.gnu.version_r
 *(.gnu.version_r)

.rel.init
 *(.rel.init)

.rela.init
 *(.rela.init)

.rel.fini
 *(.rel.fini)

.rela.fini
 *(.rela.fini)

.rel.text
 *(.rel.text .rel.text.* .rel.gnu.linkonce.t.*)

.rela.text
 *(.rela.text .rela.text.* .rela.gnu.linkonce.t.*)

.rel.rodata
 *(.rel.rodata .rel.rodata.* .rel.gnu.linkonce.r.*)

.rela.rodata
 *(.rela.rodata .rela.rodata.* .rela.gnu.linkonce.r.*)

.rel.data
 *(.rel.data .rel.data.* .rel.gnu.linkonce.d.*)

.rela.data
 *(.rela.data .rela.data.* .rela.gnu.linkonce.d.*)

.rel.bss
 *(.rel.bss .rel.bss.* .rel.gnu.linkonce.b.*)

.rela.bss
 *(.rela.bss .rela.bss.* .rela.gnu.linkonce.b.*)

.rel.ctors
 *(.rel.ctors)

.rela.ctors
 *(.rela.ctors)

.rel.dtors
 *(.rel.dtors)

.rela.dtors
 *(.rela.dtors)

.rel.got
 *(.rel.got)

.rela.got
 *(.rela.got)

.rel.plt
 *(.rel.plt)

.rela.plt
 *(.rela.plt)

.text           0x00005c00     0x9478
                0x00005c00                . = ALIGN (0x2)
 *(.init .init.*)
 *(.init0)
 .init0         0x00005c00        0x0 /usr/local/msp430/bin/../lib/gcc/msp430/4.7.0/mcpu-430x/mmpy-16/msr20/mc20/libcrt0.a(_reset_vector__.o)
                0x00005c00                _reset_vector__
 *(.init1)
 .init1         0x00005c00        0xc /usr/local/msp430/bin/../lib/gcc/msp430/4.7.0/mcpu-430x/mmpy-16/msr20/mc20/libcrt0.a(__watchdog_support.o)
                0x00005c00                __watchdog_support
 *(.init2)
 .init2         0x00005c0c        0x4 /usr/local/msp430/bin/../lib/gcc/msp430/4.7.0/mcpu-430x/mmpy-16/msr20/mc20/libcrt0.a(__init_stack.o)
                0x00005c0c                __init_stack
 *(.init3)
 .init3         0x00005c10        0x0 /usr/local/msp430/bin/../lib/gcc/msp430/4.7.0/mcpu-430x/mmpy-16/msr20/mc20/libcrt0.a(__low_level_init.o)
                0x00005c10                __low_level_init
 *(.init4)
 .init4         0x00005c10       0x18 /usr/local/msp430/bin/../lib/gcc/msp430/4.7.0/mcpu-430x/mmpy-16/msr20/mc20/libcrt0.a(_copy_data.o)
                0x00005c10                __do_copy_data
 .init4         0x00005c28       0x16 /usr/local/msp430/bin/../lib/gcc/msp430/4.7.0/mcpu-430x/mmpy-16/msr20/mc20/libcrt0.a(_clear_bss.o)
                0x00005c28                __do_clear_bss
 *(.init5)
 *(.init6)
 *(.init7)
 *(.init8)
 *(.init9)
 .init9         0x00005c3e      0x34a obj_exp5438/contiki-exp5438-main.o
                0x00005c3e                main
 *(.fini9)
 .fini9         0x00005f88        0x0 /usr/local/msp430/bin/../lib/gcc/msp430/4.7.0/mcpu-430x/mmpy-16/msr20/mc20/libcrt0.a(__stop_progExec__.o)
                0x00005f88                __stop_progExec__
 *(.fini8)
 *(.fini7)
 *(.fini6)
 *(.fini5)
 *(.fini4)
 *(.fini3)
 *(.fini2)
 *(.fini1)
 *(.fini0)
 .fini0         0x00005f88        0x6 /usr/local/msp430/bin/../lib/gcc/msp430/4.7.0/mcpu-430x/mmpy-16/msr20/mc20/libcrt0.a(_endless_loop__.o)
                0x00005f88                _endless_loop__
 *(.fini .fini.*)
                0x00005f8e                . = ALIGN (0x2)
                0x00005f8e                __ctors_start = .
 *(.ctors)
                0x00005f8e                __ctors_end = .
                0x00005f8e                __dtors_start = .
 *(.dtors)
                0x00005f8e                __dtors_end = .
                0x00005f8e                . = ALIGN (0x2)
 *(.text .text.* .gnu.linkonce.t.*)
 .text          0x00005f8e        0x4 /usr/local/msp430/bin/../lib/gcc/msp430/4.7.0/mcpu-430x/mmpy-16/msr20/mc20/crt0ivtbl64.o
                0x00005f8e                __isr_37
                0x00005f8e                __isr_51
                0x00005f8e                __isr_57
                0x00005f8e                __isr_33
                0x00005f8e                __isr_32
                0x00005f8e                __isr_54
                0x00005f8e                __isr_42
                0x00005f8e                __isr_59
                0x00005f8e                __isr_39
                0x00005f8e                __isr_53
                0x00005f8e                __isr_41
                0x00005f8e                __isr_60
                0x00005f8e                __isr_36
                0x00005f8e                __isr_34
                0x00005f8e                __isr_44
                0x00005f8e                __isr_61
                0x00005f8e                __isr_55
                0x00005f8e                __isr_43
                0x00005f8e                __isr_50
                0x00005f8e                __isr_56
                0x00005f8e                __isr_38
                0x00005f8e                __isr_35
                0x00005f8e                __isr_45
                0x00005f8e                __isr_62
                0x00005f8e                __isr_40
 .text.libgcc   0x00005f92       0x22 /usr/local/msp430/bin/../lib/gcc/msp430/4.7.0/mcpu-430x/mmpy-16/msr20/mc20/libgcc.a(_udivmod16.o)
                0x00005f92                __udivhi3
                0x00005f92                __ext_udivmod16
                0x00005fac                __umodhi3
 .text.libgcc   0x00005fb4       0x3a /usr/local/msp430/bin/../lib/gcc/msp430/4.7.0/mcpu-430x/mmpy-16/msr20/mc20/libgcc.a(_divmod16.o)
                0x00005fb4                __ext_divmod16
                0x00005fb4                __divhi3
                0x00005fe6                __modhi3
 .text.libgcc   0x00005fee       0x38 /usr/local/msp430/bin/../lib/gcc/msp430/4.7.0/mcpu-430x/mmpy-16/msr20/mc20/libgcc.a(_udivmod32.o)
                0x00005fee                __udivsi3
                0x00005fee                __ext_udivmod32
                0x0000601c                __umodsi3
 .text.printf   0x00006026       0x10 /usr/local/msp430/bin/../lib/gcc/msp430/4.7.0/../../../../msp430/lib/mcpu-430x/mmpy-16/msr20/mc20/libc.a(printf.o)
                0x00006026                printf
 .text.print_field
                0x00006036      0x176 /usr/local/msp430/bin/../lib/gcc/msp430/4.7.0/../../../../msp430/lib/mcpu-430x/mmpy-16/msr20/mc20/libc.a(vuprintf.o)
 .text.vuprintf
                0x000061ac      0x74c /usr/local/msp430/bin/../lib/gcc/msp430/4.7.0/../../../../msp430/lib/mcpu-430x/mmpy-16/msr20/mc20/libc.a(vuprintf.o)
                0x000061ac                vuprintf
 .text.puts     0x000068f8       0x2c /usr/local/msp430/bin/../lib/gcc/msp430/4.7.0/../../../../msp430/lib/mcpu-430x/mmpy-16/msr20/mc20/libc.a(puts.o)
                0x000068f8                puts
 .text.rand     0x00006924       0x26 /usr/local/msp430/bin/../lib/gcc/msp430/4.7.0/../../../../msp430/lib/mcpu-430x/mmpy-16/msr20/mc20/libc.a(rand.o)
                0x00006924                rand
 .text.memcmp   0x0000694a       0x2c /usr/local/msp430/bin/../lib/gcc/msp430/4.7.0/../../../../msp430/lib/mcpu-430x/mmpy-16/msr20/mc20/libc.a(memcmp.o)
                0x0000694a                memcmp
 .text.memcpy   0x00006976       0xe8 /usr/local/msp430/bin/../lib/gcc/msp430/4.7.0/../../../../msp430/lib/mcpu-430x/mmpy-16/msr20/mc20/libc.a(memcpy.o)
                0x00006976                memcpy
 .text.memmove  0x00006a5e       0xe8 /usr/local/msp430/bin/../lib/gcc/msp430/4.7.0/../../../../msp430/lib/mcpu-430x/mmpy-16/msr20/mc20/libc.a(memmove.o)
                0x00006a5e                memmove
 .text.libgcc   0x00006b46       0x26 /usr/local/msp430/bin/../lib/gcc/msp430/4.7.0/mcpu-430x/mmpy-16/msr20/mc20/libgcc.a(_mulsi3.o)
                0x00006b46                __mulsi3
 .text.libgcc   0x00006b6c       0xbc /usr/local/msp430/bin/../lib/gcc/msp430/4.7.0/mcpu-430x/mmpy-16/msr20/mc20/libgcc.a(_udivmod64.o)
                0x00006b6c                __xabi_udivmod64
                0x00006bbe                __udivdi3
                0x00006bd8                __umoddi3
                0x00006bfa                __udivmoddi4
 .text.crt0     0x00006c28        0x2 /usr/local/msp430/bin/../lib/gcc/msp430/4.7.0/mcpu-430x/mmpy-16/msr20/mc20/libcrt0.a(_unexpected_.o)
                0x00006c28                _unexpected_
 *(.near.text .near.text.*)
 .near.text.watchdog_interrupt
                0x00006c2a        0x6 contiki-exp5438.a(watchdog.o)
                0x00006c2a                watchdog_interrupt
                0x00006c2a                __isr_58
 .near.text.timera0
                0x00006c30       0x5c contiki-exp5438.a(rtimer-arch.o)
                0x00006c30                __isr_49
                0x00006c30                timera0
 .near.text.uart1_rx_interrupt
                0x00006c8c       0x74 contiki-exp5438.a(uart1x.o)
                0x00006c8c                __isr_46
                0x00006c8c                uart1_rx_interrupt
 .near.text.uart2_rx_interrupt
                0x00006d00       0x76 contiki-exp5438.a(uart2x.o)
                0x00006d00                uart2_rx_interrupt
                0x00006d00                __isr_52
 .near.text.cc1200_port1_interrupt
                0x00006d76       0x64 contiki-exp5438.a(cc1200-5438-arc)
                0x00006d76                __isr_47
                0x00006d76                cc1200_port1_interrupt
 .near.text.timera1
                0x00006dda       0xfc contiki-exp5438.a(clock.o)
                0x00006dda                __isr_48
                0x00006dda                timera1
 .any.text.process_thread_hello_world_process
                0x00006ed6       0x52 hello-world.co
 .any.text.w_memcpy
                0x00006f28       0x1c contiki-exp5438.a(msp430.o)
                0x00006f28                w_memcpy
 .any.text.w_memset
                0x00006f44       0x12 contiki-exp5438.a(msp430.o)
                0x00006f44                w_memset
 .any.text.msp430_set_dco_speed
                0x00006f56       0x6a contiki-exp5438.a(msp430.o)
                0x00006f56                msp430_set_dco_speed
 .any.text.msp430_quick_synch_dco
                0x00006fc0        0xe contiki-exp5438.a(msp430.o)
                0x00006fc0                msp430_quick_synch_dco
 .any.text.msp430_cpu_init
                0x00006fce       0x96 contiki-exp5438.a(msp430.o)
                0x00006fce                msp430_cpu_init
 .any.text.splhigh_
                0x00007064        0x8 contiki-exp5438.a(msp430.o)
                0x00007064                splhigh_
 .any.text.show_leds
                0x0000706c       0xe8 contiki-exp5438.a(leds.o)
 .any.text.leds_init
                0x00007154        0xa contiki-exp5438.a(leds.o)
                0x00007154                leds_init
 .any.text.leds_on
                0x0000715e        0xa contiki-exp5438.a(leds.o)
                0x0000715e                leds_on
 .any.text.leds_off
                0x00007168        0xe contiki-exp5438.a(leds.o)
                0x00007168                leds_off
 .any.text.watchdog_start
                0x00007176       0x14 contiki-exp5438.a(watchdog.o)
                0x00007176                watchdog_start
 .any.text.watchdog_periodic
                0x0000718a       0x12 contiki-exp5438.a(watchdog.o)
                0x0000718a                watchdog_periodic
 .any.text.watchdog_stop
                0x0000719c       0x16 contiki-exp5438.a(watchdog.o)
                0x0000719c                watchdog_stop
 .any.text.watchdog_init
                0x000071b2       0x12 contiki-exp5438.a(watchdog.o)
                0x000071b2                watchdog_init
 .any.text.rtimer_arch_init
                0x000071c4        0xe contiki-exp5438.a(rtimer-arch.o)
                0x000071c4                rtimer_arch_init
 .any.text.rtimer_arch_now
                0x000071d2        0xe contiki-exp5438.a(rtimer-arch.o)
                0x000071d2                rtimer_arch_now
 .any.text.rtimer_arch_schedule
                0x000071e0        0x6 contiki-exp5438.a(rtimer-arch.o)
                0x000071e0                rtimer_arch_schedule
 .any.text.leds_arch_init
                0x000071e6        0xa contiki-exp5438.a(leds-arch.o)
                0x000071e6                leds_arch_init
 .any.text.leds_arch_set
                0x000071f0       0x2a contiki-exp5438.a(leds-arch.o)
                0x000071f0                leds_arch_set
 .any.text.uart1_active
                0x0000721a        0xe contiki-exp5438.a(uart1x.o)
                0x0000721a                uart1_active
 .any.text.uart1_set_input
                0x00007228        0x6 contiki-exp5438.a(uart1x.o)
                0x00007228                uart1_set_input
 .any.text.uart1_writeb
                0x0000722e       0x16 contiki-exp5438.a(uart1x.o)
                0x0000722e                uart1_writeb
 .any.text.uart1_init
                0x00007244       0x48 contiki-exp5438.a(uart1x.o)
                0x00007244                uart1_init
 .any.text.uart2_active
                0x0000728c        0xe contiki-exp5438.a(uart2x.o)
                0x0000728c                uart2_active
 .any.text.uart2_set_input
                0x0000729a        0x6 contiki-exp5438.a(uart2x.o)
                0x0000729a                uart2_set_input
 .any.text.uart2_init
                0x000072a0       0x48 contiki-exp5438.a(uart2x.o)
                0x000072a0                uart2_init
 .any.text.lcd_init
                0x000072e8        0x2 contiki-exp5438.a(lcd.o)
                0x000072e8                lcd_init
 .any.text.lcd_write_char
                0x000072ea        0x2 contiki-exp5438.a(lcd.o)
                0x000072ea                lcd_write_char
 .any.text.lcd_draw_vertical_line
                0x000072ec        0x2 contiki-exp5438.a(lcd.o)
                0x000072ec                lcd_draw_vertical_line
 .any.text.lcd_scroll_x
                0x000072ee        0x2 contiki-exp5438.a(lcd.o)
                0x000072ee                lcd_scroll_x
 .any.text.process_thread_duty_cycle_scroller_process
                0x000072f0      0x138 contiki-exp5438.a(duty-cycle-scro)
 .any.text.duty_cycle_scroller_start
                0x00007428       0x14 contiki-exp5438.a(duty-cycle-scro)
                0x00007428                duty_cycle_scroller_start
 .any.text.pending_packet
                0x0000743c        0xe contiki-exp5438.a(cc1200.o)
 .any.text.get_value
                0x0000744a       0x7e contiki-exp5438.a(cc1200.o)
 .any.text.get_object
                0x000074c8        0x4 contiki-exp5438.a(cc1200.o)
 .any.text.set_object
                0x000074cc        0x4 contiki-exp5438.a(cc1200.o)
 .any.text.strobe
                0x000074d0       0x20 contiki-exp5438.a(cc1200.o)
 .any.text.state
                0x000074f0        0xe contiki-exp5438.a(cc1200.o)
 .any.text.idle
                0x000074fe       0xb0 contiki-exp5438.a(cc1200.o)
 .any.text.single_write
                0x000075ae       0x30 contiki-exp5438.a(cc1200.o)
 .any.text.single_read
                0x000075de       0x36 contiki-exp5438.a(cc1200.o)
 .any.text.update_txpower
                0x00007614       0x32 contiki-exp5438.a(cc1200.o)
 .any.text.rx_rx
                0x00007646       0x88 contiki-exp5438.a(cc1200.o)
 .any.text.calibrate
                0x000076ce       0x84 contiki-exp5438.a(cc1200.o)
 .any.text.idle_calibrate_rx
                0x00007752       0x54 contiki-exp5438.a(cc1200.o)
 .any.text.off  0x000077a6       0x3a contiki-exp5438.a(cc1200.o)
 .any.text.on   0x000077e0       0x5e contiki-exp5438.a(cc1200.o)
 .any.text.receiving_packet
                0x0000783e       0x28 contiki-exp5438.a(cc1200.o)
 .any.text.set_channel
                0x00007866      0x102 contiki-exp5438.a(cc1200.o)
 .any.text.set_value
                0x00007968       0x80 contiki-exp5438.a(cc1200.o)
 .any.text.channel_clear
                0x000079e8       0x82 contiki-exp5438.a(cc1200.o)
 .any.text.read
                0x00007a6a       0x58 contiki-exp5438.a(cc1200.o)
 .any.text.prepare
                0x00007ac2       0x22 contiki-exp5438.a(cc1200.o)
 .any.text.burst_read.constprop.9
                0x00007ae4       0x22 contiki-exp5438.a(cc1200.o)
 .any.text.burst_write.constprop.11
                0x00007b06       0x24 contiki-exp5438.a(cc1200.o)
 .any.text.idle_tx_rx
                0x00007b2a      0x1f4 contiki-exp5438.a(cc1200.o)
 .any.text.transmit
                0x00007d1e       0xc4 contiki-exp5438.a(cc1200.o)
 .any.text.send
                0x00007de2       0x16 contiki-exp5438.a(cc1200.o)
 .any.text.cc1200_init
                0x00007df8      0x186 contiki-exp5438.a(cc1200.o)
                0x00007df8                cc1200_init
 .any.text.cc1200_rx_interrupt
                0x00007f7e      0x1d4 contiki-exp5438.a(cc1200.o)
                0x00007f7e                cc1200_rx_interrupt
 .any.text.process_thread_cc1200_process
                0x00008152       0x84 contiki-exp5438.a(cc1200.o)
 .any.text.cc1200_arch_spi_select
                0x000081d6        0xc contiki-exp5438.a(cc1200-5438-arc)
                0x000081d6                cc1200_arch_spi_select
 .any.text.cc1200_arch_spi_deselect
                0x000081e2        0x6 contiki-exp5438.a(cc1200-5438-arc)
                0x000081e2                cc1200_arch_spi_deselect
 .any.text.cc1200_arch_spi_rw_byte
                0x000081e8       0x1e contiki-exp5438.a(cc1200-5438-arc)
                0x000081e8                cc1200_arch_spi_rw_byte
 .any.text.cc1200_arch_spi_rw
                0x00008206       0x96 contiki-exp5438.a(cc1200-5438-arc)
                0x00008206                cc1200_arch_spi_rw
 .any.text.cc1200_arch_init
                0x0000829c       0x4e contiki-exp5438.a(cc1200-5438-arc)
                0x0000829c                cc1200_arch_init
 .any.text.cc1200_arch_gpio0_setup_irq
                0x000082ea       0x40 contiki-exp5438.a(cc1200-5438-arc)
                0x000082ea                cc1200_arch_gpio0_setup_irq
 .any.text.cc1200_arch_gpio2_setup_irq
                0x0000832a       0x4a contiki-exp5438.a(cc1200-5438-arc)
                0x0000832a                cc1200_arch_gpio2_setup_irq
 .any.text.cc1200_arch_gpio0_enable_irq
                0x00008374        0xe contiki-exp5438.a(cc1200-5438-arc)
                0x00008374                cc1200_arch_gpio0_enable_irq
 .any.text.cc1200_arch_gpio0_disable_irq
                0x00008382        0x8 contiki-exp5438.a(cc1200-5438-arc)
                0x00008382                cc1200_arch_gpio0_disable_irq
 .any.text.cc1200_arch_gpio2_enable_irq
                0x0000838a        0xa contiki-exp5438.a(cc1200-5438-arc)
                0x0000838a                cc1200_arch_gpio2_enable_irq
 .any.text.cc1200_arch_gpio2_disable_irq
                0x00008394        0x6 contiki-exp5438.a(cc1200-5438-arc)
                0x00008394                cc1200_arch_gpio2_disable_irq
 .any.text.cc1200_arch_gpio0_read_pin
                0x0000839a        0xa contiki-exp5438.a(cc1200-5438-arc)
                0x0000839a                cc1200_arch_gpio0_read_pin
 .any.text.cc1200_arch_gpio2_read_pin
                0x000083a4        0x8 contiki-exp5438.a(cc1200-5438-arc)
                0x000083a4                cc1200_arch_gpio2_read_pin
 .any.text.putchar
                0x000083ac       0x16 contiki-exp5438.a(uart1-putchar.o)
                0x000083ac                putchar
 .any.text.clock_time
                0x000083c2       0x1a contiki-exp5438.a(clock.o)
                0x000083c2                clock_time
 .any.text.clock_init
                0x000083dc       0x28 contiki-exp5438.a(clock.o)
                0x000083dc                clock_init
 .any.text.clock_delay
                0x00008404        0x6 contiki-exp5438.a(clock.o)
                0x00008404                clock_delay
 .any.text.clock_seconds
                0x0000840a       0x1a contiki-exp5438.a(clock.o)
                0x0000840a                clock_seconds
 .any.text.autostart_start
                0x00008424       0x16 contiki-exp5438.a(autostart.o)
                0x00008424                autostart_start
 .any.text.process_thread_ctimer_process
                0x0000843a       0xa0 contiki-exp5438.a(ctimer.o)
 .any.text.ctimer_init
                0x000084da       0x18 contiki-exp5438.a(ctimer.o)
                0x000084da                ctimer_init
 .any.text.ctimer_set
                0x000084f2       0x48 contiki-exp5438.a(ctimer.o)
                0x000084f2                ctimer_set
 .any.text.ctimer_reset
                0x0000853a       0x2c contiki-exp5438.a(ctimer.o)
                0x0000853a                ctimer_reset
 .any.text.ctimer_stop
                0x00008566       0x28 contiki-exp5438.a(ctimer.o)
                0x00008566                ctimer_stop
 .any.text.energest_init
                0x0000858e       0x24 contiki-exp5438.a(energest.o)
                0x0000858e                energest_init
 .any.text.energest_type_time
                0x000085b2       0x3c contiki-exp5438.a(energest.o)
                0x000085b2                energest_type_time
 .any.text.energest_type_set
                0x000085ee        0xc contiki-exp5438.a(energest.o)
                0x000085ee                energest_type_set
 .any.text.energest_flush
                0x000085fa       0x38 contiki-exp5438.a(energest.o)
                0x000085fa                energest_flush
 .any.text.update_time
                0x00008632       0x70 contiki-exp5438.a(etimer.o)
 .any.text.etimer_request_poll
                0x000086a2        0xa contiki-exp5438.a(etimer.o)
                0x000086a2                etimer_request_poll
 .any.text.process_thread_etimer_process
                0x000086ac       0xc4 contiki-exp5438.a(etimer.o)
 .any.text.add_timer
                0x00008770       0x40 contiki-exp5438.a(etimer.o)
 .any.text.etimer_set
                0x000087b0       0x12 contiki-exp5438.a(etimer.o)
                0x000087b0                etimer_set
 .any.text.etimer_reset
                0x000087c2       0x12 contiki-exp5438.a(etimer.o)
                0x000087c2                etimer_reset
 .any.text.etimer_restart
                0x000087d4       0x12 contiki-exp5438.a(etimer.o)
                0x000087d4                etimer_restart
 .any.text.etimer_expired
                0x000087e6        0xe contiki-exp5438.a(etimer.o)
                0x000087e6                etimer_expired
 .any.text.etimer_expiration_time
                0x000087f4       0x14 contiki-exp5438.a(etimer.o)
                0x000087f4                etimer_expiration_time
 .any.text.etimer_pending
                0x00008808        0xc contiki-exp5438.a(etimer.o)
                0x00008808                etimer_pending
 .any.text.etimer_next_expiration_time
                0x00008814       0x16 contiki-exp5438.a(etimer.o)
                0x00008814                etimer_next_expiration_time
 .any.text.etimer_stop
                0x0000882a       0x3e contiki-exp5438.a(etimer.o)
                0x0000882a                etimer_stop
 .any.text.call_process
                0x00008868       0x40 contiki-exp5438.a(process.o)
 .any.text.exit_process
                0x000088a8       0x88 contiki-exp5438.a(process.o)
 .any.text.do_poll
                0x00008930       0x30 contiki-exp5438.a(process.o)
 .any.text.process_alloc_event
                0x00008960        0xe contiki-exp5438.a(process.o)
                0x00008960                process_alloc_event
 .any.text.process_init
                0x0000896e       0x1c contiki-exp5438.a(process.o)
                0x0000896e                process_init
 .any.text.process_run
                0x0000898a       0xa4 contiki-exp5438.a(process.o)
                0x0000898a                process_run
 .any.text.process_nevents
                0x00008a2e        0xe contiki-exp5438.a(process.o)
                0x00008a2e                process_nevents
 .any.text.process_post
                0x00008a3c       0x50 contiki-exp5438.a(process.o)
                0x00008a3c                process_post
 .any.text.process_post_synch
                0x00008a8c       0x12 contiki-exp5438.a(process.o)
                0x00008a8c                process_post_synch
 .any.text.process_start
                0x00008a9e       0x36 contiki-exp5438.a(process.o)
                0x00008a9e                process_start
 .any.text.process_poll
                0x00008ad4       0x18 contiki-exp5438.a(process.o)
                0x00008ad4                process_poll
 .any.text.rtimer_init
                0x00008aec        0x6 contiki-exp5438.a(rtimer.o)
                0x00008aec                rtimer_init
 .any.text.rtimer_run_next
                0x00008af2       0x26 contiki-exp5438.a(rtimer.o)
                0x00008af2                rtimer_run_next
 .any.text.timer_set
                0x00008b18       0x1c contiki-exp5438.a(timer.o)
                0x00008b18                timer_set
 .any.text.timer_reset
                0x00008b34        0xe contiki-exp5438.a(timer.o)
                0x00008b34                timer_reset
 .any.text.timer_restart
                0x00008b42       0x14 contiki-exp5438.a(timer.o)
                0x00008b42                timer_restart
 .any.text.timer_expired
                0x00008b56       0x2a contiki-exp5438.a(timer.o)
                0x00008b56                timer_expired
 .any.text.process_thread_serial_line_process
                0x00008b80       0x9e contiki-exp5438.a(serial-line.o)
 .any.text.serial_line_input_byte
                0x00008c1e       0x4a contiki-exp5438.a(serial-line.o)
                0x00008c1e                serial_line_input_byte
 .any.text.serial_line_init
                0x00008c68       0x1c contiki-exp5438.a(serial-line.o)
                0x00008c68                serial_line_init
 .any.text.list_init
                0x00008c84        0x6 contiki-exp5438.a(list.o)
                0x00008c84                list_init
 .any.text.list_head
                0x00008c8a        0x4 contiki-exp5438.a(list.o)
                0x00008c8a                list_head
 .any.text.list_tail
                0x00008c8e       0x12 contiki-exp5438.a(list.o)
                0x00008c8e                list_tail
 .any.text.list_remove
                0x00008ca0       0x34 contiki-exp5438.a(list.o)
                0x00008ca0                list_remove
 .any.text.list_push
                0x00008cd4       0x16 contiki-exp5438.a(list.o)
                0x00008cd4                list_push
 .any.text.list_add
                0x00008cea       0x26 contiki-exp5438.a(list.o)
                0x00008cea                list_add
 .any.text.list_length
                0x00008d10       0x10 contiki-exp5438.a(list.o)
                0x00008d10                list_length
 .any.text.list_item_next
                0x00008d20        0xc contiki-exp5438.a(list.o)
                0x00008d20                list_item_next
 .any.text.ringbuf_init
                0x00008d2c       0x14 contiki-exp5438.a(ringbuf.o)
                0x00008d2c                ringbuf_init
 .any.text.ringbuf_put
                0x00008d40       0x38 contiki-exp5438.a(ringbuf.o)
                0x00008d40                ringbuf_put
 .any.text.ringbuf_get
                0x00008d78       0x2e contiki-exp5438.a(ringbuf.o)
                0x00008d78                ringbuf_get
 .any.text.set_packet_attrs
                0x00008da6       0x46 contiki-exp5438.a(sicslowpan.o)
 .any.text.addr_context_lookup_by_number
                0x00008dec       0x30 contiki-exp5438.a(sicslowpan.o)
 .any.text.compress_addr_64
                0x00008e1c       0x90 contiki-exp5438.a(sicslowpan.o)
 .any.text.uncompress_addr
                0x00008eac       0x92 contiki-exp5438.a(sicslowpan.o)
 .any.text.input
                0x00008f3e      0x608 contiki-exp5438.a(sicslowpan.o)
 .any.text.sicslowpan_init
                0x00009546       0x26 contiki-exp5438.a(sicslowpan.o)
                0x00009546                sicslowpan_init
 .any.text.addr_context_lookup_by_prefix
                0x0000956c       0x4a contiki-exp5438.a(sicslowpan.o)
 .any.text.packet_sent
                0x000095b6       0x22 contiki-exp5438.a(sicslowpan.o)
 .any.text.send_packet
                0x000095d8       0x1a contiki-exp5438.a(sicslowpan.o)
 .any.text.output
                0x000095f2      0x6a0 contiki-exp5438.a(sicslowpan.o)
 .any.text.chksum
                0x00009c92       0x32 contiki-exp5438.a(uip6.o)
 .any.text.upper_layer_chksum
                0x00009cc4       0x56 contiki-exp5438.a(uip6.o)
 .any.text.ext_hdr_options_process
                0x00009d1a       0xc2 contiki-exp5438.a(uip6.o)
 .any.text.uip_add32
                0x00009ddc       0x60 contiki-exp5438.a(uip6.o)
                0x00009ddc                uip_add32
 .any.text.uip_add_rcv_nxt
                0x00009e3c       0x2e contiki-exp5438.a(uip6.o)
 .any.text.uip_icmp6chksum
                0x00009e6a        0xa contiki-exp5438.a(uip6.o)
                0x00009e6a                uip_icmp6chksum
 .any.text.uip_tcpchksum
                0x00009e74        0xa contiki-exp5438.a(uip6.o)
                0x00009e74                uip_tcpchksum
 .any.text.uip_udpchksum
                0x00009e7e        0xa contiki-exp5438.a(uip6.o)
                0x00009e7e                uip_udpchksum
 .any.text.uip_init
                0x00009e88       0x62 contiki-exp5438.a(uip6.o)
                0x00009e88                uip_init
 .any.text.remove_ext_hdr
                0x00009eea       0x54 contiki-exp5438.a(uip6.o)
                0x00009eea                remove_ext_hdr
 .any.text.uip_unlisten
                0x00009f3e       0x2a contiki-exp5438.a(uip6.o)
                0x00009f3e                uip_unlisten
 .any.text.uip_process
                0x00009f68      0xdfe contiki-exp5438.a(uip6.o)
                0x00009f68                uip_process
 .any.text.uip_htonl
                0x0000ad66       0x2a contiki-exp5438.a(uip6.o)
                0x0000ad66                uip_htonl
 .any.text.uip_ds6_list_loop
                0x0000ad90       0x66 contiki-exp5438.a(uip-ds6.o)
                0x0000ad90                uip_ds6_list_loop
 .any.text.uip_ds6_prefix_add
                0x0000adf6       0x70 contiki-exp5438.a(uip-ds6.o)
                0x0000adf6                uip_ds6_prefix_add
 .any.text.uip_ds6_is_addr_onlink
                0x0000ae66       0x42 contiki-exp5438.a(uip-ds6.o)
                0x0000ae66                uip_ds6_is_addr_onlink
 .any.text.uip_ds6_addr_lookup
                0x0000aea8       0x2a contiki-exp5438.a(uip-ds6.o)
                0x0000aea8                uip_ds6_addr_lookup
 .any.text.uip_ds6_get_link_local
                0x0000aed2       0x3e contiki-exp5438.a(uip-ds6.o)
                0x0000aed2                uip_ds6_get_link_local
 .any.text.uip_ds6_maddr_add
                0x0000af10       0x48 contiki-exp5438.a(uip-ds6.o)
                0x0000af10                uip_ds6_maddr_add
 .any.text.uip_ds6_addr_add
                0x0000af58       0xb4 contiki-exp5438.a(uip-ds6.o)
                0x0000af58                uip_ds6_addr_add
 .any.text.uip_ds6_maddr_rm
                0x0000b00c        0xa contiki-exp5438.a(uip-ds6.o)
                0x0000b00c                uip_ds6_maddr_rm
 .any.text.uip_ds6_maddr_lookup
                0x0000b016       0x2a contiki-exp5438.a(uip-ds6.o)
                0x0000b016                uip_ds6_maddr_lookup
 .any.text.uip_ds6_addr_rm
                0x0000b040       0x54 contiki-exp5438.a(uip-ds6.o)
                0x0000b040                uip_ds6_addr_rm
 .any.text.uip_ds6_periodic
                0x0000b094       0x4a contiki-exp5438.a(uip-ds6.o)
                0x0000b094                uip_ds6_periodic
 .any.text.uip_ds6_set_addr_iid
                0x0000b0de       0x14 contiki-exp5438.a(uip-ds6.o)
                0x0000b0de                uip_ds6_set_addr_iid
 .any.text.get_match_length
                0x0000b0f2       0x3c contiki-exp5438.a(uip-ds6.o)
                0x0000b0f2                get_match_length
 .any.text.uip_ds6_select_src
                0x0000b12e       0x9a contiki-exp5438.a(uip-ds6.o)
                0x0000b12e                uip_ds6_select_src
 .any.text.uip_ds6_compute_reachable_time
                0x0000b1c8       0x36 contiki-exp5438.a(uip-ds6.o)
                0x0000b1c8                uip_ds6_compute_reachable_time
 .any.text.uip_ds6_init
                0x0000b1fe      0x13a contiki-exp5438.a(uip-ds6.o)
                0x0000b1fe                uip_ds6_init
 .any.text.uip_ds6_nbr_rm
                0x0000b338       0x1a contiki-exp5438.a(uip-ds6-nbr.o)
                0x0000b338                uip_ds6_nbr_rm
 .any.text.uip_ds6_neighbors_init
                0x0000b352        0xe contiki-exp5438.a(uip-ds6-nbr.o)
                0x0000b352                uip_ds6_neighbors_init
 .any.text.uip_ds6_nbr_add
                0x0000b360       0x54 contiki-exp5438.a(uip-ds6-nbr.o)
                0x0000b360                uip_ds6_nbr_add
 .any.text.uip_ds6_nbr_get_ll
                0x0000b3b4        0xc contiki-exp5438.a(uip-ds6-nbr.o)
                0x0000b3b4                uip_ds6_nbr_get_ll
 .any.text.uip_ds6_nbr_lookup
                0x0000b3c0       0x3e contiki-exp5438.a(uip-ds6-nbr.o)
                0x0000b3c0                uip_ds6_nbr_lookup
 .any.text.uip_ds6_nbr_ll_lookup
                0x0000b3fe        0xc contiki-exp5438.a(uip-ds6-nbr.o)
                0x0000b3fe                uip_ds6_nbr_ll_lookup
 .any.text.uip_ds6_nbr_ipaddr_from_lladdr
                0x0000b40a        0x6 contiki-exp5438.a(uip-ds6-nbr.o)
                0x0000b40a                uip_ds6_nbr_ipaddr_from_lladdr
 .any.text.uip_ds6_nbr_lladdr_from_ipaddr
                0x0000b410       0x12 contiki-exp5438.a(uip-ds6-nbr.o)
                0x0000b410                uip_ds6_nbr_lladdr_from_ipaddr
 .any.text.uip_ds6_link_neighbor_callback
                0x0000b422       0x26 contiki-exp5438.a(uip-ds6-nbr.o)
                0x0000b422                uip_ds6_link_neighbor_callback
 .any.text.uip_ds6_neighbor_periodic
                0x0000b448      0x11e contiki-exp5438.a(uip-ds6-nbr.o)
                0x0000b448                uip_ds6_neighbor_periodic
 .any.text.call_route_callback
                0x0000b566       0x40 contiki-exp5438.a(uip-ds6-route.o)
 .any.text.uip_ds6_route_init
                0x0000b5a6       0x36 contiki-exp5438.a(uip-ds6-route.o)
                0x0000b5a6                uip_ds6_route_init
 .any.text.uip_ds6_route_nexthop
                0x0000b5dc       0x1a contiki-exp5438.a(uip-ds6-route.o)
                0x0000b5dc                uip_ds6_route_nexthop
 .any.text.uip_ds6_route_head
                0x0000b5f6        0xa contiki-exp5438.a(uip-ds6-route.o)
                0x0000b5f6                uip_ds6_route_head
 .any.text.uip_ds6_route_next
                0x0000b600        0xe contiki-exp5438.a(uip-ds6-route.o)
                0x0000b600                uip_ds6_route_next
 .any.text.uip_ds6_route_lookup
                0x0000b60e       0x6e contiki-exp5438.a(uip-ds6-route.o)
                0x0000b60e                uip_ds6_route_lookup
 .any.text.uip_ds6_route_rm
                0x0000b67c       0xa2 contiki-exp5438.a(uip-ds6-route.o)
                0x0000b67c                uip_ds6_route_rm
 .any.text.rm_routelist
                0x0000b71e       0x34 contiki-exp5438.a(uip-ds6-route.o)
 .any.text.rm_routelist_callback
                0x0000b752        0x6 contiki-exp5438.a(uip-ds6-route.o)
 .any.text.uip_ds6_route_add
                0x0000b758       0xf8 contiki-exp5438.a(uip-ds6-route.o)
                0x0000b758                uip_ds6_route_add
 .any.text.uip_ds6_defrt_rm
                0x0000b850       0x44 contiki-exp5438.a(uip-ds6-route.o)
                0x0000b850                uip_ds6_defrt_rm
 .any.text.uip_ds6_defrt_lookup
                0x0000b894       0x32 contiki-exp5438.a(uip-ds6-route.o)
                0x0000b894                uip_ds6_defrt_lookup
 .any.text.uip_ds6_defrt_add
                0x0000b8c6       0x68 contiki-exp5438.a(uip-ds6-route.o)
                0x0000b8c6                uip_ds6_defrt_add
 .any.text.uip_ds6_defrt_choose
                0x0000b92e       0x36 contiki-exp5438.a(uip-ds6-route.o)
                0x0000b92e                uip_ds6_defrt_choose
 .any.text.uip_ds6_defrt_periodic
                0x0000b964       0x38 contiki-exp5438.a(uip-ds6-route.o)
                0x0000b964                uip_ds6_defrt_periodic
 .any.text.echo_reply_input
                0x0000b99c      0x108 contiki-exp5438.a(uip-icmp6.o)
 .any.text.echo_request_input
                0x0000baa4      0x128 contiki-exp5438.a(uip-icmp6.o)
 .any.text.uip_icmp6_input
                0x0000bbcc       0x44 contiki-exp5438.a(uip-icmp6.o)
                0x0000bbcc                uip_icmp6_input
 .any.text.uip_icmp6_register_input_handler
                0x0000bc10        0xc contiki-exp5438.a(uip-icmp6.o)
                0x0000bc10                uip_icmp6_register_input_handler
 .any.text.uip_icmp6_error_output
                0x0000bc1c      0x16c contiki-exp5438.a(uip-icmp6.o)
                0x0000bc1c                uip_icmp6_error_output
 .any.text.uip_icmp6_send
                0x0000bd88       0x84 contiki-exp5438.a(uip-icmp6.o)
                0x0000bd88                uip_icmp6_send
 .any.text.uip_icmp6_init
                0x0000be0c       0x12 contiki-exp5438.a(uip-icmp6.o)
                0x0000be0c                uip_icmp6_init
 .any.text.na_input
                0x0000be1e      0x1a2 contiki-exp5438.a(uip-nd6.o)
 .any.text.create_llao
                0x0000bfc0       0x2c contiki-exp5438.a(uip-nd6.o)
 .any.text.ns_input
                0x0000bfec      0x232 contiki-exp5438.a(uip-nd6.o)
 .any.text.uip_nd6_ns_output
                0x0000c21e      0x154 contiki-exp5438.a(uip-nd6.o)
                0x0000c21e                uip_nd6_ns_output
 .any.text.uip_nd6_init
                0x0000c372       0x12 contiki-exp5438.a(uip-nd6.o)
                0x0000c372                uip_nd6_init
 .any.text.start_periodic_tcp_timer
                0x0000c384       0x16 contiki-exp5438.a(tcpip.o)
 .any.text.tcpip_output
                0x0000c39a       0x10 contiki-exp5438.a(tcpip.o)
                0x0000c39a                tcpip_output
 .any.text.tcpip_set_outputfunc
                0x0000c3aa        0x6 contiki-exp5438.a(tcpip.o)
                0x0000c3aa                tcpip_set_outputfunc
 .any.text.tcpip_input
                0x0000c3b0       0x16 contiki-exp5438.a(tcpip.o)
                0x0000c3b0                tcpip_input
 .any.text.tcpip_ipv6_output
                0x0000c3c6      0x16a contiki-exp5438.a(tcpip.o)
                0x0000c3c6                tcpip_ipv6_output
 .any.text.process_thread_tcpip_process
                0x0000c530      0x1ba contiki-exp5438.a(tcpip.o)
 .any.text.tcpip_uipcall
                0x0000c6ea       0x70 contiki-exp5438.a(tcpip.o)
                0x0000c6ea                tcpip_uipcall
 .any.text.uip_debug_ipaddr_print
                0x0000c75a       0x72 contiki-exp5438.a(uip-debug.o)
                0x0000c75a                uip_debug_ipaddr_print
 .any.text.uip_debug_lladdr_print
                0x0000c7cc       0x3c contiki-exp5438.a(uip-debug.o)
                0x0000c7cc                uip_debug_lladdr_print
 .any.text.rpl_get_mode
                0x0000c808        0x6 contiki-exp5438.a(rpl.o)
                0x0000c808                rpl_get_mode
 .any.text.rpl_purge_routes
                0x0000c80e       0x96 contiki-exp5438.a(rpl.o)
                0x0000c80e                rpl_purge_routes
 .any.text.rpl_remove_routes
                0x0000c8a4       0x22 contiki-exp5438.a(rpl.o)
                0x0000c8a4                rpl_remove_routes
 .any.text.rpl_remove_routes_by_nexthop
                0x0000c8c6       0x3e contiki-exp5438.a(rpl.o)
                0x0000c8c6                rpl_remove_routes_by_nexthop
 .any.text.rpl_add_route
                0x0000c904       0x48 contiki-exp5438.a(rpl.o)
                0x0000c904                rpl_add_route
 .any.text.rpl_link_neighbor_callback
                0x0000c94c       0x74 contiki-exp5438.a(rpl.o)
                0x0000c94c                rpl_link_neighbor_callback
 .any.text.rpl_ipv6_neighbor_callback
                0x0000c9c0       0x1e contiki-exp5438.a(rpl.o)
                0x0000c9c0                rpl_ipv6_neighbor_callback
 .any.text.rpl_init
                0x0000c9de       0x4a contiki-exp5438.a(rpl.o)
                0x0000c9de                rpl_init
 .any.text.lollipop_greater_than
                0x0000ca28       0x3c contiki-exp5438.a(rpl-dag.o)
 .any.text.find_parent_any_dag_any_instance
                0x0000ca64       0x14 contiki-exp5438.a(rpl-dag.o)
 .any.text.rpl_set_preferred_parent
                0x0000ca78       0x2c contiki-exp5438.a(rpl-dag.o)
 .any.text.set_ip_from_prefix
                0x0000caa4       0x30 contiki-exp5438.a(rpl-dag.o)
 .any.text.check_prefix
                0x0000cad4       0x70 contiki-exp5438.a(rpl-dag.o)
 .any.text.rpl_get_nbr
                0x0000cb44       0x1e contiki-exp5438.a(rpl-dag.o)
                0x0000cb44                rpl_get_nbr
 .any.text.rpl_dag_init
                0x0000cb62        0xe contiki-exp5438.a(rpl-dag.o)
                0x0000cb62                rpl_dag_init
 .any.text.rpl_get_parent
                0x0000cb70        0xc contiki-exp5438.a(rpl-dag.o)
                0x0000cb70                rpl_get_parent
 .any.text.rpl_get_parent_ipaddr
                0x0000cb7c       0x10 contiki-exp5438.a(rpl-dag.o)
                0x0000cb7c                rpl_get_parent_ipaddr
 .any.text.rpl_set_prefix
                0x0000cb8c       0x74 contiki-exp5438.a(rpl-dag.o)
                0x0000cb8c                rpl_set_prefix
 .any.text.rpl_set_default_route
                0x0000cc00       0x60 contiki-exp5438.a(rpl-dag.o)
                0x0000cc00                rpl_set_default_route
 .any.text.rpl_alloc_instance
                0x0000cc60       0x38 contiki-exp5438.a(rpl-dag.o)
                0x0000cc60                rpl_alloc_instance
 .any.text.rpl_add_parent
                0x0000cc98       0x4e contiki-exp5438.a(rpl-dag.o)
                0x0000cc98                rpl_add_parent
 .any.text.rpl_find_parent
                0x0000cce6       0x1c contiki-exp5438.a(rpl-dag.o)
                0x0000cce6                rpl_find_parent
 .any.text.rpl_find_parent_any_dag
                0x0000cd02       0x24 contiki-exp5438.a(rpl-dag.o)
                0x0000cd02                rpl_find_parent_any_dag
 .any.text.rpl_select_parent
                0x0000cd26       0x76 contiki-exp5438.a(rpl-dag.o)
                0x0000cd26                rpl_select_parent
 .any.text.rpl_select_dag
                0x0000cd9c      0x196 contiki-exp5438.a(rpl-dag.o)
                0x0000cd9c                rpl_select_dag
 .any.text.rpl_nullify_parent
                0x0000cf32       0x50 contiki-exp5438.a(rpl-dag.o)
                0x0000cf32                rpl_nullify_parent
 .any.text.rpl_remove_parent
                0x0000cf82       0x16 contiki-exp5438.a(rpl-dag.o)
                0x0000cf82                rpl_remove_parent
 .any.text.nbr_callback
                0x0000cf98        0x6 contiki-exp5438.a(rpl-dag.o)
 .any.text.remove_parents.constprop.5
                0x0000cf9e       0x2e contiki-exp5438.a(rpl-dag.o)
 .any.text.rpl_move_parent
                0x0000cfcc       0x52 contiki-exp5438.a(rpl-dag.o)
                0x0000cfcc                rpl_move_parent
 .any.text.rpl_get_any_dag
                0x0000d01e       0x16 contiki-exp5438.a(rpl-dag.o)
                0x0000d01e                rpl_get_any_dag
 .any.text.rpl_get_instance
                0x0000d034       0x16 contiki-exp5438.a(rpl-dag.o)
                0x0000d034                rpl_get_instance
 .any.text.rpl_alloc_dag
                0x0000d04a       0x60 contiki-exp5438.a(rpl-dag.o)
                0x0000d04a                rpl_alloc_dag
 .any.text.rpl_repair_root
                0x0000d0aa       0x4c contiki-exp5438.a(rpl-dag.o)
                0x0000d0aa                rpl_repair_root
 .any.text.rpl_find_of
                0x0000d0f6       0x10 contiki-exp5438.a(rpl-dag.o)
                0x0000d0f6                rpl_find_of
 .any.text.rpl_join_instance
                0x0000d106      0x128 contiki-exp5438.a(rpl-dag.o)
                0x0000d106                rpl_join_instance
 .any.text.rpl_local_repair
                0x0000d22e       0x68 contiki-exp5438.a(rpl-dag.o)
                0x0000d22e                rpl_local_repair
 .any.text.rpl_process_parent_event
                0x0000d296       0x6c contiki-exp5438.a(rpl-dag.o)
                0x0000d296                rpl_process_parent_event
 .any.text.rpl_recalculate_ranks
                0x0000d302       0x46 contiki-exp5438.a(rpl-dag.o)
                0x0000d302                rpl_recalculate_ranks
 .any.text.rpl_add_dag
                0x0000d348      0x102 contiki-exp5438.a(rpl-dag.o)
                0x0000d348                rpl_add_dag
 .any.text.rpl_process_dio
                0x0000d44a      0x2e0 contiki-exp5438.a(rpl-dag.o)
                0x0000d44a                rpl_process_dio
 .any.text.rpl_lock_parent
                0x0000d72a        0xc contiki-exp5438.a(rpl-dag.o)
                0x0000d72a                rpl_lock_parent
 .any.text.rpl_verify_header
                0x0000d736       0xae contiki-exp5438.a(rpl-ext-header.)
                0x0000d736                rpl_verify_header
 .any.text.rpl_update_header_empty
                0x0000d7e4      0x154 contiki-exp5438.a(rpl-ext-header.)
                0x0000d7e4                rpl_update_header_empty
 .any.text.rpl_update_header_final
                0x0000d938       0x90 contiki-exp5438.a(rpl-ext-header.)
                0x0000d938                rpl_update_header_final
 .any.text.rpl_invert_header
                0x0000d9c8       0x74 contiki-exp5438.a(rpl-ext-header.)
                0x0000d9c8                rpl_invert_header
 .any.text.rpl_insert_header
                0x0000da3c       0x12 contiki-exp5438.a(rpl-ext-header.)
                0x0000da3c                rpl_insert_header
 .any.text.get32
                0x0000da4e       0x3e contiki-exp5438.a(rpl-icmp6.o)
 .any.text.set32
                0x0000da8c       0x2a contiki-exp5438.a(rpl-icmp6.o)
 .any.text.get16
                0x0000dab6        0xe contiki-exp5438.a(rpl-icmp6.o)
 .any.text.set16
                0x0000dac4       0x10 contiki-exp5438.a(rpl-icmp6.o)
 .any.text.dao_ack_input
                0x0000dad4       0x36 contiki-exp5438.a(rpl-icmp6.o)
 .any.text.dio_input
                0x0000db0a      0x464 contiki-exp5438.a(rpl-icmp6.o)
 .any.text.dis_output
                0x0000df6e       0x70 contiki-exp5438.a(rpl-icmp6.o)
                0x0000df6e                dis_output
 .any.text.dio_output
                0x0000dfde      0x2aa contiki-exp5438.a(rpl-icmp6.o)
                0x0000dfde                dio_output
 .any.text.dis_input
                0x0000e288       0x52 contiki-exp5438.a(rpl-icmp6.o)
 .any.text.dao_output_target
                0x0000e2da      0x118 contiki-exp5438.a(rpl-icmp6.o)
                0x0000e2da                dao_output_target
 .any.text.dao_output
                0x0000e3f2       0x70 contiki-exp5438.a(rpl-icmp6.o)
                0x0000e3f2                dao_output
 .any.text.dao_ack_output
                0x0000e462       0x52 contiki-exp5438.a(rpl-icmp6.o)
                0x0000e462                dao_ack_output
 .any.text.dao_input
                0x0000e4b4      0x3f2 contiki-exp5438.a(rpl-icmp6.o)
 .any.text.rpl_icmp6_register_handlers
                0x0000e8a6       0x22 contiki-exp5438.a(rpl-icmp6.o)
                0x0000e8a6                rpl_icmp6_register_handlers
 .any.text.reset
                0x0000e8c8        0x2 contiki-exp5438.a(rpl-mrhof.o)
 .any.text.update_metric_container
                0x0000e8ca        0x6 contiki-exp5438.a(rpl-mrhof.o)
 .any.text.calculate_rank
                0x0000e8d0       0x3e contiki-exp5438.a(rpl-mrhof.o)
 .any.text.neighbor_link_callback
                0x0000e90e       0x82 contiki-exp5438.a(rpl-mrhof.o)
 .any.text.best_dag
                0x0000e990       0x2e contiki-exp5438.a(rpl-mrhof.o)
 .any.text.best_parent
                0x0000e9be       0x68 contiki-exp5438.a(rpl-mrhof.o)
 .any.text.new_dio_interval
                0x0000ea26       0x9e contiki-exp5438.a(rpl-timers.o)
 .any.text.set_dao_lifetime_timer
                0x0000eac4       0x66 contiki-exp5438.a(rpl-timers.o)
 .any.text.handle_periodic_timer
                0x0000eb2a       0x2e contiki-exp5438.a(rpl-timers.o)
 .any.text.schedule_dao
                0x0000eb58       0x72 contiki-exp5438.a(rpl-timers.o)
 .any.text.handle_dio_timer
                0x0000ebca       0x88 contiki-exp5438.a(rpl-timers.o)
 .any.text.handle_dao_timer
                0x0000ec52       0x64 contiki-exp5438.a(rpl-timers.o)
 .any.text.rpl_reset_periodic_timer
                0x0000ecb6       0x46 contiki-exp5438.a(rpl-timers.o)
                0x0000ecb6                rpl_reset_periodic_timer
 .any.text.rpl_reset_dio_timer
                0x0000ecfc       0x18 contiki-exp5438.a(rpl-timers.o)
                0x0000ecfc                rpl_reset_dio_timer
 .any.text.rpl_schedule_dao
                0x0000ed14        0xc contiki-exp5438.a(rpl-timers.o)
                0x0000ed14                rpl_schedule_dao
 .any.text.rpl_schedule_probing
                0x0000ed20       0x5c contiki-exp5438.a(rpl-timers.o)
                0x0000ed20                rpl_schedule_probing
 .any.text.handle_probing_timer
                0x0000ed7c      0x112 contiki-exp5438.a(rpl-timers.o)
 .any.text.linkaddr_copy
                0x0000ee8e        0x8 contiki-exp5438.a(linkaddr.o)
                0x0000ee8e                linkaddr_copy
 .any.text.linkaddr_cmp
                0x0000ee96       0x12 contiki-exp5438.a(linkaddr.o)
                0x0000ee96                linkaddr_cmp
 .any.text.linkaddr_set_node_addr
                0x0000eea8        0xc contiki-exp5438.a(linkaddr.o)
                0x0000eea8                linkaddr_set_node_addr
 .any.text.item_from_index
                0x0000eeb4       0x2a contiki-exp5438.a(nbr-table.o)
 .any.text.index_from_key
                0x0000eede       0x26 contiki-exp5438.a(nbr-table.o)
 .any.text.index_from_item
                0x0000ef04       0x1e contiki-exp5438.a(nbr-table.o)
 .any.text.nbr_set_bit
                0x0000ef22       0x50 contiki-exp5438.a(nbr-table.o)
 .any.text.index_from_lladdr
                0x0000ef72       0x3e contiki-exp5438.a(nbr-table.o)
 .any.text.nbr_get_bit.constprop.0
                0x0000efb0       0x2c contiki-exp5438.a(nbr-table.o)
 .any.text.nbr_table_register
                0x0000efdc       0x26 contiki-exp5438.a(nbr-table.o)
                0x0000efdc                nbr_table_register
 .any.text.nbr_table_next
                0x0000f002       0x4c contiki-exp5438.a(nbr-table.o)
                0x0000f002                nbr_table_next
 .any.text.nbr_table_get_from_lladdr
                0x0000f04e       0x28 contiki-exp5438.a(nbr-table.o)
                0x0000f04e                nbr_table_get_from_lladdr
 .any.text.init
                0x0000f076        0x2 contiki-exp5438.a(nullmac.o)

.rodata         0x0000f078      0xdfd
                0x0000f078                . = ALIGN (0x2)
 *(.rodata .rodata.* .gnu.linkonce.r.*)
 .rodata.process_thread_hello_world_process
                0x0000f078        0xd hello-world.co
 *fill*         0x0000f085        0x1 00
 .rodata.autostart_processes
                0x0000f086        0x4 hello-world.co
                0x0000f086                autostart_processes
 .rodata        0x0000f08a       0x14 hello-world.co
 .rodata        0x0000f09e       0xa0 obj_exp5438/contiki-exp5438-main.o
 .rodata.uart2_rx_interrupt
                0x0000f13e       0x17 contiki-exp5438.a(uart2x.o)
 .rodata        0x0000f155       0x14 contiki-exp5438.a(duty-cycle-scro)
 *fill*         0x0000f169        0x3 00
 .rodata.get_value
                0x0000f16c       0x38 contiki-exp5438.a(cc1200.o)
 .rodata.set_value
                0x0000f1a4       0x20 contiki-exp5438.a(cc1200.o)
 .rodata.cc1200_init
                0x0000f1c4       0x66 contiki-exp5438.a(cc1200.o)
 .rodata        0x0000f22a        0xe contiki-exp5438.a(cc1200.o)
 .rodata.cc1200_driver
                0x0000f238       0x38 contiki-exp5438.a(cc1200.o)
                0x0000f238                cc1200_driver
 .rodata.cc1200_arch_gpio0_setup_irq
                0x0000f270       0x42 contiki-exp5438.a(cc1200-5438-arc)
 .rodata.cc1200_arch_gpio2_setup_irq
                0x0000f2b2       0x4f contiki-exp5438.a(cc1200-5438-arc)
 *fill*         0x0000f301        0x1 00
 .rodata.cc1200_802154g_863_870_fsk_50kbps
                0x0000f302       0x12 contiki-exp5438.a(cc1200-802154g-)
                0x0000f302                cc1200_802154g_863_870_fsk_50kbps
 .rodata.rf_cfg_descriptor
                0x0000f314       0x24 contiki-exp5438.a(cc1200-802154g-)
 .rodata.preferredSettings
                0x0000f338       0xd0 contiki-exp5438.a(cc1200-802154g-)