Archive member included because of file (symbol)

contiki-z1.a(servreg-hack.o)  unicast-sender.co (servreg_hack_init)
contiki-z1.a(contiki-z1-plat)
                              obj_z1/contiki-z1-main.o (init_platform)
contiki-z1.a(msp430.o)        obj_z1/contiki-z1-main.o (splhigh_)
contiki-z1.a(leds.o)          obj_z1/contiki-z1-main.o (leds_init)
contiki-z1.a(watchdog.o)      obj_z1/contiki-z1-main.o (watchdog_start)
contiki-z1.a(xmem.o)          obj_z1/contiki-z1-main.o (xmem_init)
contiki-z1.a(spi.o)           contiki-z1.a(xmem.o) (spi_init)
contiki-z1.a(cc2420.o)        obj_z1/contiki-z1-main.o (cc2420_set_pan_addr)
contiki-z1.a(cc2420-arch.o)   contiki-z1.a(cc2420.o) (cc2420_arch_init)
contiki-z1.a(node-id.o)       obj_z1/contiki-z1-main.o (node_id_restore)
contiki-z1.a(sensors.o)       contiki-z1.a(contiki-z1-plat) (sensors_process)
contiki-z1.a(button-sensor.o)
                              obj_z1/contiki-z1-main.o (button_sensor)
contiki-z1.a(uart0.o)         obj_z1/contiki-z1-main.o (uart0_active)
contiki-z1.a(uart0-putchar.o)
                              unicast-sender.co (putchar)
contiki-z1.a(adxl345.o)       obj_z1/contiki-z1-main.o (accm_init)
contiki-z1.a(clock.o)         obj_z1/contiki-z1-main.o (clock_init)
contiki-z1.a(leds-arch.o)     contiki-z1.a(leds.o) (leds_arch_init)
contiki-z1.a(rtimer-arch.o)   obj_z1/contiki-z1-main.o (rtimer_arch_now)
contiki-z1.a(autostart.o)     obj_z1/contiki-z1-main.o (autostart_start)
contiki-z1.a(ctimer.o)        obj_z1/contiki-z1-main.o (ctimer_init)
contiki-z1.a(energest.o)      obj_z1/contiki-z1-main.o (energest_init)
contiki-z1.a(etimer.o)        contiki-z1.a(clock.o) (etimer_request_poll)
contiki-z1.a(process.o)       contiki-z1.a(servreg-hack.o) (process_current)
contiki-z1.a(rtimer.o)        obj_z1/contiki-z1-main.o (rtimer_init)
contiki-z1.a(timer.o)         contiki-z1.a(servreg-hack.o) (timer_set)
contiki-z1.a(list.o)          contiki-z1.a(servreg-hack.o) (list_init)
contiki-z1.a(memb.o)          contiki-z1.a(servreg-hack.o) (memb_init)
contiki-z1.a(random.o)        unicast-sender.co (random_rand)
contiki-z1.a(sicslowpan.o)    obj_z1/contiki-z1-main.o (sicslowpan_driver)
contiki-z1.a(uip6.o)          contiki-z1.a(sicslowpan.o) (uip_aligned_buf)
contiki-z1.a(uip-ds6.o)       contiki-z1.a(uip6.o) (uip_ds6_is_addr_onlink)
contiki-z1.a(uip-ds6-nbr.o)   contiki-z1.a(uip-ds6.o) (uip_ds6_neighbors_init)
contiki-z1.a(uip-ds6-route.o)
                              contiki-z1.a(uip-ds6.o) (uip_ds6_route_init)
contiki-z1.a(uip-icmp6.o)     contiki-z1.a(uip6.o) (uip_icmp6_input)
contiki-z1.a(uip-nd6.o)       contiki-z1.a(uip-ds6-nbr.o) (uip_nd6_ns_output)
contiki-z1.a(simple-udp.o)    unicast-sender.co (simple_udp_sendto)
contiki-z1.a(tcpip.o)         contiki-z1.a(sicslowpan.o) (tcpip_set_outputfunc)
contiki-z1.a(uip-debug.o)     unicast-sender.co (uip_debug_ipaddr_print)
contiki-z1.a(uip-udp-packet.)
                              contiki-z1.a(servreg-hack.o) (uip_udp_packet_send)
contiki-z1.a(rpl.o)           contiki-z1.a(uip-ds6-nbr.o) (rpl_link_neighbor_callback)
contiki-z1.a(rpl-dag.o)       contiki-z1.a(rpl.o) (default_instance)
contiki-z1.a(rpl-ext-header.)
                              contiki-z1.a(uip6.o) (rpl_verify_header)
contiki-z1.a(rpl-icmp6.o)     contiki-z1.a(rpl.o) (dao_output_target)
contiki-z1.a(rpl-mrhof.o)     contiki-z1.a(rpl.o) (rpl_mrhof)
contiki-z1.a(rpl-timers.o)    contiki-z1.a(rpl.o) (rpl_reset_periodic_timer)
contiki-z1.a(linkaddr.o)      obj_z1/contiki-z1-main.o (linkaddr_copy)
contiki-z1.a(nbr-table.o)     contiki-z1.a(uip-ds6-nbr.o) (nbr_table_register)
contiki-z1.a(packetbuf.o)     contiki-z1.a(cc2420.o) (packetbuf_set_datalen)
contiki-z1.a(queuebuf.o)      obj_z1/contiki-z1-main.o (queuebuf_init)
contiki-z1.a(csma.o)          obj_z1/contiki-z1-main.o (csma_driver)
contiki-z1.a(framer-802154.o)
                              contiki-z1.a(sicslowpan.o) (framer_802154)
contiki-z1.a(framer.o)        contiki-z1.a(framer-802154.o) (framer_canonical_create_and_secure)
contiki-z1.a(mac.o)           contiki-z1.a(csma.o) (mac_call_sent_callback)
contiki-z1.a(contikimac.o)    obj_z1/contiki-z1-main.o (contikimac_driver)
contiki-z1.a(nullsec.o)       contiki-z1.a(sicslowpan.o) (nullsec_driver)
contiki-z1.a(i2cmaster.o)     contiki-z1.a(adxl345.o) (i2c_receiveinit)
contiki-z1.a(stimer.o)        contiki-z1.a(uip-ds6.o) (stimer_set)
contiki-z1.a(frame802154.o)   contiki-z1.a(framer-802154.o) (frame802154_hdrlen)
contiki-z1.a(mac-sequence.o)  contiki-z1.a(contikimac.o) (mac_sequence_is_duplicate)
/usr/local/msp430/bin/../lib/gcc/msp430/4.7.0/mcpu-430x/mmpy-16/msr20/mc20/libgcc.a(_mulsi3.o)
                              contiki-z1.a(rpl-timers.o) (__mulsi3)
/usr/local/msp430/bin/../lib/gcc/msp430/4.7.0/mcpu-430x/mmpy-16/msr20/mc20/libgcc.a(_udivmod16.o)
                              contiki-z1.a(rpl-dag.o) (__udivhi3)
/usr/local/msp430/bin/../lib/gcc/msp430/4.7.0/mcpu-430x/mmpy-16/msr20/mc20/libgcc.a(_divmod16.o)
[...]
Memory Configuration

Name             Origin             Length             Attributes
sfr              0x00000000         0x00000010
peripheral_8bit  0x00000010         0x000000f0
peripheral_16bit 0x00000100         0x00000100
ram_mirror       0x00000200         0x00000800         xw
infomem          0x00001000         0x00000100
infod            0x00001000         0x00000040
infoc            0x00001040         0x00000040
infob            0x00001080         0x00000040
infoa            0x000010c0         0x00000040
ram              0x00001100         0x00002000         xw
rom              0x00003100         0x0000cebe         xr
vectors          0x0000ffc0         0x00000040
far_rom          0x00010000         0x0000a000
bsl              0x00000000         0x00000000
ram2             0x00000000         0x00000000         xw
usbram           0x00000000         0x00000000         xw
*default*        0x00000000         0xffffffff

Linker script and memory map

LOAD /usr/local/msp430/bin/../lib/gcc/msp430/4.7.0/mcpu-430x/mmpy-16/msr20/mc20/crt0ivtbl32.o
                0x00000041                __P1SEL2 = 0x41
                0x00000045                __P5SEL2 = 0x45
LOAD unicast-sender.co
LOAD obj_z1/contiki-z1-main.o
LOAD contiki-z1.a
LOAD /usr/local/msp430/bin/../lib/gcc/msp430/4.7.0/mcpu-430x/mmpy-16/msr20/mc20/libgcc.a
LOAD /usr/local/msp430/bin/../lib/gcc/msp430/4.7.0/../../../../msp430/lib/mcpu-430x/mmpy-16/msr20/mc20/libc.a
LOAD /usr/local/msp430/bin/../lib/gcc/msp430/4.7.0/mcpu-430x/mmpy-16/msr20/mc20/libgcc.a
LOAD /usr/local/msp430/bin/../lib/gcc/msp430/4.7.0/mcpu-430x/mmpy-16/msr20/mc20/libcrt0.a
                0x00000040                PROVIDE (__info_segment_size, 0x40)
                0x00001000                PROVIDE (__infod, 0x1000)
                0x00001040                PROVIDE (__infoc, 0x1040)
                0x00001080                PROVIDE (__infob, 0x1080)
                0x000010c0                PROVIDE (__infoa, 0x10c0)
                0x00000000                __IE1 = 0x0
                0x00000002                __IFG1 = 0x2
                0x00000001                __IE2 = 0x1
                0x00000003                __IFG2 = 0x3
                0x00000006                __UC1IE = 0x6
                0x00000007                __UC1IFG = 0x7
                0x000001a0                __ADC12CTL0 = 0x1a0
                0x000001a2                __ADC12CTL1 = 0x1a2
                0x000001a4                __ADC12IFG = 0x1a4
                0x000001a6                __ADC12IE = 0x1a6
                0x000001a8                __ADC12IV = 0x1a8
                0x00000140                __ADC12MEM0 = 0x140
                0x00000142                __ADC12MEM1 = 0x142
                0x00000144                __ADC12MEM2 = 0x144
                0x00000146                __ADC12MEM3 = 0x146
                0x00000148                __ADC12MEM4 = 0x148
                0x0000014a                __ADC12MEM5 = 0x14a
                0x0000014c                __ADC12MEM6 = 0x14c
                0x0000014e                __ADC12MEM7 = 0x14e
                0x00000150                __ADC12MEM8 = 0x150
                0x00000152                __ADC12MEM9 = 0x152
                0x00000154                __ADC12MEM10 = 0x154
                0x00000156                __ADC12MEM11 = 0x156
                0x00000158                __ADC12MEM12 = 0x158
                0x0000015a                __ADC12MEM13 = 0x15a
                0x0000015c                __ADC12MEM14 = 0x15c
                0x0000015e                __ADC12MEM15 = 0x15e
                0x00000080                __ADC12MCTL0 = 0x80
                0x00000081                __ADC12MCTL1 = 0x81
                0x00000082                __ADC12MCTL2 = 0x82
                0x00000083                __ADC12MCTL3 = 0x83
                0x00000084                __ADC12MCTL4 = 0x84
                0x00000085                __ADC12MCTL5 = 0x85
                0x00000086                __ADC12MCTL6 = 0x86
                0x00000087                __ADC12MCTL7 = 0x87
                0x00000088                __ADC12MCTL8 = 0x88
                0x00000089                __ADC12MCTL9 = 0x89
                0x0000008a                __ADC12MCTL10 = 0x8a
                0x0000008b                __ADC12MCTL11 = 0x8b
                0x0000008c                __ADC12MCTL12 = 0x8c
                0x0000008d                __ADC12MCTL13 = 0x8d
                0x0000008e                __ADC12MCTL14 = 0x8e
                0x0000008f                __ADC12MCTL15 = 0x8f
                0x00000056                __DCOCTL = 0x56
                0x00000057                __BCSCTL1 = 0x57
                0x00000058                __BCSCTL2 = 0x58
                0x00000053                __BCSCTL3 = 0x53
                0x00000059                __CACTL1 = 0x59
                0x0000005a                __CACTL2 = 0x5a
                0x0000005b                __CAPD = 0x5b
                0x000001c0                __DAC12_0CTL = 0x1c0
                0x000001c2                __DAC12_1CTL = 0x1c2
                0x000001c8                __DAC12_0DAT = 0x1c8
                0x000001ca                __DAC12_1DAT = 0x1ca
                0x00000122                __DMACTL0 = 0x122
                0x00000124                __DMACTL1 = 0x124
                0x00000126                __DMAIV = 0x126
                0x000001d0                __DMA0CTL = 0x1d0
                0x000001dc                __DMA1CTL = 0x1dc
                0x000001e8                __DMA2CTL = 0x1e8
                0x000001d2                __DMA0SA = 0x1d2
                0x000001d2                __DMA0SAL = 0x1d2
                0x000001d6                __DMA0DA = 0x1d6
                0x000001d6                __DMA0DAL = 0x1d6
                0x000001da                __DMA0SZ = 0x1da
                0x000001de                __DMA1SA = 0x1de
                0x000001de                __DMA1SAL = 0x1de
                0x000001e2                __DMA1DA = 0x1e2
                0x000001e2                __DMA1DAL = 0x1e2
                0x000001e6                __DMA1SZ = 0x1e6
                0x000001ea                __DMA2SA = 0x1ea
                0x000001ea                __DMA2SAL = 0x1ea
                0x000001ee                __DMA2DA = 0x1ee
                0x000001ee                __DMA2DAL = 0x1ee
                0x000001f2                __DMA2SZ = 0x1f2
                0x00000128                __FCTL1 = 0x128
                0x0000012a                __FCTL2 = 0x12a
                0x0000012c                __FCTL3 = 0x12c
                0x000001be                __FCTL4 = 0x1be
                0x00000130                __MPY = 0x130
                0x00000132                __MPYS = 0x132
                0x00000134                __MAC = 0x134
                0x00000136                __MACS = 0x136
                0x00000138                __OP2 = 0x138
                0x0000013a                __RESLO = 0x13a
                0x0000013c                __RESHI = 0x13c
                0x0000013e                __SUMEXT = 0x13e
                0x00000020                __P1IN = 0x20
                0x00000021                __P1OUT = 0x21
                0x00000022                __P1DIR = 0x22
                0x00000023                __P1IFG = 0x23
                0x00000024                __P1IES = 0x24
                0x00000025                __P1IE = 0x25
                0x00000026                __P1SEL = 0x26
                0x00000027                __P1REN = 0x27
                0x00000028                __P2IN = 0x28
                0x00000029                __P2OUT = 0x29
                0x0000002a                __P2DIR = 0x2a
                0x0000002b                __P2IFG = 0x2b
                0x0000002c                __P2IES = 0x2c
                0x0000002d                __P2IE = 0x2d
                0x0000002e                __P2SEL = 0x2e
                0x0000002f                __P2REN = 0x2f
                0x00000018                __P3IN = 0x18
                0x00000019                __P3OUT = 0x19
                0x0000001a                __P3DIR = 0x1a
                0x0000001b                __P3SEL = 0x1b
                0x00000010                __P3REN = 0x10
                0x0000001c                __P4IN = 0x1c
                0x0000001d                __P4OUT = 0x1d
                0x0000001e                __P4DIR = 0x1e
                0x0000001f                __P4SEL = 0x1f
                0x00000011                __P4REN = 0x11
                0x00000030                __P5IN = 0x30
                0x00000031                __P5OUT = 0x31
                0x00000032                __P5DIR = 0x32
                0x00000033                __P5SEL = 0x33
                0x00000012                __P5REN = 0x12
                0x00000034                __P6IN = 0x34
                0x00000035                __P6OUT = 0x35
                0x00000036                __P6DIR = 0x36
                0x00000037                __P6SEL = 0x37
                0x00000013                __P6REN = 0x13
                0x00000038                __P7IN = 0x38
                0x0000003a                __P7OUT = 0x3a
                0x0000003c                __P7DIR = 0x3c
                0x0000003e                __P7SEL = 0x3e
                0x00000014                __P7REN = 0x14
                0x00000039                __P8IN = 0x39
                0x0000003b                __P8OUT = 0x3b
                0x0000003d                __P8DIR = 0x3d
                0x0000003f                __P8SEL = 0x3f
                0x00000015                __P8REN = 0x15
                0x00000038                __PAIN = 0x38
                0x0000003a                __PAOUT = 0x3a
                0x0000003c                __PADIR = 0x3c
                0x0000003e                __PASEL = 0x3e
                0x00000014                __PAREN = 0x14
                0x00000055                __SVSCTL = 0x55
                0x0000012e                __TAIV = 0x12e
                0x00000160                __TACTL = 0x160
                0x00000162                __TACCTL0 = 0x162
                0x00000164                __TACCTL1 = 0x164
                0x00000166                __TACCTL2 = 0x166
                0x00000170                __TAR = 0x170
                0x00000172                __TACCR0 = 0x172
                0x00000174                __TACCR1 = 0x174
                0x00000176                __TACCR2 = 0x176
                0x0000011e                __TBIV = 0x11e
                0x00000180                __TBCTL = 0x180
                0x00000182                __TBCCTL0 = 0x182
                0x00000184                __TBCCTL1 = 0x184
                0x00000186                __TBCCTL2 = 0x186
                0x00000188                __TBCCTL3 = 0x188
                0x0000018a                __TBCCTL4 = 0x18a
                0x0000018c                __TBCCTL5 = 0x18c
                0x0000018e                __TBCCTL6 = 0x18e
                0x00000190                __TBR = 0x190
                0x00000192                __TBCCR0 = 0x192
                0x00000194                __TBCCR1 = 0x194
                0x00000196                __TBCCR2 = 0x196
                0x00000198                __TBCCR3 = 0x198
                0x0000019a                __TBCCR4 = 0x19a
                0x0000019c                __TBCCR5 = 0x19c
                0x0000019e                __TBCCR6 = 0x19e
                0x00000060                __UCA0CTL0 = 0x60
                0x00000061                __UCA0CTL1 = 0x61
                0x00000062                __UCA0BR0 = 0x62
                0x00000063                __UCA0BR1 = 0x63
                0x00000064                __UCA0MCTL = 0x64
                0x00000065                __UCA0STAT = 0x65
                0x00000066                __UCA0RXBUF = 0x66
                0x00000067                __UCA0TXBUF = 0x67
                0x0000005d                __UCA0ABCTL = 0x5d
                0x0000005e                __UCA0IRTCTL = 0x5e
                0x0000005f                __UCA0IRRCTL = 0x5f
                0x00000068                __UCB0CTL0 = 0x68
                0x00000069                __UCB0CTL1 = 0x69
                0x0000006a                __UCB0BR0 = 0x6a
                0x0000006b                __UCB0BR1 = 0x6b
                0x0000006c                __UCB0I2CIE = 0x6c
                0x0000006d                __UCB0STAT = 0x6d
                0x0000006e                __UCB0RXBUF = 0x6e
                0x0000006f                __UCB0TXBUF = 0x6f
                0x00000118                __UCB0I2COA = 0x118
                0x0000011a                __UCB0I2CSA = 0x11a
                0x000000d0                __UCA1CTL0 = 0xd0
                0x000000d1                __UCA1CTL1 = 0xd1
                0x000000d2                __UCA1BR0 = 0xd2
                0x000000d3                __UCA1BR1 = 0xd3
                0x000000d4                __UCA1MCTL = 0xd4
                0x000000d5                __UCA1STAT = 0xd5
                0x000000d6                __UCA1RXBUF = 0xd6
                0x000000d7                __UCA1TXBUF = 0xd7
                0x000000cd                __UCA1ABCTL = 0xcd
                0x000000ce                __UCA1IRTCTL = 0xce
                0x000000cf                __UCA1IRRCTL = 0xcf
                0x000000d8                __UCB1CTL0 = 0xd8
                0x000000d9                __UCB1CTL1 = 0xd9
                0x000000da                __UCB1BR0 = 0xda
                0x000000db                __UCB1BR1 = 0xdb
                0x000000dc                __UCB1I2CIE = 0xdc
                0x000000dd                __UCB1STAT = 0xdd
                0x000000de                __UCB1RXBUF = 0xde
                0x000000df                __UCB1TXBUF = 0xdf
                0x0000017c                __UCB1I2COA = 0x17c
                0x0000017e                __UCB1I2CSA = 0x17e
                0x00000120                __WDTCTL = 0x120
                0x000010c0                __TLV_CHECKSUM = 0x10c0
                0x000010f6                __TLV_DCO_30_TAG = 0x10f6
                0x000010f7                __TLV_DCO_30_LEN = 0x10f7
                0x000010da                __TLV_ADC12_1_TAG = 0x10da
                0x000010db                __TLV_ADC12_1_LEN = 0x10db
                0x000010f8                __CALDCO_16MHZ = 0x10f8
                0x000010f9                __CALBC1_16MHZ = 0x10f9
                0x000010fa                __CALDCO_12MHZ = 0x10fa
                0x000010fb                __CALBC1_12MHZ = 0x10fb
                0x000010fc                __CALDCO_8MHZ = 0x10fc
                0x000010fd                __CALBC1_8MHZ = 0x10fd
                0x000010fe                __CALDCO_1MHZ = 0x10fe
                0x000010ff                __CALBC1_1MHZ = 0x10ff

.hash
 *(.hash)

.dynsym
 *(.dynsym)

.dynstr
 *(.dynstr)

.gnu.version
 *(.gnu.version)

.gnu.version_d
 *(.gnu.version_d)

.gnu.version_r
 *(.gnu.version_r)

.rel.init
 *(.rel.init)

.rela.init
 *(.rela.init)

.rel.fini
 *(.rel.fini)

.rela.fini
 *(.rela.fini)

.rel.text
 *(.rel.text .rel.text.* .rel.gnu.linkonce.t.*)

.rela.text
 *(.rela.text .rela.text.* .rela.gnu.linkonce.t.*)

.rel.rodata
 *(.rel.rodata .rel.rodata.* .rel.gnu.linkonce.r.*)

.rela.rodata
 *(.rela.rodata .rela.rodata.* .rela.gnu.linkonce.r.*)

.rel.data
 *(.rel.data .rel.data.* .rel.gnu.linkonce.d.*)

.rela.data
 *(.rela.data .rela.data.* .rela.gnu.linkonce.d.*)

.rel.bss
 *(.rel.bss .rel.bss.* .rel.gnu.linkonce.b.*)

.rela.bss
 *(.rela.bss .rela.bss.* .rela.gnu.linkonce.b.*)

.rel.ctors
 *(.rel.ctors)

.rela.ctors
 *(.rela.ctors)

.rel.dtors
 *(.rel.dtors)

.rela.dtors
 *(.rela.dtors)

.rel.got
 *(.rel.got)

.rela.got
 *(.rela.got)

.rel.plt
 *(.rel.plt)

.rela.plt
 *(.rela.plt)

.text           0x00003100     0xa978
                0x00003100                . = ALIGN (0x2)
 *(.init .init.*)
 *(.init0)
 .init0         0x00003100        0x0 /usr/local/msp430/bin/../lib/gcc/msp430/4.7.0/mcpu-430x/mmpy-16/msr20/mc20/libcrt0.a(_reset_vector__.o)
                0x00003100                _reset_vector__
 *(.init1)
 .init1         0x00003100        0xc /usr/local/msp430/bin/../lib/gcc/msp430/4.7.0/mcpu-430x/mmpy-16/msr20/mc20/libcrt0.a(__watchdog_support.o)
                0x00003100                __watchdog_support
 *(.init2)
 .init2         0x0000310c        0x4 /usr/local/msp430/bin/../lib/gcc/msp430/4.7.0/mcpu-430x/mmpy-16/msr20/mc20/libcrt0.a(__init_stack.o)
                0x0000310c                __init_stack
 *(.init3)
 .init3         0x00003110        0x0 /usr/local/msp430/bin/../lib/gcc/msp430/4.7.0/mcpu-430x/mmpy-16/msr20/mc20/libcrt0.a(__low_level_init.o)
                0x00003110                __low_level_init
 *(.init4)
 .init4         0x00003110       0x18 /usr/local/msp430/bin/../lib/gcc/msp430/4.7.0/mcpu-430x/mmpy-16/msr20/mc20/libcrt0.a(_copy_data.o)
                0x00003110                __do_copy_data
 .init4         0x00003128       0x16 /usr/local/msp430/bin/../lib/gcc/msp430/4.7.0/mcpu-430x/mmpy-16/msr20/mc20/libcrt0.a(_clear_bss.o)
                0x00003128                __do_clear_bss
 *(.init5)
 *(.init6)
 *(.init7)
 *(.init8)
 *(.init9)
 .init9         0x0000313e      0x35c obj_z1/contiki-z1-main.o
                0x0000313e                main
 *(.fini9)
 .fini9         0x0000349a        0x0 /usr/local/msp430/bin/../lib/gcc/msp430/4.7.0/mcpu-430x/mmpy-16/msr20/mc20/libcrt0.a(__stop_progExec__.o)
                0x0000349a                __stop_progExec__
 *(.fini8)
 *(.fini7)
 *(.fini6)
 *(.fini5)
 *(.fini4)
 *(.fini3)
 *(.fini2)
 *(.fini1)
 *(.fini0)
 .fini0         0x0000349a        0x6 /usr/local/msp430/bin/../lib/gcc/msp430/4.7.0/mcpu-430x/mmpy-16/msr20/mc20/libcrt0.a(_endless_loop__.o)
                0x0000349a                _endless_loop__
 *(.fini .fini.*)
                0x000034a0                . = ALIGN (0x2)
                0x000034a0                __ctors_start = .
 *(.ctors)
                0x000034a0                __ctors_end = .
                0x000034a0                __dtors_start = .
 *(.dtors)
                0x000034a0                __dtors_end = .
                0x000034a0                . = ALIGN (0x2)
 *(.text .text.* .gnu.linkonce.t.*)
 .text          0x000034a0        0x4 /usr/local/msp430/bin/../lib/gcc/msp430/4.7.0/mcpu-430x/mmpy-16/msr20/mc20/crt0ivtbl32.o
                0x000034a0                __isr_14
                0x000034a0                __isr_4
                0x000034a0                __isr_29
                0x000034a0                __isr_11
                0x000034a0                __isr_5
                0x000034a0                __isr_2
                0x000034a0                __isr_10
                0x000034a0                __isr_7
                0x000034a0                __isr_0
                0x000034a0                __isr_28
                0x000034a0                __isr_8
                0x000034a0                __isr_20
                0x000034a0                __isr_3
                0x000034a0                __isr_12
                0x000034a0                __isr_13
                0x000034a0                __isr_27
                0x000034a0                __isr_9
                0x000034a0                __isr_30
                0x000034a0                __isr_6
                0x000034a0                __isr_22
                0x000034a0                __isr_1
                0x000034a0                __isr_15
                0x000034a0                __isr_21
 .text.libgcc   0x000034a4       0x26 /usr/local/msp430/bin/../lib/gcc/msp430/4.7.0/mcpu-430x/mmpy-16/msr20/mc20/libgcc.a(_mulsi3.o)
                0x000034a4                __mulsi3
 .text.libgcc   0x000034ca       0x22 /usr/local/msp430/bin/../lib/gcc/msp430/4.7.0/mcpu-430x/mmpy-16/msr20/mc20/libgcc.a(_udivmod16.o)
                0x000034ca                __udivhi3
                0x000034ca                __ext_udivmod16
                0x000034e4                __umodhi3
 .text.libgcc   0x000034ec       0x3a /usr/local/msp430/bin/../lib/gcc/msp430/4.7.0/mcpu-430x/mmpy-16/msr20/mc20/libgcc.a(_divmod16.o)
                0x000034ec                __ext_divmod16
                0x000034ec                __divhi3
                0x0000351e                __modhi3
 .text.libgcc   0x00003526       0x38 /usr/local/msp430/bin/../lib/gcc/msp430/4.7.0/mcpu-430x/mmpy-16/msr20/mc20/libgcc.a(_udivmod32.o)
                0x00003526                __udivsi3
                0x00003526                __ext_udivmod32
                0x00003554                __umodsi3
 .text.printf   0x0000355e       0x10 /usr/local/msp430/bin/../lib/gcc/msp430/4.7.0/../../../../msp430/lib/mcpu-430x/mmpy-16/msr20/mc20/libc.a(printf.o)
                0x0000355e                printf
 .text.append   0x0000356e       0x22 /usr/local/msp430/bin/../lib/gcc/msp430/4.7.0/../../../../msp430/lib/mcpu-430x/mmpy-16/msr20/mc20/libc.a(sprintf.o)
 .text.call_vuprintf
                0x00003590       0x36 /usr/local/msp430/bin/../lib/gcc/msp430/4.7.0/../../../../msp430/lib/mcpu-430x/mmpy-16/msr20/mc20/libc.a(sprintf.o)
 .text.sprintf  0x000035c6       0x1a /usr/local/msp430/bin/../lib/gcc/msp430/4.7.0/../../../../msp430/lib/mcpu-430x/mmpy-16/msr20/mc20/libc.a(sprintf.o)
                0x000035c6                sprintf
 .text.print_field
                0x000035e0      0x176 /usr/local/msp430/bin/../lib/gcc/msp430/4.7.0/../../../../msp430/lib/mcpu-430x/mmpy-16/msr20/mc20/libc.a(vuprintf.o)
 .text.vuprintf
                0x00003756      0x74c /usr/local/msp430/bin/../lib/gcc/msp430/4.7.0/../../../../msp430/lib/mcpu-430x/mmpy-16/msr20/mc20/libc.a(vuprintf.o)
                0x00003756                vuprintf
 .text.puts     0x00003ea2       0x2c /usr/local/msp430/bin/../lib/gcc/msp430/4.7.0/../../../../msp430/lib/mcpu-430x/mmpy-16/msr20/mc20/libc.a(puts.o)
                0x00003ea2                puts
 .text.rand     0x00003ece       0x26 /usr/local/msp430/bin/../lib/gcc/msp430/4.7.0/../../../../msp430/lib/mcpu-430x/mmpy-16/msr20/mc20/libc.a(rand.o)
                0x00003ece                rand
 .text.memcmp   0x00003ef4       0x2c /usr/local/msp430/bin/../lib/gcc/msp430/4.7.0/../../../../msp430/lib/mcpu-430x/mmpy-16/msr20/mc20/libc.a(memcmp.o)
                0x00003ef4                memcmp
 .text.memcpy   0x00003f20       0xe8 /usr/local/msp430/bin/../lib/gcc/msp430/4.7.0/../../../../msp430/lib/mcpu-430x/mmpy-16/msr20/mc20/libc.a(memcpy.o)
                0x00003f20                memcpy
 .text.memmove  0x00004008       0xe8 /usr/local/msp430/bin/../lib/gcc/msp430/4.7.0/../../../../msp430/lib/mcpu-430x/mmpy-16/msr20/mc20/libc.a(memmove.o)
                0x00004008                memmove
 .text.memset   0x000040f0       0x5c /usr/local/msp430/bin/../lib/gcc/msp430/4.7.0/../../../../msp430/lib/mcpu-430x/mmpy-16/msr20/mc20/libc.a(memset.o)
                0x000040f0                memset
 .text.libgcc   0x0000414c       0xbc /usr/local/msp430/bin/../lib/gcc/msp430/4.7.0/mcpu-430x/mmpy-16/msr20/mc20/libgcc.a(_udivmod64.o)
                0x0000414c                __xabi_udivmod64
                0x0000419e                __udivdi3
                0x000041b8                __umoddi3
                0x000041da                __udivmoddi4
 .text.crt0     0x00004208        0x2 /usr/local/msp430/bin/../lib/gcc/msp430/4.7.0/mcpu-430x/mmpy-16/msr20/mc20/libcrt0.a(_unexpected_.o)
                0x00004208                _unexpected_
 *(.near.text .near.text.*)
 .near.text.watchdog_interrupt
                0x0000420a        0x6 contiki-z1.a(watchdog.o)
                0x0000420a                __isr_26
                0x0000420a                watchdog_interrupt
 .near.text.irq_p2
                0x00004210       0x76 contiki-z1.a(button-sensor.o)
                0x00004210                irq_p2
                0x00004210                __isr_19
 .near.text.uart0_rx_interrupt
                0x00004286       0x64 contiki-z1.a(uart0.o)
                0x00004286                __isr_23
                0x00004286                uart0_rx_interrupt
 .near.text.port1_isr
                0x000042ea       0xbe contiki-z1.a(adxl345.o)
                0x000042ea                port1_isr
                0x000042ea                __isr_18
 .near.text.timera1
                0x000043a8      0x10a contiki-z1.a(clock.o)
                0x000043a8                __isr_24
                0x000043a8                timera1
 .near.text.timera0
                0x000044b2       0x5c contiki-z1.a(rtimer-arch.o)
                0x000044b2                __isr_25
                0x000044b2                timera0
 .near.text.i2c_tx_interrupt
                0x0000450e       0x84 contiki-z1.a(i2cmaster.o)
                0x0000450e                __isr_16
                0x0000450e                i2c_tx_interrupt
 .near.text.i2c_rx_interrupt
                0x00004592       0x14 contiki-z1.a(i2cmaster.o)
                0x00004592                i2c_rx_interrupt
                0x00004592                __isr_17
 .any.text.receiver
                0x000045a6       0x16 unicast-sender.co
 .any.text.process_thread_unicast_sender_process
                0x000045bc      0x1b2 unicast-sender.co
 .any.text.purge_registrations
                0x0000476e       0x7a contiki-z1.a(servreg-hack.o)
 .any.text.servreg_hack_init
                0x000047e8       0x2e contiki-z1.a(servreg-hack.o)
                0x000047e8                servreg_hack_init
 .any.text.servreg_hack_list_head
                0x00004816        0xe contiki-z1.a(servreg-hack.o)
                0x00004816                servreg_hack_list_head
 .any.text.process_thread_servreg_hack_process
                0x00004824      0x216 contiki-z1.a(servreg-hack.o)
 .any.text.servreg_hack_lookup
                0x00004a3a       0x2a contiki-z1.a(servreg-hack.o)
                0x00004a3a                servreg_hack_lookup
 .any.text.init_platform
                0x00004a64        0xc contiki-z1.a(contiki-z1-plat)
                0x00004a64                init_platform
 .any.text.msp430_init_dco
                0x00004a70       0x28 contiki-z1.a(msp430.o)
                0x00004a70                msp430_init_dco
 .any.text.splhigh_
                0x00004a98        0x8 contiki-z1.a(msp430.o)
                0x00004a98                splhigh_
 .any.text.msp430_sync_dco
                0x00004aa0       0x6e contiki-z1.a(msp430.o)
                0x00004aa0                msp430_sync_dco
 .any.text.msp430_cpu_init
                0x00004b0e       0x2a contiki-z1.a(msp430.o)
                0x00004b0e                msp430_cpu_init
 .any.text.show_leds
                0x00004b38       0xe8 contiki-z1.a(leds.o)
 .any.text.leds_init
                0x00004c20        0xa contiki-z1.a(leds.o)
                0x00004c20                leds_init
 .any.text.leds_on
                0x00004c2a        0xa contiki-z1.a(leds.o)
                0x00004c2a                leds_on
 .any.text.leds_off
                0x00004c34        0xe contiki-z1.a(leds.o)
                0x00004c34                leds_off
 .any.text.watchdog_start
                0x00004c42       0x14 contiki-z1.a(watchdog.o)
                0x00004c42                watchdog_start
 .any.text.watchdog_periodic
                0x00004c56       0x12 contiki-z1.a(watchdog.o)
                0x00004c56                watchdog_periodic
 .any.text.watchdog_stop
                0x00004c68       0x16 contiki-z1.a(watchdog.o)
                0x00004c68                watchdog_stop
 .any.text.watchdog_init
                0x00004c7e       0x12 contiki-z1.a(watchdog.o)
                0x00004c7e                watchdog_init
 .any.text.wait_ready
                0x00004c90       0x46 contiki-z1.a(xmem.o)
 .any.text.xmem_init
                0x00004cd6       0x1e contiki-z1.a(xmem.o)
                0x00004cd6                xmem_init
 .any.text.xmem_pread
                0x00004cf4       0xc2 contiki-z1.a(xmem.o)
                0x00004cf4                xmem_pread
 .any.text.spi_init
                0x00004db6       0x32 contiki-z1.a(spi.o)
                0x00004db6                spi_init
 .any.text.get_object
                0x00004de8        0x4 contiki-z1.a(cc2420.o)
 .any.text.set_object
                0x00004dec        0x4 contiki-z1.a(cc2420.o)
 .any.text.strobe
                0x00004df0       0x1a contiki-z1.a(cc2420.o)
 .any.text.getreg
                0x00004e0a       0x46 contiki-z1.a(cc2420.o)
 .any.text.setreg
                0x00004e50       0x44 contiki-z1.a(cc2420.o)
 .any.text.write_ram
                0x00004e94       0x72 contiki-z1.a(cc2420.o)
 .any.text.write_fifo_buf
                0x00004f06       0x38 contiki-z1.a(cc2420.o)
 .any.text.get_status
                0x00004f3e       0x1e contiki-z1.a(cc2420.o)
 .any.text.set_txpower
                0x00004f5c       0x24 contiki-z1.a(cc2420.o)
 .any.text.cc2420_receiving_packet
                0x00004f80        0xa contiki-z1.a(cc2420.o)
 .any.text.pending_packet
                0x00004f8a        0xa contiki-z1.a(cc2420.o)
 .any.text.on   0x00004f94       0x1e contiki-z1.a(cc2420.o)
 .any.text.wait_for_transmission
                0x00004fb2       0x22 contiki-z1.a(cc2420.o)
 .any.text.wait_for_status
                0x00004fd4       0x24 contiki-z1.a(cc2420.o)
 .any.text.getrxdata
                0x00004ff8       0x4c contiki-z1.a(cc2420.o)
 .any.text.flushrx
                0x00005044       0x1a contiki-z1.a(cc2420.o)
 .any.text.off  0x0000505e       0x52 contiki-z1.a(cc2420.o)
 .any.text.RELEASE_LOCK
                0x000050b0       0x28 contiki-z1.a(cc2420.o)
 .any.text.cc2420_prepare
                0x000050d8       0x38 contiki-z1.a(cc2420.o)
 .any.text.cc2420_on
                0x00005110       0x22 contiki-z1.a(cc2420.o)
                0x00005110                cc2420_on
 .any.text.cc2420_off
                0x00005132       0x30 contiki-z1.a(cc2420.o)
                0x00005132                cc2420_off
 .any.text.cc2420_cca
                0x00005162       0x54 contiki-z1.a(cc2420.o)
 .any.text.cc2420_read
                0x000051b6       0xa8 contiki-z1.a(cc2420.o)
 .any.text.process_thread_cc2420_process
                0x0000525e       0x54 contiki-z1.a(cc2420.o)
 .any.text.cc2420_set_channel
                0x000052b2       0x3a contiki-z1.a(cc2420.o)
                0x000052b2                cc2420_set_channel
 .any.text.cc2420_set_pan_addr
                0x000052ec       0x4c contiki-z1.a(cc2420.o)
                0x000052ec                cc2420_set_pan_addr
 .any.text.cc2420_interrupt
                0x00005338       0x16 contiki-z1.a(cc2420.o)
                0x00005338                cc2420_interrupt
 .any.text.cc2420_set_txpower
                0x0000534e        0xe contiki-z1.a(cc2420.o)
                0x0000534e                cc2420_set_txpower
 .any.text.cc2420_get_txpower
                0x0000535c       0x1e contiki-z1.a(cc2420.o)
                0x0000535c                cc2420_get_txpower
 .any.text.cc2420_transmit
                0x0000537a      0x108 contiki-z1.a(cc2420.o)
 .any.text.cc2420_send
                0x00005482       0x12 contiki-z1.a(cc2420.o)
 .any.text.cc2420_rssi
                0x00005494       0x48 contiki-z1.a(cc2420.o)
                0x00005494                cc2420_rssi
 .any.text.get_value
                0x000054dc       0xa8 contiki-z1.a(cc2420.o)
 .any.text.cc2420_set_cca_threshold
                0x00005584       0x16 contiki-z1.a(cc2420.o)
                0x00005584                cc2420_set_cca_threshold
 .any.text.set_value
                0x0000559a       0x80 contiki-z1.a(cc2420.o)
 .any.text.cc2420_init
                0x0000561a       0xd8 contiki-z1.a(cc2420.o)
                0x0000561a                cc2420_init
 .any.text.cc2420_arch_init
                0x000056f2       0x1a contiki-z1.a(cc2420-arch.o)
                0x000056f2                cc2420_arch_init
 .any.text.node_id_restore
                0x0000570c       0x4c contiki-z1.a(node-id.o)
                0x0000570c                node_id_restore
 .any.text.process_thread_sensors_process
                0x00005758       0xc2 contiki-z1.a(sensors.o)
 .any.text.sensors_changed
                0x0000581a       0x2a contiki-z1.a(sensors.o)
                0x0000581a                sensors_changed
 .any.text.status
                0x00005844       0x18 contiki-z1.a(button-sensor.o)
 .any.text.value
                0x0000585c       0x20 contiki-z1.a(button-sensor.o)
 .any.text.configure
                0x0000587c       0x4e contiki-z1.a(button-sensor.o)
 .any.text.uart0_active
                0x000058ca        0xe contiki-z1.a(uart0.o)
                0x000058ca                uart0_active
 .any.text.uart0_writeb
                0x000058d8       0x16 contiki-z1.a(uart0.o)
                0x000058d8                uart0_writeb
 .any.text.uart0_init
                0x000058ee       0x40 contiki-z1.a(uart0.o)
                0x000058ee                uart0_init
 .any.text.putchar
                0x0000592e       0x10 contiki-z1.a(uart0-putchar.o)
                0x0000592e                putchar
 .any.text.accm_write_reg
                0x0000593e       0x2e contiki-z1.a(adxl345.o)
                0x0000593e                accm_write_reg
 .any.text.accm_write_stream
                0x0000596c       0x2a contiki-z1.a(adxl345.o)
                0x0000596c                accm_write_stream
 .any.text.accm_read_reg
                0x00005996       0x54 contiki-z1.a(adxl345.o)
                0x00005996                accm_read_reg
 .any.text.process_thread_accmeter_process
                0x000059ea       0x56 contiki-z1.a(adxl345.o)
 .any.text.accm_init
                0x00005a40       0x8c contiki-z1.a(adxl345.o)
                0x00005a40                accm_init
 .any.text.clock_time
                0x00005acc       0x1a contiki-z1.a(clock.o)
                0x00005acc                clock_time
 .any.text.clock_init
                0x00005ae6       0x28 contiki-z1.a(clock.o)
                0x00005ae6                clock_init
 .any.text.clock_delay
                0x00005b0e        0xc contiki-z1.a(clock.o)
                0x00005b0e                clock_delay
 .any.text.clock_wait
                0x00005b1a       0x24 contiki-z1.a(clock.o)
                0x00005b1a                clock_wait
 .any.text.clock_seconds
                0x00005b3e       0x1a contiki-z1.a(clock.o)
                0x00005b3e                clock_seconds
 .any.text.leds_arch_init
                0x00005b58        0xe contiki-z1.a(leds-arch.o)
                0x00005b58                leds_arch_init
 .any.text.leds_arch_set
                0x00005b66       0x38 contiki-z1.a(leds-arch.o)
                0x00005b66                leds_arch_set
 .any.text.rtimer_arch_init
                0x00005b9e        0xe contiki-z1.a(rtimer-arch.o)
                0x00005b9e                rtimer_arch_init
 .any.text.rtimer_arch_now
                0x00005bac        0xe contiki-z1.a(rtimer-arch.o)
                0x00005bac                rtimer_arch_now
 .any.text.rtimer_arch_schedule
                0x00005bba        0x6 contiki-z1.a(rtimer-arch.o)
                0x00005bba                rtimer_arch_schedule
 .any.text.autostart_start
                0x00005bc0       0x16 contiki-z1.a(autostart.o)
                0x00005bc0                autostart_start
 .any.text.process_thread_ctimer_process
                0x00005bd6       0xa0 contiki-z1.a(ctimer.o)
 .any.text.ctimer_init
                0x00005c76       0x18 contiki-z1.a(ctimer.o)
                0x00005c76                ctimer_init
 .any.text.ctimer_set
                0x00005c8e       0x48 contiki-z1.a(ctimer.o)
                0x00005c8e                ctimer_set
 .any.text.ctimer_reset
                0x00005cd6       0x2c contiki-z1.a(ctimer.o)
                0x00005cd6                ctimer_reset
 .any.text.ctimer_stop
                0x00005d02       0x28 contiki-z1.a(ctimer.o)
                0x00005d02                ctimer_stop
 .any.text.energest_init
                0x00005d2a       0x24 contiki-z1.a(energest.o)
                0x00005d2a                energest_init
 .any.text.energest_type_time
                0x00005d4e       0x3c contiki-z1.a(energest.o)
                0x00005d4e                energest_type_time
 .any.text.energest_type_set
                0x00005d8a        0xc contiki-z1.a(energest.o)
                0x00005d8a                energest_type_set
 .any.text.energest_flush
                0x00005d96       0x38 contiki-z1.a(energest.o)
                0x00005d96                energest_flush
 .any.text.update_time
                0x00005dce       0x70 contiki-z1.a(etimer.o)
 .any.text.etimer_request_poll
                0x00005e3e        0xa contiki-z1.a(etimer.o)
                0x00005e3e                etimer_request_poll
 .any.text.process_thread_etimer_process
                0x00005e48       0xc4 contiki-z1.a(etimer.o)
 .any.text.add_timer
                0x00005f0c       0x40 contiki-z1.a(etimer.o)
 .any.text.etimer_set
                0x00005f4c       0x12 contiki-z1.a(etimer.o)
                0x00005f4c                etimer_set
 .any.text.etimer_reset
                0x00005f5e       0x12 contiki-z1.a(etimer.o)
                0x00005f5e                etimer_reset
 .any.text.etimer_restart
                0x00005f70       0x12 contiki-z1.a(etimer.o)
                0x00005f70                etimer_restart
 .any.text.etimer_expired
                0x00005f82        0xe contiki-z1.a(etimer.o)
                0x00005f82                etimer_expired
 .any.text.etimer_expiration_time
                0x00005f90       0x14 contiki-z1.a(etimer.o)
                0x00005f90                etimer_expiration_time
 .any.text.etimer_pending
                0x00005fa4        0xc contiki-z1.a(etimer.o)
                0x00005fa4                etimer_pending
 .any.text.etimer_next_expiration_time
                0x00005fb0       0x16 contiki-z1.a(etimer.o)
                0x00005fb0                etimer_next_expiration_time
 .any.text.etimer_stop
                0x00005fc6       0x3e contiki-z1.a(etimer.o)
                0x00005fc6                etimer_stop
 .any.text.call_process
                0x00006004       0x40 contiki-z1.a(process.o)
 .any.text.exit_process
                0x00006044       0x88 contiki-z1.a(process.o)
 .any.text.do_poll
                0x000060cc       0x30 contiki-z1.a(process.o)
 .any.text.process_alloc_event
                0x000060fc        0xe contiki-z1.a(process.o)
                0x000060fc                process_alloc_event
 .any.text.process_init
                0x0000610a       0x1c contiki-z1.a(process.o)
                0x0000610a                process_init
 .any.text.process_run
                0x00006126       0xa4 contiki-z1.a(process.o)
                0x00006126                process_run
 .any.text.process_nevents
                0x000061ca        0xe contiki-z1.a(process.o)
                0x000061ca                process_nevents
 .any.text.process_post
                0x000061d8       0x50 contiki-z1.a(process.o)
                0x000061d8                process_post
 .any.text.process_post_synch
                0x00006228       0x12 contiki-z1.a(process.o)
                0x00006228                process_post_synch
 .any.text.process_start
                0x0000623a       0x36 contiki-z1.a(process.o)
                0x0000623a                process_start
 .any.text.process_poll
                0x00006270       0x18 contiki-z1.a(process.o)
                0x00006270                process_poll
 .any.text.rtimer_init
                0x00006288        0x6 contiki-z1.a(rtimer.o)
                0x00006288                rtimer_init
 .any.text.rtimer_set
                0x0000628e       0x24 contiki-z1.a(rtimer.o)
                0x0000628e                rtimer_set
 .any.text.rtimer_run_next
                0x000062b2       0x26 contiki-z1.a(rtimer.o)
                0x000062b2                rtimer_run_next
 .any.text.timer_set
                0x000062d8       0x1c contiki-z1.a(timer.o)
                0x000062d8                timer_set
 .any.text.timer_reset
                0x000062f4        0xe contiki-z1.a(timer.o)
                0x000062f4                timer_reset
 .any.text.timer_restart
                0x00006302       0x14 contiki-z1.a(timer.o)
                0x00006302                timer_restart
 .any.text.timer_expired
                0x00006316       0x2a contiki-z1.a(timer.o)
                0x00006316                timer_expired
 .any.text.list_init
                0x00006340        0x6 contiki-z1.a(list.o)
                0x00006340                list_init
 .any.text.list_head
                0x00006346        0x4 contiki-z1.a(list.o)
                0x00006346                list_head
 .any.text.list_tail
                0x0000634a       0x12 contiki-z1.a(list.o)
                0x0000634a                list_tail
 .any.text.list_remove
                0x0000635c       0x34 contiki-z1.a(list.o)
                0x0000635c                list_remove
 .any.text.list_push
                0x00006390       0x16 contiki-z1.a(list.o)
                0x00006390                list_push
 .any.text.list_add
                0x000063a6       0x26 contiki-z1.a(list.o)
                0x000063a6                list_add
 .any.text.list_length
                0x000063cc       0x10 contiki-z1.a(list.o)
                0x000063cc                list_length
 .any.text.list_item_next
                0x000063dc        0xc contiki-z1.a(list.o)
                0x000063dc                list_item_next
 .any.text.memb_init
                0x000063e8       0x36 contiki-z1.a(memb.o)
                0x000063e8                memb_init
 .any.text.memb_alloc
                0x0000641e       0x3e contiki-z1.a(memb.o)
                0x0000641e                memb_alloc
 .any.text.memb_free
                0x0000645c       0x3a contiki-z1.a(memb.o)
                0x0000645c                memb_free
 .any.text.memb_inmemb
                0x00006496       0x2a contiki-z1.a(memb.o)
                0x00006496                memb_inmemb
 .any.text.memb_numfree
                0x000064c0       0x26 contiki-z1.a(memb.o)
                0x000064c0                memb_numfree
 .any.text.random_rand
                0x000064e6        0x6 contiki-z1.a(random.o)
                0x000064e6                random_rand
 .any.text.set_packet_attrs
                0x000064ec       0x46 contiki-z1.a(sicslowpan.o)
 .any.text.addr_context_lookup_by_number
                0x00006532       0x30 contiki-z1.a(sicslowpan.o)
 .any.text.compress_addr_64
                0x00006562       0x9a contiki-z1.a(sicslowpan.o)
 .any.text.uncompress_addr
                0x000065fc       0x96 contiki-z1.a(sicslowpan.o)
 .any.text.input
                0x00006692      0x5e2 contiki-z1.a(sicslowpan.o)
 .any.text.sicslowpan_init
                0x00006c74       0x26 contiki-z1.a(sicslowpan.o)
                0x00006c74                sicslowpan_init
 .any.text.addr_context_lookup_by_prefix
                0x00006c9a       0x4a contiki-z1.a(sicslowpan.o)
 .any.text.packet_sent
                0x00006ce4       0x22 contiki-z1.a(sicslowpan.o)
 .any.text.send_packet
                0x00006d06       0x1a contiki-z1.a(sicslowpan.o)
 .any.text.output
                0x00006d20      0x684 contiki-z1.a(sicslowpan.o)
 .any.text.chksum
                0x000073a4       0x32 contiki-z1.a(uip6.o)
 .any.text.upper_layer_chksum
                0x000073d6       0x56 contiki-z1.a(uip6.o)
 .any.text.ext_hdr_options_process
                0x0000742c       0xc2 contiki-z1.a(uip6.o)
 .any.text.uip_add32
                0x000074ee       0x60 contiki-z1.a(uip6.o)
                0x000074ee                uip_add32
 .any.text.uip_add_rcv_nxt
                0x0000754e       0x2e contiki-z1.a(uip6.o)
 .any.text.uip_icmp6chksum
                0x0000757c        0xa contiki-z1.a(uip6.o)
                0x0000757c                uip_icmp6chksum
 .any.text.uip_tcpchksum
                0x00007586        0xa contiki-z1.a(uip6.o)
                0x00007586                uip_tcpchksum
 .any.text.uip_udpchksum
                0x00007590        0xa contiki-z1.a(uip6.o)
                0x00007590                uip_udpchksum
 .any.text.uip_init
                0x0000759a       0x62 contiki-z1.a(uip6.o)
                0x0000759a                uip_init
 .any.text.remove_ext_hdr
                0x000075fc       0x54 contiki-z1.a(uip6.o)
                0x000075fc                remove_ext_hdr
 .any.text.uip_udp_new
                0x00007650       0xb8 contiki-z1.a(uip6.o)
                0x00007650                uip_udp_new
 .any.text.uip_unlisten
                0x00007708       0x2a contiki-z1.a(uip6.o)
                0x00007708                uip_unlisten
 .any.text.uip_process
                0x00007732      0xdfe contiki-z1.a(uip6.o)
                0x00007732                uip_process
 .any.text.uip_htonl
                0x00008530       0x2a contiki-z1.a(uip6.o)
                0x00008530                uip_htonl
 .any.text.uip_ds6_list_loop
                0x0000855a       0x66 contiki-z1.a(uip-ds6.o)
                0x0000855a                uip_ds6_list_loop
 .any.text.uip_ds6_prefix_add
                0x000085c0       0x70 contiki-z1.a(uip-ds6.o)
                0x000085c0                uip_ds6_prefix_add
 .any.text.uip_ds6_is_addr_onlink
                0x00008630       0x42 contiki-z1.a(uip-ds6.o)
                0x00008630                uip_ds6_is_addr_onlink
 .any.text.uip_ds6_addr_lookup
                0x00008672       0x2a contiki-z1.a(uip-ds6.o)
                0x00008672                uip_ds6_addr_lookup
 .any.text.uip_ds6_get_link_local
                0x0000869c       0x3e contiki-z1.a(uip-ds6.o)
                0x0000869c                uip_ds6_get_link_local
 .any.text.uip_ds6_maddr_add
                0x000086da       0x48 contiki-z1.a(uip-ds6.o)
                0x000086da                uip_ds6_maddr_add
 .any.text.uip_ds6_addr_add
                0x00008722       0xb4 contiki-z1.a(uip-ds6.o)
                0x00008722                uip_ds6_addr_add
 .any.text.uip_ds6_maddr_rm
                0x000087d6        0xa contiki-z1.a(uip-ds6.o)
                0x000087d6                uip_ds6_maddr_rm
 .any.text.uip_ds6_maddr_lookup
                0x000087e0       0x2a contiki-z1.a(uip-ds6.o)
                0x000087e0                uip_ds6_maddr_lookup
 .any.text.uip_ds6_addr_rm
                0x0000880a       0x54 contiki-z1.a(uip-ds6.o)
                0x0000880a                uip_ds6_addr_rm
 .any.text.uip_ds6_periodic
                0x0000885e       0x4a contiki-z1.a(uip-ds6.o)
                0x0000885e                uip_ds6_periodic
 .any.text.uip_ds6_set_addr_iid
                0x000088a8       0x14 contiki-z1.a(uip-ds6.o)
                0x000088a8                uip_ds6_set_addr_iid
 .any.text.get_match_length
                0x000088bc       0x3c contiki-z1.a(uip-ds6.o)
                0x000088bc                get_match_length
 .any.text.uip_ds6_select_src
                0x000088f8       0x9a contiki-z1.a(uip-ds6.o)
                0x000088f8                uip_ds6_select_src
 .any.text.uip_ds6_compute_reachable_time
                0x00008992       0x36 contiki-z1.a(uip-ds6.o)
                0x00008992                uip_ds6_compute_reachable_time
 .any.text.uip_ds6_init
                0x000089c8      0x138 contiki-z1.a(uip-ds6.o)
                0x000089c8                uip_ds6_init
 .any.text.uip_ds6_nbr_rm
                0x00008b00       0x1a contiki-z1.a(uip-ds6-nbr.o)
                0x00008b00                uip_ds6_nbr_rm
 .any.text.uip_ds6_neighbors_init
                0x00008b1a        0xe contiki-z1.a(uip-ds6-nbr.o)
                0x00008b1a                uip_ds6_neighbors_init
 .any.text.uip_ds6_nbr_add
                0x00008b28       0x54 contiki-z1.a(uip-ds6-nbr.o)
                0x00008b28                uip_ds6_nbr_add
 .any.text.uip_ds6_nbr_get_ll
                0x00008b7c        0xc contiki-z1.a(uip-ds6-nbr.o)
                0x00008b7c                uip_ds6_nbr_get_ll
 .any.text.uip_ds6_nbr_lookup
                0x00008b88       0x3e contiki-z1.a(uip-ds6-nbr.o)
                0x00008b88                uip_ds6_nbr_lookup
 .any.text.uip_ds6_nbr_ll_lookup
                0x00008bc6        0xc contiki-z1.a(uip-ds6-nbr.o)
                0x00008bc6                uip_ds6_nbr_ll_lookup
 .any.text.uip_ds6_nbr_ipaddr_from_lladdr
                0x00008bd2        0x6 contiki-z1.a(uip-ds6-nbr.o)
                0x00008bd2                uip_ds6_nbr_ipaddr_from_lladdr
 .any.text.uip_ds6_nbr_lladdr_from_ipaddr
                0x00008bd8       0x12 contiki-z1.a(uip-ds6-nbr.o)
                0x00008bd8                uip_ds6_nbr_lladdr_from_ipaddr
 .any.text.uip_ds6_link_neighbor_callback
                0x00008bea       0x26 contiki-z1.a(uip-ds6-nbr.o)
                0x00008bea                uip_ds6_link_neighbor_callback
 .any.text.uip_ds6_neighbor_periodic
                0x00008c10      0x11e contiki-z1.a(uip-ds6-nbr.o)
                0x00008c10                uip_ds6_neighbor_periodic
 .any.text.call_route_callback
                0x00008d2e       0x40 contiki-z1.a(uip-ds6-route.o)
 .any.text.uip_ds6_route_init
                0x00008d6e       0x36 contiki-z1.a(uip-ds6-route.o)
                0x00008d6e                uip_ds6_route_init
 .any.text.uip_ds6_route_nexthop
                0x00008da4       0x1a contiki-z1.a(uip-ds6-route.o)
                0x00008da4                uip_ds6_route_nexthop
 .any.text.uip_ds6_route_head
                0x00008dbe        0xa contiki-z1.a(uip-ds6-route.o)
                0x00008dbe                uip_ds6_route_head
 .any.text.uip_ds6_route_next
                0x00008dc8        0xe contiki-z1.a(uip-ds6-route.o)
                0x00008dc8                uip_ds6_route_next
 .any.text.uip_ds6_route_lookup
                0x00008dd6       0x6e contiki-z1.a(uip-ds6-route.o)
                0x00008dd6                uip_ds6_route_lookup
 .any.text.uip_ds6_route_rm
                0x00008e44       0xa2 contiki-z1.a(uip-ds6-route.o)
                0x00008e44                uip_ds6_route_rm
 .any.text.rm_routelist
                0x00008ee6       0x34 contiki-z1.a(uip-ds6-route.o)
 .any.text.rm_routelist_callback
                0x00008f1a        0x6 contiki-z1.a(uip-ds6-route.o)
 .any.text.uip_ds6_route_add
                0x00008f20       0xf8 contiki-z1.a(uip-ds6-route.o)
                0x00008f20                uip_ds6_route_add
 .any.text.uip_ds6_defrt_rm
                0x00009018       0x44 contiki-z1.a(uip-ds6-route.o)
                0x00009018                uip_ds6_defrt_rm
 .any.text.uip_ds6_defrt_lookup
                0x0000905c       0x32 contiki-z1.a(uip-ds6-route.o)
                0x0000905c                uip_ds6_defrt_lookup
 .any.text.uip_ds6_defrt_add
                0x0000908e       0x68 contiki-z1.a(uip-ds6-route.o)
                0x0000908e                uip_ds6_defrt_add
 .any.text.uip_ds6_defrt_choose
                0x000090f6       0x36 contiki-z1.a(uip-ds6-route.o)
                0x000090f6                uip_ds6_defrt_choose
 .any.text.uip_ds6_defrt_periodic
                0x0000912c       0x38 contiki-z1.a(uip-ds6-route.o)
                0x0000912c                uip_ds6_defrt_periodic
 .any.text.echo_reply_input
                0x00009164      0x108 contiki-z1.a(uip-icmp6.o)
 .any.text.echo_request_input
                0x0000926c      0x128 contiki-z1.a(uip-icmp6.o)
 .any.text.uip_icmp6_input
                0x00009394       0x44 contiki-z1.a(uip-icmp6.o)
                0x00009394                uip_icmp6_input
 .any.text.uip_icmp6_register_input_handler
                0x000093d8        0xc contiki-z1.a(uip-icmp6.o)
                0x000093d8                uip_icmp6_register_input_handler
 .any.text.uip_icmp6_error_output
                0x000093e4      0x16c contiki-z1.a(uip-icmp6.o)
                0x000093e4                uip_icmp6_error_output
 .any.text.uip_icmp6_send
                0x00009550       0x84 contiki-z1.a(uip-icmp6.o)
                0x00009550                uip_icmp6_send
 .any.text.uip_icmp6_init
                0x000095d4       0x12 contiki-z1.a(uip-icmp6.o)
                0x000095d4                uip_icmp6_init
 .any.text.na_input
                0x000095e6      0x1a0 contiki-z1.a(uip-nd6.o)
 .any.text.ns_input
                0x00009786      0x246 contiki-z1.a(uip-nd6.o)
 .any.text.uip_nd6_ns_output
                0x000099cc      0x176 contiki-z1.a(uip-nd6.o)
                0x000099cc                uip_nd6_ns_output
 .any.text.uip_nd6_init
                0x00009b42       0x12 contiki-z1.a(uip-nd6.o)
                0x00009b42                uip_nd6_init
 .any.text.process_thread_simple_udp_process
                0x00009b54       0x9e contiki-z1.a(simple-udp.o)
 .any.text.simple_udp_sendto
                0x00009bf2       0x28 contiki-z1.a(simple-udp.o)
                0x00009bf2                simple_udp_sendto
 .any.text.simple_udp_register
                0x00009c1a       0x84 contiki-z1.a(simple-udp.o)
                0x00009c1a                simple_udp_register
 .any.text.start_periodic_tcp_timer
                0x00009c9e       0x16 contiki-z1.a(tcpip.o)
 .any.text.tcpip_output
                0x00009cb4       0x10 contiki-z1.a(tcpip.o)
                0x00009cb4                tcpip_output
 .any.text.tcpip_set_outputfunc
                0x00009cc4        0x6 contiki-z1.a(tcpip.o)
                0x00009cc4                tcpip_set_outputfunc
 .any.text.udp_new
                0x00009cca       0x1a contiki-z1.a(tcpip.o)
                0x00009cca                udp_new
 .any.text.udp_broadcast_new
                0x00009ce4       0x46 contiki-z1.a(tcpip.o)
                0x00009ce4                udp_broadcast_new
 .any.text.tcpip_input
                0x00009d2a       0x16 contiki-z1.a(tcpip.o)
                0x00009d2a                tcpip_input
 .any.text.tcpip_ipv6_output
                0x00009d40      0x14e contiki-z1.a(tcpip.o)
                0x00009d40                tcpip_ipv6_output
 .any.text.process_thread_tcpip_process
                0x00009e8e      0x1ba contiki-z1.a(tcpip.o)
 .any.text.tcpip_uipcall
                0x0000a048       0x70 contiki-z1.a(tcpip.o)
                0x0000a048                tcpip_uipcall
 .any.text.uip_debug_ipaddr_print
                0x0000a0b8       0x72 contiki-z1.a(uip-debug.o)
                0x0000a0b8                uip_debug_ipaddr_print
 .any.text.uip_udp_packet_send
                0x0000a12a       0x2e contiki-z1.a(uip-udp-packet.)
                0x0000a12a                uip_udp_packet_send
 .any.text.uip_udp_packet_sendto
                0x0000a158       0x56 contiki-z1.a(uip-udp-packet.)
                0x0000a158                uip_udp_packet_sendto
 .any.text.rpl_get_mode
                0x0000a1ae        0x6 contiki-z1.a(rpl.o)
                0x0000a1ae                rpl_get_mode
 .any.text.rpl_purge_routes
                0x0000a1b4       0x96 contiki-z1.a(rpl.o)
                0x0000a1b4                rpl_purge_routes
 .any.text.rpl_remove_routes
                0x0000a24a       0x22 contiki-z1.a(rpl.o)
                0x0000a24a                rpl_remove_routes
 .any.text.rpl_remove_routes_by_nexthop
                0x0000a26c       0x3e contiki-z1.a(rpl.o)
                0x0000a26c                rpl_remove_routes_by_nexthop
 .any.text.rpl_add_route
                0x0000a2aa       0x48 contiki-z1.a(rpl.o)
                0x0000a2aa                rpl_add_route
 .any.text.rpl_link_neighbor_callback
                0x0000a2f2       0x74 contiki-z1.a(rpl.o)
                0x0000a2f2                rpl_link_neighbor_callback
 .any.text.rpl_ipv6_neighbor_callback
                0x0000a366       0x1e contiki-z1.a(rpl.o)
                0x0000a366                rpl_ipv6_neighbor_callback
 .any.text.rpl_init
                0x0000a384       0x4a contiki-z1.a(rpl.o)
                0x0000a384                rpl_init
 .any.text.lollipop_greater_than
                0x0000a3ce       0x3c contiki-z1.a(rpl-dag.o)
 .any.text.find_parent_any_dag_any_instance
                0x0000a40a       0x14 contiki-z1.a(rpl-dag.o)
 .any.text.rpl_set_preferred_parent
                0x0000a41e       0x2c contiki-z1.a(rpl-dag.o)
 .any.text.set_ip_from_prefix
                0x0000a44a       0x30 contiki-z1.a(rpl-dag.o)
 .any.text.check_prefix
                0x0000a47a       0x70 contiki-z1.a(rpl-dag.o)
 .any.text.rpl_get_nbr
                0x0000a4ea       0x1e contiki-z1.a(rpl-dag.o)
                0x0000a4ea                rpl_get_nbr
 .any.text.rpl_dag_init
                0x0000a508        0xe contiki-z1.a(rpl-dag.o)
                0x0000a508                rpl_dag_init
 .any.text.rpl_get_parent
                0x0000a516        0xc contiki-z1.a(rpl-dag.o)
                0x0000a516                rpl_get_parent
 .any.text.rpl_get_parent_ipaddr
                0x0000a522       0x10 contiki-z1.a(rpl-dag.o)
                0x0000a522                rpl_get_parent_ipaddr
 .any.text.rpl_set_prefix
                0x0000a532       0x74 contiki-z1.a(rpl-dag.o)
                0x0000a532                rpl_set_prefix
 .any.text.rpl_set_default_route
                0x0000a5a6       0x60 contiki-z1.a(rpl-dag.o)
                0x0000a5a6                rpl_set_default_route
 .any.text.rpl_alloc_instance
                0x0000a606       0x34 contiki-z1.a(rpl-dag.o)
                0x0000a606                rpl_alloc_instance
 .any.text.rpl_add_parent
                0x0000a63a       0x4e contiki-z1.a(rpl-dag.o)
                0x0000a63a                rpl_add_parent
 .any.text.rpl_find_parent
                0x0000a688       0x1c contiki-z1.a(rpl-dag.o)
                0x0000a688                rpl_find_parent
 .any.text.rpl_find_parent_any_dag
                0x0000a6a4       0x24 contiki-z1.a(rpl-dag.o)
                0x0000a6a4                rpl_find_parent_any_dag
 .any.text.rpl_select_parent
                0x0000a6c8       0x76 contiki-z1.a(rpl-dag.o)
                0x0000a6c8                rpl_select_parent
 .any.text.rpl_select_dag
                0x0000a73e      0x196 contiki-z1.a(rpl-dag.o)
                0x0000a73e                rpl_select_dag
 .any.text.rpl_nullify_parent
                0x0000a8d4       0x50 contiki-z1.a(rpl-dag.o)
                0x0000a8d4                rpl_nullify_parent
 .any.text.rpl_remove_parent
                0x0000a924       0x16 contiki-z1.a(rpl-dag.o)
                0x0000a924                rpl_remove_parent
 .any.text.nbr_callback
                0x0000a93a        0x6 contiki-z1.a(rpl-dag.o)
 .any.text.remove_parents.constprop.5
                0x0000a940       0x2e contiki-z1.a(rpl-dag.o)
 .any.text.rpl_move_parent
                0x0000a96e       0x52 contiki-z1.a(rpl-dag.o)
                0x0000a96e                rpl_move_parent
 .any.text.rpl_get_any_dag
                0x0000a9c0       0x16 contiki-z1.a(rpl-dag.o)
                0x0000a9c0                rpl_get_any_dag
 .any.text.rpl_get_instance
                0x0000a9d6       0x16 contiki-z1.a(rpl-dag.o)
                0x0000a9d6                rpl_get_instance
 .any.text.rpl_alloc_dag
                0x0000a9ec       0x60 contiki-z1.a(rpl-dag.o)
                0x0000a9ec                rpl_alloc_dag
 .any.text.rpl_repair_root
                0x0000aa4c       0x4c contiki-z1.a(rpl-dag.o)
                0x0000aa4c                rpl_repair_root
 .any.text.rpl_find_of
                0x0000aa98       0x10 contiki-z1.a(rpl-dag.o)
                0x0000aa98                rpl_find_of
 .any.text.rpl_join_instance
                0x0000aaa8      0x128 contiki-z1.a(rpl-dag.o)
                0x0000aaa8                rpl_join_instance
 .any.text.rpl_local_repair
                0x0000abd0       0x68 contiki-z1.a(rpl-dag.o)
                0x0000abd0                rpl_local_repair
 .any.text.rpl_process_parent_event
                0x0000ac38       0x6c contiki-z1.a(rpl-dag.o)
                0x0000ac38                rpl_process_parent_event
 .any.text.rpl_recalculate_ranks
                0x0000aca4       0x46 contiki-z1.a(rpl-dag.o)
                0x0000aca4                rpl_recalculate_ranks
 .any.text.rpl_add_dag
                0x0000acea      0x102 contiki-z1.a(rpl-dag.o)
                0x0000acea                rpl_add_dag
 .any.text.rpl_process_dio
                0x0000adec      0x2e0 contiki-z1.a(rpl-dag.o)
                0x0000adec                rpl_process_dio
 .any.text.rpl_lock_parent
                0x0000b0cc        0xc contiki-z1.a(rpl-dag.o)
                0x0000b0cc                rpl_lock_parent
 .any.text.rpl_verify_header
                0x0000b0d8       0xae contiki-z1.a(rpl-ext-header.)
                0x0000b0d8                rpl_verify_header
 .any.text.rpl_update_header_empty
                0x0000b186      0x12a contiki-z1.a(rpl-ext-header.)
                0x0000b186                rpl_update_header_empty
 .any.text.rpl_update_header_final
                0x0000b2b0       0x90 contiki-z1.a(rpl-ext-header.)
                0x0000b2b0                rpl_update_header_final
 .any.text.rpl_invert_header
                0x0000b340       0x74 contiki-z1.a(rpl-ext-header.)
                0x0000b340                rpl_invert_header
 .any.text.rpl_insert_header
                0x0000b3b4       0x12 contiki-z1.a(rpl-ext-header.)
                0x0000b3b4                rpl_insert_header
 .any.text.get32
                0x0000b3c6       0x3e contiki-z1.a(rpl-icmp6.o)
 .any.text.set32
                0x0000b404       0x2a contiki-z1.a(rpl-icmp6.o)
 .any.text.get16
                0x0000b42e        0xe contiki-z1.a(rpl-icmp6.o)
 .any.text.set16
                0x0000b43c       0x10 contiki-z1.a(rpl-icmp6.o)
 .any.text.dao_ack_input
                0x0000b44c        0x6 contiki-z1.a(rpl-icmp6.o)
 .any.text.dio_input
                0x0000b452      0x2b0 contiki-z1.a(rpl-icmp6.o)
 .any.text.dis_output
                0x0000b702       0x50 contiki-z1.a(rpl-icmp6.o)
                0x0000b702                dis_output
 .any.text.dio_output
                0x0000b752      0x242 contiki-z1.a(rpl-icmp6.o)
                0x0000b752                dio_output
 .any.text.dis_input
                0x0000b994       0x28 contiki-z1.a(rpl-icmp6.o)
 .any.text.dao_output_target
                0x0000b9bc       0xd0 contiki-z1.a(rpl-icmp6.o)
                0x0000b9bc                dao_output_target
 .any.text.dao_output
                0x0000ba8c       0x68 contiki-z1.a(rpl-icmp6.o)
                0x0000ba8c                dao_output
 .any.text.dao_ack_output
                0x0000baf4       0x32 contiki-z1.a(rpl-icmp6.o)
                0x0000baf4                dao_ack_output
 .any.text.dao_input
                0x0000bb26      0x288 contiki-z1.a(rpl-icmp6.o)
 .any.text.rpl_icmp6_register_handlers
                0x0000bdae       0x22 contiki-z1.a(rpl-icmp6.o)
                0x0000bdae                rpl_icmp6_register_handlers
 .any.text.reset
                0x0000bdd0        0x2 contiki-z1.a(rpl-mrhof.o)
 .any.text.update_metric_container
                0x0000bdd2        0x6 contiki-z1.a(rpl-mrhof.o)
 .any.text.calculate_rank
                0x0000bdd8       0x3e contiki-z1.a(rpl-mrhof.o)
 .any.text.neighbor_link_callback
                0x0000be16       0x8c contiki-z1.a(rpl-mrhof.o)
 .any.text.best_dag
                0x0000bea2       0x2e contiki-z1.a(rpl-mrhof.o)
 .any.text.best_parent
                0x0000bed0       0x68 contiki-z1.a(rpl-mrhof.o)
 .any.text.new_dio_interval
                0x0000bf38       0x8a contiki-z1.a(rpl-timers.o)
 .any.text.set_dao_lifetime_timer
                0x0000bfc2       0x66 contiki-z1.a(rpl-timers.o)
 .any.text.handle_periodic_timer
                0x0000c028       0x2e contiki-z1.a(rpl-timers.o)
 .any.text.schedule_dao
                0x0000c056       0x72 contiki-z1.a(rpl-timers.o)
 .any.text.handle_dio_timer
                0x0000c0c8       0x88 contiki-z1.a(rpl-timers.o)
 .any.text.handle_dao_timer
                0x0000c150       0x64 contiki-z1.a(rpl-timers.o)
 .any.text.rpl_reset_periodic_timer
                0x0000c1b4       0x54 contiki-z1.a(rpl-timers.o)
                0x0000c1b4                rpl_reset_periodic_timer
 .any.text.rpl_reset_dio_timer
                0x0000c208       0x18 contiki-z1.a(rpl-timers.o)
                0x0000c208                rpl_reset_dio_timer
 .any.text.rpl_schedule_dao
                0x0000c220        0xc contiki-z1.a(rpl-timers.o)
                0x0000c220                rpl_schedule_dao
 .any.text.rpl_schedule_probing
                0x0000c22c       0x34 contiki-z1.a(rpl-timers.o)
                0x0000c22c                rpl_schedule_probing
 .any.text.handle_probing_timer
                0x0000c260      0x112 contiki-z1.a(rpl-timers.o)
 .any.text.linkaddr_copy
                0x0000c372        0x8 contiki-z1.a(linkaddr.o)
                0x0000c372                linkaddr_copy
 .any.text.linkaddr_cmp
                0x0000c37a       0x12 contiki-z1.a(linkaddr.o)
                0x0000c37a                linkaddr_cmp
 .any.text.linkaddr_set_node_addr
                0x0000c38c        0xc contiki-z1.a(linkaddr.o)
                0x0000c38c                linkaddr_set_node_addr
 .any.text.item_from_index
                0x0000c398       0x2a contiki-z1.a(nbr-table.o)
 .any.text.index_from_key
                0x0000c3c2       0x26 contiki-z1.a(nbr-table.o)
 .any.text.index_from_item
                0x0000c3e8       0x1e contiki-z1.a(nbr-table.o)
 .any.text.nbr_set_bit
                0x0000c406       0x50 contiki-z1.a(nbr-table.o)
 .any.text.index_from_lladdr
                0x0000c456       0x3e contiki-z1.a(nbr-table.o)
 .any.text.nbr_get_bit.constprop.0
                0x0000c494       0x2c contiki-z1.a(nbr-table.o)
 .any.text.nbr_table_register
                0x0000c4c0       0x26 contiki-z1.a(nbr-table.o)
                0x0000c4c0                nbr_table_register
 .any.text.nbr_table_next
                0x0000c4e6       0x4c contiki-z1.a(nbr-table.o)
                0x0000c4e6                nbr_table_next
 .any.text.nbr_table_head
                0x0000c532       0x36 contiki-z1.a(nbr-table.o)
                0x0000c532                nbr_table_head
 .any.text.nbr_table_add_lladdr
                0x0000c568      0x110 contiki-z1.a(nbr-table.o)
                0x0000c568                nbr_table_add_lladdr
 .any.text.nbr_table_get_from_lladdr
                0x0000c678       0x28 contiki-z1.a(nbr-table.o)
                0x0000c678                nbr_table_get_from_lladdr
 .any.text.nbr_table_remove
                0x0000c6a0       0x2a contiki-z1.a(nbr-table.o)
                0x0000c6a0                nbr_table_remove
 .any.text.nbr_table_lock
                0x0000c6ca       0x10 contiki-z1.a(nbr-table.o)
                0x0000c6ca                nbr_table_lock
 .any.text.nbr_table_unlock
                0x0000c6da       0x10 contiki-z1.a(nbr-table.o)
                0x0000c6da                nbr_table_unlock
 .any.text.nbr_table_get_lladdr
                0x0000c6ea       0x20 contiki-z1.a(nbr-table.o)
                0x0000c6ea                nbr_table_get_lladdr
 .any.text.packetbuf_compact
                0x0000c70a       0x2e contiki-z1.a(packetbuf.o)
                0x0000c70a                packetbuf_compact
 .any.text.packetbuf_copyto
                0x0000c738       0x46 contiki-z1.a(packetbuf.o)
                0x0000c738                packetbuf_copyto
 .any.text.packetbuf_hdrreduce
                0x0000c77e       0x1a contiki-z1.a(packetbuf.o)
                0x0000c77e                packetbuf_hdrreduce
 .any.text.packetbuf_set_datalen
                0x0000c798        0x6 contiki-z1.a(packetbuf.o)
                0x0000c798                packetbuf_set_datalen
 .any.text.packetbuf_dataptr
                0x0000c79e        0xe contiki-z1.a(packetbuf.o)
                0x0000c79e                packetbuf_dataptr
 .any.text.packetbuf_hdrptr
                0x0000c7ac        0xa contiki-z1.a(packetbuf.o)
                0x0000c7ac                packetbuf_hdrptr
 .any.text.packetbuf_datalen
                0x0000c7b6        0x6 contiki-z1.a(packetbuf.o)
                0x0000c7b6                packetbuf_datalen
 .any.text.packetbuf_hdrlen
                0x0000c7bc       0x10 contiki-z1.a(packetbuf.o)
                0x0000c7bc                packetbuf_hdrlen
 .any.text.packetbuf_totlen
                0x0000c7cc        0xc contiki-z1.a(packetbuf.o)
                0x0000c7cc                packetbuf_totlen
 .any.text.packetbuf_hdralloc
                0x0000c7d8       0x2a contiki-z1.a(packetbuf.o)
                0x0000c7d8                packetbuf_hdralloc
 .any.text.packetbuf_attr_clear
                0x0000c802       0x28 contiki-z1.a(packetbuf.o)
                0x0000c802                packetbuf_attr_clear
 .any.text.packetbuf_clear
                0x0000c82a       0x1a contiki-z1.a(packetbuf.o)
                0x0000c82a                packetbuf_clear
 .any.text.packetbuf_copyfrom
                0x0000c844       0x2a contiki-z1.a(packetbuf.o)
                0x0000c844                packetbuf_copyfrom
 .any.text.packetbuf_attr_copyto
                0x0000c86e       0x22 contiki-z1.a(packetbuf.o)
                0x0000c86e                packetbuf_attr_copyto
 .any.text.packetbuf_attr_copyfrom
                0x0000c890       0x24 contiki-z1.a(packetbuf.o)
                0x0000c890                packetbuf_attr_copyfrom
 .any.text.packetbuf_holds_broadcast
                0x0000c8b4        0xe contiki-z1.a(packetbuf.o)
                0x0000c8b4                packetbuf_holds_broadcast
 .any.text.queuebuf_init
                0x0000c8c2       0x12 contiki-z1.a(queuebuf.o)
                0x0000c8c2                queuebuf_init
 .any.text.queuebuf_numfree
                0x0000c8d4        0xa contiki-z1.a(queuebuf.o)
                0x0000c8d4                queuebuf_numfree
 .any.text.queuebuf_new_from_packetbuf
                0x0000c8de       0x4e contiki-z1.a(queuebuf.o)
                0x0000c8de                queuebuf_new_from_packetbuf
 .any.text.queuebuf_update_attr_from_packetbuf
                0x0000c92c       0x12 contiki-z1.a(queuebuf.o)
                0x0000c92c                queuebuf_update_attr_from_packetbuf
 .any.text.queuebuf_update_from_packetbuf
                0x0000c93e       0x22 contiki-z1.a(queuebuf.o)
                0x0000c93e                queuebuf_update_from_packetbuf
 .any.text.queuebuf_free
                0x0000c960       0x2a contiki-z1.a(queuebuf.o)
                0x0000c960                queuebuf_free
 .any.text.queuebuf_to_packetbuf
                0x0000c98a       0x32 contiki-z1.a(queuebuf.o)
                0x0000c98a                queuebuf_to_packetbuf
 .any.text.queuebuf_attr
                0x0000c9bc        0xe contiki-z1.a(queuebuf.o)
                0x0000c9bc                queuebuf_attr
 .any.text.input_packet
                0x0000c9ca        0x6 contiki-z1.a(csma.o)
 .any.text.on   0x0000c9d0        0x6 contiki-z1.a(csma.o)
 .any.text.off  0x0000c9d6        0x6 contiki-z1.a(csma.o)
 .any.text.channel_check_interval
                0x0000c9dc       0x10 contiki-z1.a(csma.o)
 .any.text.transmit_packet_list
                0x0000c9ec       0x24 contiki-z1.a(csma.o)
 .any.text.init
                0x0000ca10       0x1a contiki-z1.a(csma.o)
 .any.text.send_packet
                0x0000ca2a      0x16e contiki-z1.a(csma.o)
 .any.text.free_packet
                0x0000cb98       0x94 contiki-z1.a(csma.o)
 .any.text.packet_sent
                0x0000cc2c      0x114 contiki-z1.a(csma.o)
 .any.text.create_frame.isra.0
                0x0000cd40      0x104 contiki-z1.a(framer-802154.o)
 .any.text.create
                0x0000ce44        0x8 contiki-z1.a(framer-802154.o)
 .any.text.hdr_length
                0x0000ce4c        0x8 contiki-z1.a(framer-802154.o)
 .any.text.parse
                0x0000ce54       0xa2 contiki-z1.a(framer-802154.o)
 .any.text.framer_canonical_create_and_secure
                0x0000cef6       0x20 contiki-z1.a(framer.o)
                0x0000cef6                framer_canonical_create_and_secure
 .any.text.mac_call_sent_callback
                0x0000cf16       0x14 contiki-z1.a(mac.o)
                0x0000cf16                mac_call_sent_callback
 .any.text.duty_cycle
                0x0000cf2a        0x6 contiki-z1.a(contikimac.o)
 .any.text.init
                0x0000cf30       0x2a contiki-z1.a(contikimac.o)
 .any.text.on   0x0000cf5a       0x1a contiki-z1.a(contikimac.o)
 .any.text.off  0x0000cf74       0x22 contiki-z1.a(contikimac.o)
 .any.text.recv_burst_off
                0x0000cf96        0xa contiki-z1.a(contikimac.o)
 .any.text.powercycle_turn_radio_off
                0x0000cfa0       0x14 contiki-z1.a(contikimac.o)
 .any.text.turn_off
                0x0000cfb4       0x20 contiki-z1.a(contikimac.o)
 .any.text.turn_on
                0x0000cfd4       0x30 contiki-z1.a(contikimac.o)
 .any.text.schedule_powercycle_fixed.part.5
                0x0000d004       0x34 contiki-z1.a(contikimac.o)
 .any.text.input_packet
                0x0000d038       0x94 contiki-z1.a(contikimac.o)
 .any.text.send_packet.isra.7
                0x0000d0cc      0x1d8 contiki-z1.a(contikimac.o)
 .any.text.qsend_list
                0x0000d2a4       0xb0 contiki-z1.a(contikimac.o)
 .any.text.qsend_packet
                0x0000d354       0x28 contiki-z1.a(contikimac.o)
 .any.text.powercycle
                0x0000d37c      0x1d2 contiki-z1.a(contikimac.o)
 .any.text.bootstrap
                0x0000d54e        0x4 contiki-z1.a(nullsec.o)
 .any.text.send
                0x0000d552        0xa contiki-z1.a(nullsec.o)
 .any.text.on_frame_created
                0x0000d55c        0x4 contiki-z1.a(nullsec.o)
 .any.text.input
                0x0000d560        0x6 contiki-z1.a(nullsec.o)
 .any.text.get_overhead
                0x0000d566        0x4 contiki-z1.a(nullsec.o)
 .any.text.i2c_receiveinit
                0x0000d56a       0x36 contiki-z1.a(i2cmaster.o)
                0x0000d56a                i2c_receiveinit
 .any.text.i2c_transmitinit
                0x0000d5a0       0x30 contiki-z1.a(i2cmaster.o)
                0x0000d5a0                i2c_transmitinit
 .any.text.i2c_receive_n
                0x0000d5d0       0x3e contiki-z1.a(i2cmaster.o)
                0x0000d5d0                i2c_receive_n
 .any.text.i2c_busy
                0x0000d60e        0xa contiki-z1.a(i2cmaster.o)
                0x0000d60e                i2c_busy
 .any.text.i2c_enable
                0x0000d618       0x22 contiki-z1.a(i2cmaster.o)
                0x0000d618                i2c_enable
 .any.text.i2c_transmit_n
                0x0000d63a       0x14 contiki-z1.a(i2cmaster.o)
                0x0000d63a                i2c_transmit_n
 .any.text.stimer_set
                0x0000d64e       0x1c contiki-z1.a(stimer.o)
                0x0000d64e                stimer_set
 .any.text.stimer_expired
                0x0000d66a       0x30 contiki-z1.a(stimer.o)
                0x0000d66a                stimer_expired
 .any.text.field_len
                0x0000d69a       0x8c contiki-z1.a(frame802154.o)
 .any.text.frame802154_hdrlen
                0x0000d726       0x2e contiki-z1.a(frame802154.o)
                0x0000d726                frame802154_hdrlen
 .any.text.frame802154_create
                0x0000d754      0x112 contiki-z1.a(frame802154.o)
                0x0000d754                frame802154_create
 .any.text.frame802154_parse
                0x0000d866      0x16c contiki-z1.a(frame802154.o)
                0x0000d866                frame802154_parse
 .any.text.mac_sequence_is_duplicate
                0x0000d9d2       0x3c contiki-z1.a(mac-sequence.o)
                0x0000d9d2                mac_sequence_is_duplicate
 .any.text.mac_sequence_register_seqno
                0x0000da0e       0x6a contiki-z1.a(mac-sequence.o)
                0x0000da0e                mac_sequence_register_seqno

.rodata         0x0000da78      0x453
                0x0000da78                . = ALIGN (0x2)
 *(.rodata .rodata.* .gnu.linkonce.r.*)
 .rodata.receiver
                0x0000da78       0x36 unicast-sender.co
 .rodata.process_thread_unicast_sender_process
                0x0000daae       0x46 unicast-sender.co
 .rodata.autostart_processes
                0x0000daf4        0x4 unicast-sender.co
                0x0000daf4                autostart_processes
 .rodata        0x0000daf8       0x1f unicast-sender.co
 .rodata        0x0000db17      0x115 obj_z1/contiki-z1-main.o
 .rodata.servreg_hack_register
                0x0000dc2c       0x84 contiki-z1.a(servreg-hack.o)
 .rodata        0x0000dcb0       0x15 contiki-z1.a(servreg-hack.o)
 *fill*         0x0000dcc5        0x3 00
 .rodata.get_value
                0x0000dcc8       0x38 contiki-z1.a(cc2420.o)
 .rodata.cc2420_driver
                0x0000dd00       0x38 contiki-z1.a(cc2420.o)
                0x0000dd00                cc2420_driver
 .rodata        0x0000dd38        0xe contiki-z1.a(cc2420.o)
 .rodata.output_power
                0x0000dd46       0x10 contiki-z1.a(cc2420.o)
 .rodata        0x0000dd56        0x8 contiki-z1.a(sensors.o)
 .rodata        0x0000dd5e        0x7 contiki-z1.a(button-sensor.o)
 *fill*         0x0000dd65        0x1 00
 .rodata.button_sensor
                0x0000dd66        0xe contiki-z1.a(button-sensor.o)
                0x0000dd66                button_sensor
 .rodata        0x0000dd74       0x16 contiki-z1.a(adxl345.o)
 .rodata        0x0000dd8a        0xf contiki-z1.a(ctimer.o)
 .rodata        0x0000dd99        0xc contiki-z1.a(etimer.o)
 .rodata        0x0000dda5        0xb contiki-z1.a(sicslowpan.o)
 .rodata.sicslowpan_driver
                0x0000ddb0        0xa contiki-z1.a(sicslowpan.o)
                0x0000ddb0                sicslowpan_driver
 .rodata.llprefix
                0x0000ddba        0x2 contiki-z1.a(sicslowpan.o)
                0x0000ddba                llprefix
 .rodata.unc_mxconf
                0x0000ddbc        0x4 contiki-z1.a(sicslowpan.o)
                0x0000ddbc                unc_mxconf
 .rodata.unc_ctxconf
                0x0000ddc0        0x4 contiki-z1.a(sicslowpan.o)
                0x0000ddc0                unc_ctxconf
 .rodata.unc_llconf
                0x0000ddc4        0x4 contiki-z1.a(sicslowpan.o)
                0x0000ddc4                unc_llconf
 .rodata.ttl_values
                0x0000ddc8        0x4 contiki-z1.a(sicslowpan.o)
 .rodata.uip_process
                0x0000ddcc       0x40 contiki-z1.a(uip6.o)
 .rodata        0x0000de0c       0x13 contiki-z1.a(simple-udp.o)
 .rodata        0x0000de1f        0xd contiki-z1.a(tcpip.o)
 .rodata.uip_debug_ipaddr_print
                0x0000de2c       0x15 contiki-z1.a(uip-debug.o)
 *fill*         0x0000de41        0x1 00
 .rodata.linkaddr_null
                0x0000de42        0x8 contiki-z1.a(linkaddr.o)
                0x0000de42                linkaddr_null
 .rodata        0x0000de4a        0x5 contiki-z1.a(csma.o)
 *fill*         0x0000de4f        0x1 00
 .rodata.csma_driver
                0x0000de50       0x1a contiki-z1.a(csma.o)
                0x0000de50                csma_driver
 .rodata.framer_802154
                0x0000de6a       0x10 contiki-z1.a(framer-802154.o)
                0x0000de6a                framer_802154
 .rodata        0x0000de7a        0xb contiki-z1.a(contikimac.o)
 *fill*         0x0000de85        0x1 00
 .rodata.contikimac_driver
                0x0000de86       0x1e contiki-z1.a(contikimac.o)
                0x0000de86                contikimac_driver
 .rodata        0x0000dea4        0x8 contiki-z1.a(nullsec.o)
 .rodata.nullsec_driver
                0x0000deac       0x16 contiki-z1.a(nullsec.o)
                0x0000deac                nullsec_driver
 .rodata.CSWTCH.5
                0x0000dec2        0x2 contiki-z1.a(frame802154.o)
 .rodata.vuprintf
                0x0000dec4        0x7 /usr/local/msp430/bin/../lib/gcc/msp430/4.7.0/../../../../msp430/lib/mcpu-430x/mmpy-16/msr20/mc20/libc.a(vuprintf.o)
 *(.near.rodata .near.rodata.*)
                0x0000decc                . = ALIGN (0x2)
                0x0000decc                _etext = .

.data           0x00001100      0x15c load address 0x0000decc
                0x00001100                . = ALIGN (0x2)
                0x00001100                __data_start = .
 *(.data .data.* .gnu.linkonce.d.*)
 .data.unicast_sender_process
                0x00001100        0xc unicast-sender.co
                0x00001100                unicast_sender_process
 .data.sensors  0x0000110c        0x4 obj_z1/contiki-z1-main.o
                0x0000110c                sensors
 .data.servreg_hack_process
                0x00001110        0xc contiki-z1.a(servreg-hack.o)
                0x00001110                servreg_hack_process
 .data.registrations
                0x0000111c        0x8 contiki-z1.a(servreg-hack.o)
 .data.cur_break
                0x00001124        0x2 contiki-z1.a(msp430.o)
 .data.cc2420_process
                0x00001126        0xc contiki-z1.a(cc2420.o)
                0x00001126                cc2420_process
 .data.sensors_process
                0x00001132        0xc contiki-z1.a(sensors.o)
                0x00001132                sensors_process
 .data.accmeter_process
                0x0000113e        0xc contiki-z1.a(adxl345.o)
                0x0000113e                accmeter_process
 .data.adxl345_default_settings
                0x0000114a       0x16 contiki-z1.a(adxl345.o)
 .data.ctimer_process
                0x00001160        0xc contiki-z1.a(ctimer.o)
                0x00001160                ctimer_process
 .data.etimer_process
                0x0000116c        0xc contiki-z1.a(etimer.o)
                0x0000116c                etimer_process
 .data.ds6_neighbors
                0x00001178        0x2 contiki-z1.a(uip-ds6-nbr.o)
                0x00001178                ds6_neighbors
 .data.ds6_neighbors_struct
                0x0000117a        0xa contiki-z1.a(uip-ds6-nbr.o)
 .data.routememb
                0x00001184        0x8 contiki-z1.a(uip-ds6-route.o)
 .data.defaultroutermemb
                0x0000118c        0x8 contiki-z1.a(uip-ds6-route.o)
 .data.nbr_routes_struct
                0x00001194        0xa contiki-z1.a(uip-ds6-route.o)
 .data.neighborroutememb
                0x0000119e        0x8 contiki-z1.a(uip-ds6-route.o)
 .data.echo_request_handler
                0x000011a6        0x8 contiki-z1.a(uip-icmp6.o)
 .data.echo_reply_handler
                0x000011ae        0x8 contiki-z1.a(uip-icmp6.o)
 .data.ns_input_handler
                0x000011b6        0x8 contiki-z1.a(uip-nd6.o)
 .data.na_input_handler
                0x000011be        0x8 contiki-z1.a(uip-nd6.o)
 .data.simple_udp_process
                0x000011c6        0xc contiki-z1.a(simple-udp.o)
                0x000011c6                simple_udp_process
 .data.tcpip_process
                0x000011d2        0xc contiki-z1.a(tcpip.o)
                0x000011d2                tcpip_process
 .data.rpl_parents
                0x000011de        0x2 contiki-z1.a(rpl-dag.o)
                0x000011de                rpl_parents
 .data.rpl_parents_struct
                0x000011e0        0xa contiki-z1.a(rpl-dag.o)
 .data.dao_sequence
                0x000011ea        0x1 contiki-z1.a(rpl-icmp6.o)
 *fill*         0x000011eb        0x1 00
 .data.dis_handler
                0x000011ec        0x8 contiki-z1.a(rpl-icmp6.o)
 .data.dio_handler
                0x000011f4        0x8 contiki-z1.a(rpl-icmp6.o)
 .data.dao_handler
                0x000011fc        0x8 contiki-z1.a(rpl-icmp6.o)
 .data.dao_ack_handler
                0x00001204        0x8 contiki-z1.a(rpl-icmp6.o)
 .data.rpl_mrhof
                0x0000120c       0x1a contiki-z1.a(rpl-mrhof.o)
                0x0000120c                rpl_mrhof
 .data.neighbor_addr_mem
                0x00001226        0x8 contiki-z1.a(nbr-table.o)
 .data.buframmem
                0x0000122e        0x8 contiki-z1.a(queuebuf.o)
 .data.bufmem   0x00001236        0x8 contiki-z1.a(queuebuf.o)
 .data.neighbor_memb
                0x0000123e        0x8 contiki-z1.a(csma.o)
 .data.packet_memb
                0x00001246        0x8 contiki-z1.a(csma.o)
 .data.metadata_memb
                0x0000124e        0x8 contiki-z1.a(csma.o)
 .data.prescale_lsb
                0x00001256        0x1 contiki-z1.a(i2cmaster.o)
                0x00001256                prescale_lsb
 *fill*         0x00001257        0x1 00
 .data.next     0x00001258        0x4 /usr/local/msp430/bin/../lib/gcc/msp430/4.7.0/../../../../msp430/lib/mcpu-430x/mmpy-16/msr20/mc20/libc.a(rand.o)
 *(.near.data .near.data.*)
                0x0000125c                . = ALIGN (0x2)
                0x0000125c                _edata = .
                0x0000decc                __data_load_start = LOADADDR (.data)
                0x0000015c                __data_size = SIZEOF (.data)

.bss            0x0000125c     0x15ac load address 0x0000e028
                0x0000125c                __bss_start = .
 *(.bss .bss.*)
 .bss.unicast_connection
                0x0000125c       0x1e unicast-sender.co
 .bss.periodic_timer.3004
                0x0000127a        0xc unicast-sender.co
 .bss.send_timer.3005
                0x00001286        0xc unicast-sender.co
 .bss.message_number.3011
                0x00001292        0x2 unicast-sender.co
 .bss.irq_energest.4215
                0x00001294        0x4 obj_z1/contiki-z1-main.o
 .bss.started   0x00001298        0x1 contiki-z1.a(servreg-hack.o)
 *fill*         0x00001299        0x1 00
 .bss.own_services_list
                0x0000129a        0x2 contiki-z1.a(servreg-hack.o)
 .bss.sendtimer
                0x0000129c        0xc contiki-z1.a(servreg-hack.o)
 .bss.others_services_list
                0x000012a8        0x2 contiki-z1.a(servreg-hack.o)
 .bss.outconn.4256
                0x000012aa        0x2 contiki-z1.a(servreg-hack.o)
 .bss.inconn.4257
                0x000012ac        0x2 contiki-z1.a(servreg-hack.o)
 .bss.periodic.4255
                0x000012ae        0xc contiki-z1.a(servreg-hack.o)
 .bss.registrations_memb_count
                0x000012ba       0x10 contiki-z1.a(servreg-hack.o)
 .bss.registrations_memb_mem
                0x000012ca      0x1c0 contiki-z1.a(servreg-hack.o)
 .bss.leds      0x0000148a        0x1 contiki-z1.a(leds.o)
 *fill*         0x0000148b        0x1 00
 .bss.counter   0x0000148c        0x2 contiki-z1.a(watchdog.o)
 .bss.last_packet_timestamp
                0x0000148e        0x2 contiki-z1.a(cc2420.o)
 .bss.receive_on
                0x00001490        0x1 contiki-z1.a(cc2420.o)
 .bss.locked    0x00001491        0x1 contiki-z1.a(cc2420.o)
 .bss.lock_off  0x00001492        0x1 contiki-z1.a(cc2420.o)
 .bss.lock_on   0x00001493        0x1 contiki-z1.a(cc2420.o)
 .bss.channel   0x00001494        0x2 contiki-z1.a(cc2420.o)
 .bss.node_id   0x00001496        0x2 contiki-z1.a(node-id.o)
                0x00001496                node_id
 .bss.num_sensors
                0x00001498        0x1 contiki-z1.a(sensors.o)
 *fill*         0x00001499        0x1 00
 .bss.i.2078    0x0000149a        0x2 contiki-z1.a(sensors.o)
 .bss.events.2079
                0x0000149c        0x2 contiki-z1.a(sensors.o)
 .bss.debouncetimer
                0x0000149e        0x8 contiki-z1.a(button-sensor.o)
 .bss.transmitting
                0x000014a6        0x1 contiki-z1.a(uart0.o)
 *fill*         0x000014a7        0x1 00
 .bss.uart0_input_handler
                0x000014a8        0x4 contiki-z1.a(uart0.o)
 .bss.int1_mask
                0x000014ac        0x2 contiki-z1.a(adxl345.o)
 .bss.int2_mask
                0x000014ae        0x2 contiki-z1.a(adxl345.o)
 .bss._ADXL345_STATUS
                0x000014b0        0x2 contiki-z1.a(adxl345.o)
 .bss.suppressTimer1
                0x000014b2        0x8 contiki-z1.a(adxl345.o)
 .bss.suppressTimer2
                0x000014ba        0x8 contiki-z1.a(adxl345.o)
 .bss.last_tar  0x000014c2        0x2 contiki-z1.a(clock.o)
 .bss.count     0x000014c4        0x4 contiki-z1.a(clock.o)
 .bss.seconds   0x000014c8        0x4 contiki-z1.a(clock.o)
 .bss.initialized
                0x000014cc        0x1 contiki-z1.a(ctimer.o)
 *fill*         0x000014cd        0x1 00
 .bss.ctimer_list_list
                0x000014ce        0x2 contiki-z1.a(ctimer.o)
 .bss.timerlist
                0x000014d0        0x2 contiki-z1.a(etimer.o)
 .bss.next_expiration
                0x000014d2        0x4 contiki-z1.a(etimer.o)
 .bss.poll_requested
                0x000014d6        0x1 contiki-z1.a(process.o)
 *fill*         0x000014d7        0x1 00
 .bss.process_current
                0x000014d8        0x2 contiki-z1.a(process.o)
                0x000014d8                process_current
 .bss.process_list
                0x000014da        0x2 contiki-z1.a(process.o)
                0x000014da                process_list
 .bss.lastevent
                0x000014dc        0x1 contiki-z1.a(process.o)
 .bss.fevent    0x000014dd        0x1 contiki-z1.a(process.o)
 .bss.nevents   0x000014de        0x1 contiki-z1.a(process.o)
 *fill*         0x000014df        0x1 00
 .bss.events    0x000014e0       0x30 contiki-z1.a(process.o)
 .bss.ev.1857   0x00001510        0x1 contiki-z1.a(process.o)
 *fill*         0x00001511        0x1 00
 .bss.data.1858
                0x00001512        0x2 contiki-z1.a(process.o)
 .bss.receiver.1859
                0x00001514        0x2 contiki-z1.a(process.o)
 .bss.p.1860    0x00001516        0x2 contiki-z1.a(process.o)
 .bss.snum.1875
                0x00001518        0x1 contiki-z1.a(process.o)
 *fill*         0x00001519        0x1 00
 .bss.next_rtimer
                0x0000151a        0x2 contiki-z1.a(rtimer.o)
 .bss.callback  0x0000151c        0x2 contiki-z1.a(sicslowpan.o)
 .bss.addr_contexts
                0x0000151e       0x14 contiki-z1.a(sicslowpan.o)
 .bss.uncomp_hdr_len
                0x00001532        0x1 contiki-z1.a(sicslowpan.o)
 .bss.packetbuf_hdr_len
                0x00001533        0x1 contiki-z1.a(sicslowpan.o)
 .bss.packetbuf_ptr
                0x00001534        0x2 contiki-z1.a(sicslowpan.o)
 .bss.my_tag    0x00001536        0x2 contiki-z1.a(sicslowpan.o)
 .bss.packetbuf_payload_len
                0x00001538        0x2 contiki-z1.a(sicslowpan.o)
 .bss.last_tx_status
                0x0000153a        0x2 contiki-z1.a(sicslowpan.o)
 .bss.hc06_ptr  0x0000153c        0x2 contiki-z1.a(sicslowpan.o)
 .bss.context   0x0000153e        0x2 contiki-z1.a(sicslowpan.o)
 .bss.last_rssi
                0x00001540        0x2 contiki-z1.a(sicslowpan.o)
 .bss.reass_timer
                0x00001542        0x8 contiki-z1.a(sicslowpan.o)
 .bss.sicslowpan_len
                0x0000154a        0x2 contiki-z1.a(sicslowpan.o)
 .bss.processed_ip_in_len
                0x0000154c        0x2 contiki-z1.a(sicslowpan.o)
 .bss.reass_tag
                0x0000154e        0x2 contiki-z1.a(sicslowpan.o)
 .bss.sicslowpan_aligned_buf
                0x00001550       0x8c contiki-z1.a(sicslowpan.o)
 .bss.uip_ext_opt_offset
                0x000015dc        0x1 contiki-z1.a(uip6.o)
                0x000015dc                uip_ext_opt_offset
 .bss.uip_ext_len
                0x000015dd        0x1 contiki-z1.a(uip6.o)
                0x000015dd                uip_ext_len
 .bss.uip_ext_bitmap
                0x000015de        0x1 contiki-z1.a(uip6.o)
                0x000015de                uip_ext_bitmap
 .bss.c         0x000015df        0x1 contiki-z1.a(uip6.o)
 .bss.lastport  0x000015e0        0x2 contiki-z1.a(uip6.o)
 .bss.iss       0x000015e2        0x4 contiki-z1.a(uip6.o)
 .bss.tmp16     0x000015e6        0x2 contiki-z1.a(uip6.o)
 .bss.opt       0x000015e8        0x1 contiki-z1.a(uip6.o)
 *fill*         0x000015e9        0x1 00
 .bss.loc_fipaddr
                0x000015ea       0x10 contiki-z1.a(uip-ds6.o)
 .bss.locaddr   0x000015fa        0x2 contiki-z1.a(uip-ds6.o)
 .bss.locprefix
                0x000015fc        0x2 contiki-z1.a(uip-ds6.o)
 .bss.locmaddr  0x000015fe        0x2 contiki-z1.a(uip-ds6.o)
 .bss._ds6_neighbors_mem
                0x00001600      0x23a contiki-z1.a(uip-ds6-nbr.o)
 .bss.notificationlist_list
                0x0000183a        0x2 contiki-z1.a(uip-ds6-route.o)
 .bss.defaultrouterlist_list
                0x0000183c        0x2 contiki-z1.a(uip-ds6-route.o)
 .bss.routelist_list
                0x0000183e        0x2 contiki-z1.a(uip-ds6-route.o)
 .bss.num_routes
                0x00001840        0x2 contiki-z1.a(uip-ds6-route.o)
 .bss.routememb_memb_count
                0x00001842        0xf contiki-z1.a(uip-ds6-route.o)
 *fill*         0x00001851        0x1 00
 .bss.routememb_memb_mem
                0x00001852      0x1c2 contiki-z1.a(uip-ds6-route.o)
 .bss.defaultroutermemb_memb_count
                0x00001a14        0x2 contiki-z1.a(uip-ds6-route.o)
 .bss.defaultroutermemb_memb_mem
                0x00001a16       0x38 contiki-z1.a(uip-ds6-route.o)
 .bss._nbr_routes_mem
                0x00001a4e       0x3c contiki-z1.a(uip-ds6-route.o)
 .bss.neighborroutememb_memb_count
                0x00001a8a        0xf contiki-z1.a(uip-ds6-route.o)
 *fill*         0x00001a99        0x1 00
 .bss.neighborroutememb_memb_mem
                0x00001a9a       0x3c contiki-z1.a(uip-ds6-route.o)
 .bss.input_handler_list_list
                0x00001ad6        0x2 contiki-z1.a(uip-icmp6.o)
 .bss.tmp_ipaddr
                0x00001ad8       0x10 contiki-z1.a(uip-icmp6.o)
 .bss.echo_reply_callback_list_list
                0x00001ae8        0x2 contiki-z1.a(uip-icmp6.o)
 .bss.nd6_opt_offset
                0x00001aea        0x1 contiki-z1.a(uip-nd6.o)
 *fill*         0x00001aeb        0x1 00
 .bss.nd6_opt_llao
                0x00001aec        0x2 contiki-z1.a(uip-nd6.o)
 .bss.addr      0x00001aee        0x2 contiki-z1.a(uip-nd6.o)
 .bss.nbr       0x00001af0        0x2 contiki-z1.a(uip-nd6.o)
 .bss.defrt     0x00001af2        0x2 contiki-z1.a(uip-nd6.o)
 .bss.databuffer
                0x00001af4       0x8c contiki-z1.a(simple-udp.o)
 .bss.started   0x00001b80        0x1 contiki-z1.a(simple-udp.o)