Archive member included because of file (symbol)

contiki-exp5438.a(msp430.o)   sensor.co (w_memcpy)
contiki-exp5438.a(leds.o)     obj_exp5438/contiki-exp5438-main.o (leds_init)
contiki-exp5438.a(watchdog.o)
                              obj_exp5438/contiki-exp5438-main.o (watchdog_start)
contiki-exp5438.a(rtimer-arch.o)
                              obj_exp5438/contiki-exp5438-main.o (rtimer_arch_now)
contiki-exp5438.a(node-id.o)  obj_exp5438/contiki-exp5438-main.o (node_mac)
contiki-exp5438.a(leds-arch.o)
                              contiki-exp5438.a(leds.o) (leds_arch_init)
contiki-exp5438.a(uart1x.o)   obj_exp5438/contiki-exp5438-main.o (uart1_active)
contiki-exp5438.a(uart2x.o)   obj_exp5438/contiki-exp5438-main.o (uart2_active)
contiki-exp5438.a(lcd.o)      obj_exp5438/contiki-exp5438-main.o (lcd_init)
contiki-exp5438.a(duty-cycle-scro)
                              obj_exp5438/contiki-exp5438-main.o (duty_cycle_scroller_start)
contiki-exp5438.a(cc1200.o)   obj_exp5438/contiki-exp5438-main.o (cc1200_init)
contiki-exp5438.a(cc1200-5438-arc)
                              contiki-exp5438.a(cc1200.o) (cc1200_arch_spi_select)
contiki-exp5438.a(uart1-putchar.o)
                              obj_exp5438/contiki-exp5438-main.o (putchar)
contiki-exp5438.a(uart2-putchar.o)
                              sensor.co (putchar2)
contiki-exp5438.a(clock.o)    obj_exp5438/contiki-exp5438-main.o (clock_init)
contiki-exp5438.a(cxmac.o)    obj_exp5438/contiki-exp5438-main.o (cxmac_driver)
contiki-exp5438.a(autostart.o)
                              obj_exp5438/contiki-exp5438-main.o (autostart_start)
contiki-exp5438.a(compower.o)
                              contiki-exp5438.a(cxmac.o) (compower_idle_activity)
contiki-exp5438.a(ctimer.o)   obj_exp5438/contiki-exp5438-main.o (ctimer_init)
contiki-exp5438.a(energest.o)
                              obj_exp5438/contiki-exp5438-main.o (energest_init)
contiki-exp5438.a(etimer.o)   contiki-exp5438.a(clock.o) (etimer_request_poll)
contiki-exp5438.a(process.o)  contiki-exp5438.a(ctimer.o) (process_current)
contiki-exp5438.a(rtimer.o)   obj_exp5438/contiki-exp5438-main.o (rtimer_init)
contiki-exp5438.a(timer.o)    contiki-exp5438.a(etimer.o) (timer_set)
contiki-exp5438.a(serial-line.o)
                              sensor.co (serial_line_event_message)
contiki-exp5438.a(list.o)     contiki-exp5438.a(ctimer.o) (list_init)
contiki-exp5438.a(random.o)   sensor.co (random_rand)
contiki-exp5438.a(ringbuf.o)  contiki-exp5438.a(serial-line.o) (ringbuf_init)
contiki-exp5438.a(rime.o)     obj_exp5438/contiki-exp5438-main.o (rime_driver)
contiki-exp5438.a(unicast.o)  sensor.co (unicast_open)
contiki-exp5438.a(linkaddr.o)
                              obj_exp5438/contiki-exp5438-main.o (linkaddr_copy)
contiki-exp5438.a(packetbuf.o)
                              contiki-exp5438.a(cxmac.o) (packetbuf_compact)
contiki-exp5438.a(queuebuf.o)
                              contiki-exp5438.a(rime.o) (queuebuf_init)
contiki-exp5438.a(csma.o)     obj_exp5438/contiki-exp5438-main.o (csma_driver)
contiki-exp5438.a(frame802154.o)
                              contiki-exp5438.a(cc1200.o) (frame802154_parse)
contiki-exp5438.a(framer-802154.o)
                              contiki-exp5438.a(cxmac.o) (framer_802154)
contiki-exp5438.a(framer.o)   contiki-exp5438.a(framer-802154.o) (framer_canonical_create_and_secure)
contiki-exp5438.a(mac.o)      contiki-exp5438.a(cxmac.o) (mac_call_sent_callback)
contiki-exp5438.a(nullsec.o)  contiki-exp5438.a(rime.o) (nullsec_driver)
contiki-exp5438.a(cc1200-802154g-)
                              contiki-exp5438.a(cc1200.o) (cc1200_802154g_868_fsk_sniff_38kbps)
contiki-exp5438.a(spix.o)     contiki-exp5438.a(cc1200-5438-arc) (spi_init)
contiki-exp5438.a(memb.o)     contiki-exp5438.a(queuebuf.o) (memb_init)
contiki-exp5438.a(abc.o)      contiki-exp5438.a(rime.o) (abc_input)
contiki-exp5438.a(announcement.o)
                              contiki-exp5438.a(rime.o) (announcement_init)
contiki-exp5438.a(broadcast-annou)
                              contiki-exp5438.a(rime.o) (broadcast_announcement_init)
contiki-exp5438.a(broadcast.o)
                              contiki-exp5438.a(unicast.o) (broadcast_open)
contiki-exp5438.a(chameleon.o)
                              contiki-exp5438.a(rime.o) (chameleon_init)
contiki-exp5438.a(channel.o)  contiki-exp5438.a(chameleon.o) (channel_init)
contiki-exp5438.a(chameleon-bitop)
                              contiki-exp5438.a(chameleon.o) (chameleon_bitopt)
/usr/local/msp430/bin/../lib/gcc/msp430/4.7.0/mcpu-430x/mmpy-16/msr20/mc20/libgcc.a(_udivmod32.o)
                              obj_exp5438/contiki-exp5438-main.o (__udivsi3)
/usr/local/msp430/bin/../lib/gcc/msp430/4.7.0/../../../../msp430/lib/mcpu-430x/mmpy-16/msr20/mc20/libc.a(printf.o)
                              sensor.co (printf)
/usr/local/msp430/bin/../lib/gcc/msp430/4.7.0/../../../../msp430/lib/mcpu-430x/mmpy-16/msr20/mc20/libc.a(vuprintf.o)
[...]
Memory Configuration

Name             Origin             Length             Attributes
sfr              0x00000000         0x00000010
peripheral_8bit  0x00000010         0x000000f0
peripheral_16bit 0x00000100         0x00000100
bsl              0x00001000         0x00000800
infomem          0x00001800         0x00000200
infod            0x00001800         0x00000080
infoc            0x00001880         0x00000080
infob            0x00001900         0x00000080
infoa            0x00001980         0x00000080
ram              0x00001c00         0x00004000         xw
rom              0x00005c00         0x0000a380         xr
vectors          0x0000ff80         0x00000080
far_rom          0x00010000         0x00035c00
ram2             0x00000000         0x00000000         xw
ram_mirror       0x00000000         0x00000000         xw
usbram           0x00000000         0x00000000         xw
*default*        0x00000000         0xffffffff

Linker script and memory map

LOAD /usr/local/msp430/bin/../lib/gcc/msp430/4.7.0/mcpu-430x/mmpy-16/msr20/mc20/crt0ivtbl64.o
LOAD sensor.co
LOAD obj_exp5438/contiki-exp5438-main.o
LOAD contiki-exp5438.a
LOAD /usr/local/msp430/bin/../lib/gcc/msp430/4.7.0/mcpu-430x/mmpy-16/msr20/mc20/libgcc.a
LOAD /usr/local/msp430/bin/../lib/gcc/msp430/4.7.0/../../../../msp430/lib/mcpu-430x/mmpy-16/msr20/mc20/libc.a
LOAD /usr/local/msp430/bin/../lib/gcc/msp430/4.7.0/mcpu-430x/mmpy-16/msr20/mc20/libgcc.a
LOAD /usr/local/msp430/bin/../lib/gcc/msp430/4.7.0/mcpu-430x/mmpy-16/msr20/mc20/libcrt0.a
                0x00000080                PROVIDE (__info_segment_size, 0x80)
                0x00001800                PROVIDE (__infod, 0x1800)
                0x00001880                PROVIDE (__infoc, 0x1880)
                0x00001900                PROVIDE (__infob, 0x1900)
                0x00001980                PROVIDE (__infoa, 0x1980)
                0x00000700                __ADC12CTL0_L = 0x700
                0x00000701                __ADC12CTL0_H = 0x701
                0x00000700                __ADC12CTL0 = 0x700
                0x00000702                __ADC12CTL1_L = 0x702
                0x00000703                __ADC12CTL1_H = 0x703
                0x00000702                __ADC12CTL1 = 0x702
                0x00000704                __ADC12CTL2_L = 0x704
                0x00000705                __ADC12CTL2_H = 0x705
                0x00000704                __ADC12CTL2 = 0x704
                0x0000070a                __ADC12IFG_L = 0x70a
                0x0000070b                __ADC12IFG_H = 0x70b
                0x0000070a                __ADC12IFG = 0x70a
                0x0000070c                __ADC12IE_L = 0x70c
                0x0000070d                __ADC12IE_H = 0x70d
                0x0000070c                __ADC12IE = 0x70c
                0x0000070e                __ADC12IV_L = 0x70e
                0x0000070f                __ADC12IV_H = 0x70f
                0x0000070e                __ADC12IV = 0x70e
                0x00000720                __ADC12MEM0_L = 0x720
                0x00000721                __ADC12MEM0_H = 0x721
                0x00000720                __ADC12MEM0 = 0x720
                0x00000722                __ADC12MEM1_L = 0x722
                0x00000723                __ADC12MEM1_H = 0x723
                0x00000722                __ADC12MEM1 = 0x722
                0x00000724                __ADC12MEM2_L = 0x724
                0x00000725                __ADC12MEM2_H = 0x725
                0x00000724                __ADC12MEM2 = 0x724
                0x00000726                __ADC12MEM3_L = 0x726
                0x00000727                __ADC12MEM3_H = 0x727
                0x00000726                __ADC12MEM3 = 0x726
                0x00000728                __ADC12MEM4_L = 0x728
                0x00000729                __ADC12MEM4_H = 0x729
                0x00000728                __ADC12MEM4 = 0x728
                0x0000072a                __ADC12MEM5_L = 0x72a
                0x0000072b                __ADC12MEM5_H = 0x72b
                0x0000072a                __ADC12MEM5 = 0x72a
                0x0000072c                __ADC12MEM6_L = 0x72c
                0x0000072d                __ADC12MEM6_H = 0x72d
                0x0000072c                __ADC12MEM6 = 0x72c
                0x0000072e                __ADC12MEM7_L = 0x72e
                0x0000072f                __ADC12MEM7_H = 0x72f
                0x0000072e                __ADC12MEM7 = 0x72e
                0x00000730                __ADC12MEM8_L = 0x730
                0x00000731                __ADC12MEM8_H = 0x731
                0x00000730                __ADC12MEM8 = 0x730
                0x00000732                __ADC12MEM9_L = 0x732
                0x00000733                __ADC12MEM9_H = 0x733
                0x00000732                __ADC12MEM9 = 0x732
                0x00000734                __ADC12MEM10_L = 0x734
                0x00000735                __ADC12MEM10_H = 0x735
                0x00000734                __ADC12MEM10 = 0x734
                0x00000736                __ADC12MEM11_L = 0x736
                0x00000737                __ADC12MEM11_H = 0x737
                0x00000736                __ADC12MEM11 = 0x736
                0x00000738                __ADC12MEM12_L = 0x738
                0x00000739                __ADC12MEM12_H = 0x739
                0x00000738                __ADC12MEM12 = 0x738
                0x0000073a                __ADC12MEM13_L = 0x73a
                0x0000073b                __ADC12MEM13_H = 0x73b
                0x0000073a                __ADC12MEM13 = 0x73a
                0x0000073c                __ADC12MEM14_L = 0x73c
                0x0000073d                __ADC12MEM14_H = 0x73d
                0x0000073c                __ADC12MEM14 = 0x73c
                0x0000073e                __ADC12MEM15_L = 0x73e
                0x0000073f                __ADC12MEM15_H = 0x73f
                0x0000073e                __ADC12MEM15 = 0x73e
                0x00000710                __ADC12MCTL0 = 0x710
                0x00000711                __ADC12MCTL1 = 0x711
                0x00000712                __ADC12MCTL2 = 0x712
                0x00000713                __ADC12MCTL3 = 0x713
                0x00000714                __ADC12MCTL4 = 0x714
                0x00000715                __ADC12MCTL5 = 0x715
                0x00000716                __ADC12MCTL6 = 0x716
                0x00000717                __ADC12MCTL7 = 0x717
                0x00000718                __ADC12MCTL8 = 0x718
                0x00000719                __ADC12MCTL9 = 0x719
                0x0000071a                __ADC12MCTL10 = 0x71a
                0x0000071b                __ADC12MCTL11 = 0x71b
                0x0000071c                __ADC12MCTL12 = 0x71c
                0x0000071d                __ADC12MCTL13 = 0x71d
                0x0000071e                __ADC12MCTL14 = 0x71e
                0x0000071f                __ADC12MCTL15 = 0x71f
                0x00000150                __CRCDI_L = 0x150
                0x00000151                __CRCDI_H = 0x151
                0x00000150                __CRCDI = 0x150
                0x00000154                __CRCINIRES_L = 0x154
                0x00000155                __CRCINIRES_H = 0x155
                0x00000154                __CRCINIRES = 0x154
                0x00000500                __DMACTL0_L = 0x500
                0x00000501                __DMACTL0_H = 0x501
                0x00000500                __DMACTL0 = 0x500
                0x00000502                __DMACTL1_L = 0x502
                0x00000503                __DMACTL1_H = 0x503
                0x00000502                __DMACTL1 = 0x502
                0x00000504                __DMACTL2_L = 0x504
                0x00000505                __DMACTL2_H = 0x505
                0x00000504                __DMACTL2 = 0x504
                0x00000506                __DMACTL3_L = 0x506
                0x00000507                __DMACTL3_H = 0x507
                0x00000506                __DMACTL3 = 0x506
                0x00000508                __DMACTL4_L = 0x508
                0x00000509                __DMACTL4_H = 0x509
                0x00000508                __DMACTL4 = 0x508
                0x0000050e                __DMAIV_L = 0x50e
                0x0000050f                __DMAIV_H = 0x50f
                0x0000050e                __DMAIV = 0x50e
                0x00000510                __DMA0CTL_L = 0x510
                0x00000511                __DMA0CTL_H = 0x511
                0x00000510                __DMA0CTL = 0x510
                0x00000512                __DMA0SA = 0x512
                0x00000516                __DMA0DA = 0x516
                0x0000051a                __DMA0SZ = 0x51a
                0x00000520                __DMA1CTL_L = 0x520
                0x00000521                __DMA1CTL_H = 0x521
                0x00000520                __DMA1CTL = 0x520
                0x00000522                __DMA1SA = 0x522
                0x00000526                __DMA1DA = 0x526
                0x0000052a                __DMA1SZ = 0x52a
                0x00000530                __DMA2CTL_L = 0x530
                0x00000531                __DMA2CTL_H = 0x531
                0x00000530                __DMA2CTL = 0x530
                0x00000532                __DMA2SA = 0x532
                0x00000536                __DMA2DA = 0x536
                0x0000053a                __DMA2SZ = 0x53a
                0x00000140                __FCTL1_L = 0x140
                0x00000141                __FCTL1_H = 0x141
                0x00000140                __FCTL1 = 0x140
                0x00000144                __FCTL3_L = 0x144
                0x00000145                __FCTL3_H = 0x145
                0x00000144                __FCTL3 = 0x144
                0x00000146                __FCTL4_L = 0x146
                0x00000147                __FCTL4_H = 0x147
                0x00000146                __FCTL4 = 0x146
                0x000004c0                __MPY_L = 0x4c0
                0x000004c1                __MPY_H = 0x4c1
                0x000004c0                __MPY = 0x4c0
                0x000004c2                __MPYS_L = 0x4c2
                0x000004c3                __MPYS_H = 0x4c3
                0x000004c2                __MPYS = 0x4c2
                0x000004c4                __MAC_L = 0x4c4
                0x000004c5                __MAC_H = 0x4c5
                0x000004c4                __MAC = 0x4c4
                0x000004c6                __MACS_L = 0x4c6
                0x000004c7                __MACS_H = 0x4c7
                0x000004c6                __MACS = 0x4c6
                0x000004c8                __OP2_L = 0x4c8
                0x000004c9                __OP2_H = 0x4c9
                0x000004c8                __OP2 = 0x4c8
                0x000004ca                __RESLO_L = 0x4ca
                0x000004cb                __RESLO_H = 0x4cb
                0x000004ca                __RESLO = 0x4ca
                0x000004cc                __RESHI_L = 0x4cc
                0x000004cd                __RESHI_H = 0x4cd
                0x000004cc                __RESHI = 0x4cc
                0x000004ce                __SUMEXT_L = 0x4ce
                0x000004cf                __SUMEXT_H = 0x4cf
                0x000004ce                __SUMEXT = 0x4ce
                0x000004d0                __MPY32L_L = 0x4d0
                0x000004d1                __MPY32L_H = 0x4d1
                0x000004d0                __MPY32L = 0x4d0
                0x000004d2                __MPY32H_L = 0x4d2
                0x000004d3                __MPY32H_H = 0x4d3
                0x000004d2                __MPY32H = 0x4d2
                0x000004d4                __MPYS32L_L = 0x4d4
                0x000004d5                __MPYS32L_H = 0x4d5
                0x000004d4                __MPYS32L = 0x4d4
                0x000004d6                __MPYS32H_L = 0x4d6
                0x000004d7                __MPYS32H_H = 0x4d7
                0x000004d6                __MPYS32H = 0x4d6
                0x000004d8                __MAC32L_L = 0x4d8
                0x000004d9                __MAC32L_H = 0x4d9
                0x000004d8                __MAC32L = 0x4d8
                0x000004da                __MAC32H_L = 0x4da
                0x000004db                __MAC32H_H = 0x4db
                0x000004da                __MAC32H = 0x4da
                0x000004dc                __MACS32L_L = 0x4dc
                0x000004dd                __MACS32L_H = 0x4dd
                0x000004dc                __MACS32L = 0x4dc
                0x000004de                __MACS32H_L = 0x4de
                0x000004df                __MACS32H_H = 0x4df
                0x000004de                __MACS32H = 0x4de
                0x000004e0                __OP2L_L = 0x4e0
                0x000004e1                __OP2L_H = 0x4e1
                0x000004e0                __OP2L = 0x4e0
                0x000004e2                __OP2H_L = 0x4e2
                0x000004e3                __OP2H_H = 0x4e3
                0x000004e2                __OP2H = 0x4e2
                0x000004e4                __RES0_L = 0x4e4
                0x000004e5                __RES0_H = 0x4e5
                0x000004e4                __RES0 = 0x4e4
                0x000004e6                __RES1_L = 0x4e6
                0x000004e7                __RES1_H = 0x4e7
                0x000004e6                __RES1 = 0x4e6
                0x000004e8                __RES2_L = 0x4e8
                0x000004e9                __RES2_H = 0x4e9
                0x000004e8                __RES2 = 0x4e8
                0x000004ea                __RES3_L = 0x4ea
                0x000004eb                __RES3_H = 0x4eb
                0x000004ea                __RES3 = 0x4ea
                0x000004ec                __MPY32CTL0_L = 0x4ec
                0x000004ed                __MPY32CTL0_H = 0x4ed
                0x000004ec                __MPY32CTL0 = 0x4ec
                0x00000200                __PAIN_L = 0x200
                0x00000201                __PAIN_H = 0x201
                0x00000200                __PAIN = 0x200
                0x00000202                __PAOUT_L = 0x202
                0x00000203                __PAOUT_H = 0x203
                0x00000202                __PAOUT = 0x202
                0x00000204                __PADIR_L = 0x204
                0x00000205                __PADIR_H = 0x205
                0x00000204                __PADIR = 0x204
                0x00000206                __PAREN_L = 0x206
                0x00000207                __PAREN_H = 0x207
                0x00000206                __PAREN = 0x206
                0x00000208                __PADS_L = 0x208
                0x00000209                __PADS_H = 0x209
                0x00000208                __PADS = 0x208
                0x0000020a                __PASEL_L = 0x20a
                0x0000020b                __PASEL_H = 0x20b
                0x0000020a                __PASEL = 0x20a
                0x00000218                __PAIES_L = 0x218
                0x00000219                __PAIES_H = 0x219
                0x00000218                __PAIES = 0x218
                0x0000021a                __PAIE_L = 0x21a
                0x0000021b                __PAIE_H = 0x21b
                0x0000021a                __PAIE = 0x21a
                0x0000021c                __PAIFG_L = 0x21c
                0x0000021d                __PAIFG_H = 0x21d
                0x0000021c                __PAIFG = 0x21c
                0x0000020e                __P1IV = 0x20e
                0x0000021e                __P2IV = 0x21e
                0x00000220                __PBIN_L = 0x220
                0x00000221                __PBIN_H = 0x221
                0x00000220                __PBIN = 0x220
                0x00000222                __PBOUT_L = 0x222
                0x00000223                __PBOUT_H = 0x223
                0x00000222                __PBOUT = 0x222
                0x00000224                __PBDIR_L = 0x224
                0x00000225                __PBDIR_H = 0x225
                0x00000224                __PBDIR = 0x224
                0x00000226                __PBREN_L = 0x226
                0x00000227                __PBREN_H = 0x227
                0x00000226                __PBREN = 0x226
                0x00000228                __PBDS_L = 0x228
                0x00000229                __PBDS_H = 0x229
                0x00000228                __PBDS = 0x228
                0x0000022a                __PBSEL_L = 0x22a
                0x0000022b                __PBSEL_H = 0x22b
                0x0000022a                __PBSEL = 0x22a
                0x00000240                __PCIN_L = 0x240
                0x00000241                __PCIN_H = 0x241
                0x00000240                __PCIN = 0x240
                0x00000242                __PCOUT_L = 0x242
                0x00000243                __PCOUT_H = 0x243
                0x00000242                __PCOUT = 0x242
                0x00000244                __PCDIR_L = 0x244
                0x00000245                __PCDIR_H = 0x245
                0x00000244                __PCDIR = 0x244
                0x00000246                __PCREN_L = 0x246
                0x00000247                __PCREN_H = 0x247
                0x00000246                __PCREN = 0x246
                0x00000248                __PCDS_L = 0x248
                0x00000249                __PCDS_H = 0x249
                0x00000248                __PCDS = 0x248
                0x0000024a                __PCSEL_L = 0x24a
                0x0000024b                __PCSEL_H = 0x24b
                0x0000024a                __PCSEL = 0x24a
                0x00000260                __PDIN_L = 0x260
                0x00000261                __PDIN_H = 0x261
                0x00000260                __PDIN = 0x260
                0x00000262                __PDOUT_L = 0x262
                0x00000263                __PDOUT_H = 0x263
                0x00000262                __PDOUT = 0x262
                0x00000264                __PDDIR_L = 0x264
                0x00000265                __PDDIR_H = 0x265
                0x00000264                __PDDIR = 0x264
                0x00000266                __PDREN_L = 0x266
                0x00000267                __PDREN_H = 0x267
                0x00000266                __PDREN = 0x266
                0x00000268                __PDDS_L = 0x268
                0x00000269                __PDDS_H = 0x269
                0x00000268                __PDDS = 0x268
                0x0000026a                __PDSEL_L = 0x26a
                0x0000026b                __PDSEL_H = 0x26b
                0x0000026a                __PDSEL = 0x26a
                0x00000280                __PEIN_L = 0x280
                0x00000281                __PEIN_H = 0x281
                0x00000280                __PEIN = 0x280
                0x00000282                __PEOUT_L = 0x282
                0x00000283                __PEOUT_H = 0x283
                0x00000282                __PEOUT = 0x282
                0x00000284                __PEDIR_L = 0x284
                0x00000285                __PEDIR_H = 0x285
                0x00000284                __PEDIR = 0x284
                0x00000286                __PEREN_L = 0x286
                0x00000287                __PEREN_H = 0x287
                0x00000286                __PEREN = 0x286
                0x00000288                __PEDS_L = 0x288
                0x00000289                __PEDS_H = 0x289
                0x00000288                __PEDS = 0x288
                0x0000028a                __PESEL_L = 0x28a
                0x0000028b                __PESEL_H = 0x28b
                0x0000028a                __PESEL = 0x28a
                0x000002a0                __PFIN_L = 0x2a0
                0x000002a1                __PFIN_H = 0x2a1
                0x000002a0                __PFIN = 0x2a0
                0x000002a2                __PFOUT_L = 0x2a2
                0x000002a3                __PFOUT_H = 0x2a3
                0x000002a2                __PFOUT = 0x2a2
                0x000002a4                __PFDIR_L = 0x2a4
                0x000002a5                __PFDIR_H = 0x2a5
                0x000002a4                __PFDIR = 0x2a4
                0x000002a6                __PFREN_L = 0x2a6
                0x000002a7                __PFREN_H = 0x2a7
                0x000002a6                __PFREN = 0x2a6
                0x000002a8                __PFDS_L = 0x2a8
                0x000002a9                __PFDS_H = 0x2a9
                0x000002a8                __PFDS = 0x2a8
                0x000002aa                __PFSEL_L = 0x2aa
                0x000002ab                __PFSEL_H = 0x2ab
                0x000002aa                __PFSEL = 0x2aa
                0x00000320                __PJIN_L = 0x320
                0x00000321                __PJIN_H = 0x321
                0x00000320                __PJIN = 0x320
                0x00000322                __PJOUT_L = 0x322
                0x00000323                __PJOUT_H = 0x323
                0x00000322                __PJOUT = 0x322
                0x00000324                __PJDIR_L = 0x324
                0x00000325                __PJDIR_H = 0x325
                0x00000324                __PJDIR = 0x324
                0x00000326                __PJREN_L = 0x326
                0x00000327                __PJREN_H = 0x327
                0x00000326                __PJREN = 0x326
                0x00000328                __PJDS_L = 0x328
                0x00000329                __PJDS_H = 0x329
                0x00000328                __PJDS = 0x328
                0x00000120                __PMMCTL0_L = 0x120
                0x00000121                __PMMCTL0_H = 0x121
                0x00000120                __PMMCTL0 = 0x120
                0x00000122                __PMMCTL1_L = 0x122
                0x00000123                __PMMCTL1_H = 0x123
                0x00000122                __PMMCTL1 = 0x122
                0x00000124                __SVSMHCTL_L = 0x124
                0x00000125                __SVSMHCTL_H = 0x125
                0x00000124                __SVSMHCTL = 0x124
                0x00000126                __SVSMLCTL_L = 0x126
                0x00000127                __SVSMLCTL_H = 0x127
                0x00000126                __SVSMLCTL = 0x126
                0x00000128                __SVSMIO_L = 0x128
                0x00000129                __SVSMIO_H = 0x129
                0x00000128                __SVSMIO = 0x128
                0x0000012c                __PMMIFG_L = 0x12c
                0x0000012d                __PMMIFG_H = 0x12d
                0x0000012c                __PMMIFG = 0x12c
                0x0000012e                __PMMRIE_L = 0x12e
                0x0000012f                __PMMRIE_H = 0x12f
                0x0000012e                __PMMRIE = 0x12e
                0x00000158                __RCCTL0_L = 0x158
                0x00000159                __RCCTL0_H = 0x159
                0x00000158                __RCCTL0 = 0x158
                0x000004a0                __RTCCTL01_L = 0x4a0
                0x000004a1                __RTCCTL01_H = 0x4a1
                0x000004a0                __RTCCTL01 = 0x4a0
                0x000004a2                __RTCCTL23_L = 0x4a2
                0x000004a3                __RTCCTL23_H = 0x4a3
                0x000004a2                __RTCCTL23 = 0x4a2
                0x000004a8                __RTCPS0CTL_L = 0x4a8
                0x000004a9                __RTCPS0CTL_H = 0x4a9
                0x000004a8                __RTCPS0CTL = 0x4a8
                0x000004aa                __RTCPS1CTL_L = 0x4aa
                0x000004ab                __RTCPS1CTL_H = 0x4ab
                0x000004aa                __RTCPS1CTL = 0x4aa
                0x000004ac                __RTCPS_L = 0x4ac
                0x000004ad                __RTCPS_H = 0x4ad
                0x000004ac                __RTCPS = 0x4ac
                0x000004ae                __RTCIV = 0x4ae
                0x000004b0                __RTCTIM0_L = 0x4b0
                0x000004b1                __RTCTIM0_H = 0x4b1
                0x000004b0                __RTCTIM0 = 0x4b0
                0x000004b2                __RTCTIM1_L = 0x4b2
                0x000004b3                __RTCTIM1_H = 0x4b3
                0x000004b2                __RTCTIM1 = 0x4b2
                0x000004b4                __RTCDATE_L = 0x4b4
                0x000004b5                __RTCDATE_H = 0x4b5
                0x000004b4                __RTCDATE = 0x4b4
                0x000004b6                __RTCYEAR_L = 0x4b6
                0x000004b7                __RTCYEAR_H = 0x4b7
                0x000004b6                __RTCYEAR = 0x4b6
                0x000004b8                __RTCAMINHR_L = 0x4b8
                0x000004b9                __RTCAMINHR_H = 0x4b9
                0x000004b8                __RTCAMINHR = 0x4b8
                0x000004ba                __RTCADOWDAY_L = 0x4ba
                0x000004bb                __RTCADOWDAY_H = 0x4bb
                0x000004ba                __RTCADOWDAY = 0x4ba
                0x00000100                __SFRIE1_L = 0x100
                0x00000101                __SFRIE1_H = 0x101
                0x00000100                __SFRIE1 = 0x100
                0x00000102                __SFRIFG1_L = 0x102
                0x00000103                __SFRIFG1_H = 0x103
                0x00000102                __SFRIFG1 = 0x102
                0x00000104                __SFRRPCR_L = 0x104
                0x00000105                __SFRRPCR_H = 0x105
                0x00000104                __SFRRPCR = 0x104
                0x00000180                __SYSCTL_L = 0x180
                0x00000181                __SYSCTL_H = 0x181
                0x00000180                __SYSCTL = 0x180
                0x00000182                __SYSBSLC_L = 0x182
                0x00000183                __SYSBSLC_H = 0x183
                0x00000182                __SYSBSLC = 0x182
                0x00000186                __SYSJMBC_L = 0x186
                0x00000187                __SYSJMBC_H = 0x187
                0x00000186                __SYSJMBC = 0x186
                0x00000188                __SYSJMBI0_L = 0x188
                0x00000189                __SYSJMBI0_H = 0x189
                0x00000188                __SYSJMBI0 = 0x188
                0x0000018a                __SYSJMBI1_L = 0x18a
                0x0000018b                __SYSJMBI1_H = 0x18b
                0x0000018a                __SYSJMBI1 = 0x18a
                0x0000018c                __SYSJMBO0_L = 0x18c
                0x0000018d                __SYSJMBO0_H = 0x18d
                0x0000018c                __SYSJMBO0 = 0x18c
                0x0000018e                __SYSJMBO1_L = 0x18e
                0x0000018f                __SYSJMBO1_H = 0x18f
                0x0000018e                __SYSJMBO1 = 0x18e
                0x0000019a                __SYSUNIV_L = 0x19a
                0x0000019b                __SYSUNIV_H = 0x19b
                0x0000019a                __SYSUNIV = 0x19a
                0x0000019c                __SYSSNIV_L = 0x19c
                0x0000019d                __SYSSNIV_H = 0x19d
                0x0000019c                __SYSSNIV = 0x19c
                0x0000019e                __SYSRSTIV_L = 0x19e
                0x0000019f                __SYSRSTIV_H = 0x19f
                0x0000019e                __SYSRSTIV = 0x19e
                0x00000340                __TA0CTL = 0x340
                0x00000342                __TA0CCTL0 = 0x342
                0x00000344                __TA0CCTL1 = 0x344
                0x00000346                __TA0CCTL2 = 0x346
                0x00000348                __TA0CCTL3 = 0x348
                0x0000034a                __TA0CCTL4 = 0x34a
                0x00000350                __TA0R = 0x350
                0x00000352                __TA0CCR0 = 0x352
                0x00000354                __TA0CCR1 = 0x354
                0x00000356                __TA0CCR2 = 0x356
                0x00000358                __TA0CCR3 = 0x358
                0x0000035a                __TA0CCR4 = 0x35a
                0x0000036e                __TA0IV = 0x36e
                0x00000360                __TA0EX0 = 0x360
                0x00000380                __TA1CTL = 0x380
                0x00000382                __TA1CCTL0 = 0x382
                0x00000384                __TA1CCTL1 = 0x384
                0x00000386                __TA1CCTL2 = 0x386
                0x00000390                __TA1R = 0x390
                0x00000392                __TA1CCR0 = 0x392
                0x00000394                __TA1CCR1 = 0x394
                0x00000396                __TA1CCR2 = 0x396
                0x000003ae                __TA1IV = 0x3ae
                0x000003a0                __TA1EX0 = 0x3a0
                0x000003c0                __TB0CTL = 0x3c0
                0x000003c2                __TB0CCTL0 = 0x3c2
                0x000003c4                __TB0CCTL1 = 0x3c4
                0x000003c6                __TB0CCTL2 = 0x3c6
                0x000003c8                __TB0CCTL3 = 0x3c8
                0x000003ca                __TB0CCTL4 = 0x3ca
                0x000003cc                __TB0CCTL5 = 0x3cc
                0x000003ce                __TB0CCTL6 = 0x3ce
                0x000003d0                __TB0R = 0x3d0
                0x000003d2                __TB0CCR0 = 0x3d2
                0x000003d4                __TB0CCR1 = 0x3d4
                0x000003d6                __TB0CCR2 = 0x3d6
                0x000003d8                __TB0CCR3 = 0x3d8
                0x000003da                __TB0CCR4 = 0x3da
                0x000003dc                __TB0CCR5 = 0x3dc
                0x000003de                __TB0CCR6 = 0x3de
                0x000003e0                __TB0EX0 = 0x3e0
                0x000003ee                __TB0IV = 0x3ee
                0x00000160                __UCSCTL0_L = 0x160
                0x00000161                __UCSCTL0_H = 0x161
                0x00000160                __UCSCTL0 = 0x160
                0x00000162                __UCSCTL1_L = 0x162
                0x00000163                __UCSCTL1_H = 0x163
                0x00000162                __UCSCTL1 = 0x162
                0x00000164                __UCSCTL2_L = 0x164
                0x00000165                __UCSCTL2_H = 0x165
                0x00000164                __UCSCTL2 = 0x164
                0x00000166                __UCSCTL3_L = 0x166
                0x00000167                __UCSCTL3_H = 0x167
                0x00000166                __UCSCTL3 = 0x166
                0x00000168                __UCSCTL4_L = 0x168
                0x00000169                __UCSCTL4_H = 0x169
                0x00000168                __UCSCTL4 = 0x168
                0x0000016a                __UCSCTL5_L = 0x16a
                0x0000016b                __UCSCTL5_H = 0x16b
                0x0000016a                __UCSCTL5 = 0x16a
                0x0000016c                __UCSCTL6_L = 0x16c
                0x0000016d                __UCSCTL6_H = 0x16d
                0x0000016c                __UCSCTL6 = 0x16c
                0x0000016e                __UCSCTL7_L = 0x16e
                0x0000016f                __UCSCTL7_H = 0x16f
                0x0000016e                __UCSCTL7 = 0x16e
                0x00000170                __UCSCTL8_L = 0x170
                0x00000171                __UCSCTL8_H = 0x171
                0x00000170                __UCSCTL8 = 0x170
                0x000005c0                __UCA0CTLW0_L = 0x5c0
                0x000005c1                __UCA0CTLW0_H = 0x5c1
                0x000005c0                __UCA0CTLW0 = 0x5c0
                0x000005c6                __UCA0BRW_L = 0x5c6
                0x000005c7                __UCA0BRW_H = 0x5c7
                0x000005c6                __UCA0BRW = 0x5c6
                0x000005c8                __UCA0MCTL = 0x5c8
                0x000005ca                __UCA0STAT = 0x5ca
                0x000005cc                __UCA0RXBUF = 0x5cc
                0x000005ce                __UCA0TXBUF = 0x5ce
                0x000005d0                __UCA0ABCTL = 0x5d0
                0x000005d2                __UCA0IRCTL_L = 0x5d2
                0x000005d3                __UCA0IRCTL_H = 0x5d3
                0x000005d2                __UCA0IRCTL = 0x5d2
                0x000005dc                __UCA0ICTL_L = 0x5dc
                0x000005dd                __UCA0ICTL_H = 0x5dd
                0x000005dc                __UCA0ICTL = 0x5dc
                0x000005de                __UCA0IV = 0x5de
                0x000005e0                __UCB0CTLW0_L = 0x5e0
                0x000005e1                __UCB0CTLW0_H = 0x5e1
                0x000005e0                __UCB0CTLW0 = 0x5e0
                0x000005e6                __UCB0BRW_L = 0x5e6
                0x000005e7                __UCB0BRW_H = 0x5e7
                0x000005e6                __UCB0BRW = 0x5e6
                0x000005ea                __UCB0STAT = 0x5ea
                0x000005ec                __UCB0RXBUF = 0x5ec
                0x000005ee                __UCB0TXBUF = 0x5ee
                0x000005f0                __UCB0I2COA_L = 0x5f0
                0x000005f1                __UCB0I2COA_H = 0x5f1
                0x000005f0                __UCB0I2COA = 0x5f0
                0x000005f2                __UCB0I2CSA_L = 0x5f2
                0x000005f3                __UCB0I2CSA_H = 0x5f3
                0x000005f2                __UCB0I2CSA = 0x5f2
                0x000005fc                __UCB0ICTL_L = 0x5fc
                0x000005fd                __UCB0ICTL_H = 0x5fd
                0x000005fc                __UCB0ICTL = 0x5fc
                0x000005fe                __UCB0IV = 0x5fe
                0x00000600                __UCA1CTLW0_L = 0x600
                0x00000601                __UCA1CTLW0_H = 0x601
                0x00000600                __UCA1CTLW0 = 0x600
                0x00000606                __UCA1BRW_L = 0x606
                0x00000607                __UCA1BRW_H = 0x607
                0x00000606                __UCA1BRW = 0x606
                0x00000608                __UCA1MCTL = 0x608
                0x0000060a                __UCA1STAT = 0x60a
                0x0000060c                __UCA1RXBUF = 0x60c
                0x0000060e                __UCA1TXBUF = 0x60e
                0x00000610                __UCA1ABCTL = 0x610
                0x00000612                __UCA1IRCTL_L = 0x612
                0x00000613                __UCA1IRCTL_H = 0x613
                0x00000612                __UCA1IRCTL = 0x612
                0x0000061c                __UCA1ICTL_L = 0x61c
                0x0000061d                __UCA1ICTL_H = 0x61d
                0x0000061c                __UCA1ICTL = 0x61c
                0x0000061e                __UCA1IV = 0x61e
                0x00000620                __UCB1CTLW0_L = 0x620
                0x00000621                __UCB1CTLW0_H = 0x621
                0x00000620                __UCB1CTLW0 = 0x620
                0x00000626                __UCB1BRW_L = 0x626
                0x00000627                __UCB1BRW_H = 0x627
                0x00000626                __UCB1BRW = 0x626
                0x0000062a                __UCB1STAT = 0x62a
                0x0000062c                __UCB1RXBUF = 0x62c
                0x0000062e                __UCB1TXBUF = 0x62e
                0x00000630                __UCB1I2COA_L = 0x630
                0x00000631                __UCB1I2COA_H = 0x631
                0x00000630                __UCB1I2COA = 0x630
                0x00000632                __UCB1I2CSA_L = 0x632
                0x00000633                __UCB1I2CSA_H = 0x633
                0x00000632                __UCB1I2CSA = 0x632
                0x0000063c                __UCB1ICTL_L = 0x63c
                0x0000063d                __UCB1ICTL_H = 0x63d
                0x0000063c                __UCB1ICTL = 0x63c
                0x0000063e                __UCB1IV = 0x63e
                0x00000640                __UCA2CTLW0_L = 0x640
                0x00000641                __UCA2CTLW0_H = 0x641
                0x00000640                __UCA2CTLW0 = 0x640
                0x00000646                __UCA2BRW_L = 0x646
                0x00000647                __UCA2BRW_H = 0x647
                0x00000646                __UCA2BRW = 0x646
                0x00000648                __UCA2MCTL = 0x648
                0x0000064a                __UCA2STAT = 0x64a
                0x0000064c                __UCA2RXBUF = 0x64c
                0x0000064e                __UCA2TXBUF = 0x64e
                0x00000650                __UCA2ABCTL = 0x650
                0x00000652                __UCA2IRCTL_L = 0x652
                0x00000653                __UCA2IRCTL_H = 0x653
                0x00000652                __UCA2IRCTL = 0x652
                0x0000065c                __UCA2ICTL_L = 0x65c
                0x0000065d                __UCA2ICTL_H = 0x65d
                0x0000065c                __UCA2ICTL = 0x65c
                0x0000065e                __UCA2IV = 0x65e
                0x00000660                __UCB2CTLW0_L = 0x660
                0x00000661                __UCB2CTLW0_H = 0x661
                0x00000660                __UCB2CTLW0 = 0x660
                0x00000666                __UCB2BRW_L = 0x666
                0x00000667                __UCB2BRW_H = 0x667
                0x00000666                __UCB2BRW = 0x666
                0x0000066a                __UCB2STAT = 0x66a
                0x0000066c                __UCB2RXBUF = 0x66c
                0x0000066e                __UCB2TXBUF = 0x66e
                0x00000670                __UCB2I2COA_L = 0x670
                0x00000671                __UCB2I2COA_H = 0x671
                0x00000670                __UCB2I2COA = 0x670
                0x00000672                __UCB2I2CSA_L = 0x672
                0x00000673                __UCB2I2CSA_H = 0x673
                0x00000672                __UCB2I2CSA = 0x672
                0x0000067c                __UCB2ICTL_L = 0x67c
                0x0000067d                __UCB2ICTL_H = 0x67d
                0x0000067c                __UCB2ICTL = 0x67c
                0x0000067e                __UCB2IV = 0x67e
                0x00000680                __UCA3CTLW0_L = 0x680
                0x00000681                __UCA3CTLW0_H = 0x681
                0x00000680                __UCA3CTLW0 = 0x680
                0x00000686                __UCA3BRW_L = 0x686
                0x00000687                __UCA3BRW_H = 0x687
                0x00000686                __UCA3BRW = 0x686
                0x00000688                __UCA3MCTL = 0x688
                0x0000068a                __UCA3STAT = 0x68a
                0x0000068c                __UCA3RXBUF = 0x68c
                0x0000068e                __UCA3TXBUF = 0x68e
                0x00000690                __UCA3ABCTL = 0x690
                0x00000692                __UCA3IRCTL_L = 0x692
                0x00000693                __UCA3IRCTL_H = 0x693
                0x00000692                __UCA3IRCTL = 0x692
                0x0000069c                __UCA3ICTL_L = 0x69c
                0x0000069d                __UCA3ICTL_H = 0x69d
                0x0000069c                __UCA3ICTL = 0x69c
                0x0000069e                __UCA3IV = 0x69e
                0x000006a0                __UCB3CTLW0_L = 0x6a0
                0x000006a1                __UCB3CTLW0_H = 0x6a1
                0x000006a0                __UCB3CTLW0 = 0x6a0
                0x000006a6                __UCB3BRW_L = 0x6a6
                0x000006a7                __UCB3BRW_H = 0x6a7
                0x000006a6                __UCB3BRW = 0x6a6
                0x000006aa                __UCB3STAT = 0x6aa
                0x000006ac                __UCB3RXBUF = 0x6ac
                0x000006ae                __UCB3TXBUF = 0x6ae
                0x000006b0                __UCB3I2COA_L = 0x6b0
                0x000006b1                __UCB3I2COA_H = 0x6b1
                0x000006b0                __UCB3I2COA = 0x6b0
                0x000006b2                __UCB3I2CSA_L = 0x6b2
                0x000006b3                __UCB3I2CSA_H = 0x6b3
                0x000006b2                __UCB3I2CSA = 0x6b2
                0x000006bc                __UCB3ICTL_L = 0x6bc
                0x000006bd                __UCB3ICTL_H = 0x6bd
                0x000006bc                __UCB3ICTL = 0x6bc
                0x000006be                __UCB3IV = 0x6be
                0x0000015c                __WDTCTL_L = 0x15c
                0x0000015d                __WDTCTL_H = 0x15d
                0x0000015c                __WDTCTL = 0x15c

.hash
 *(.hash)

.dynsym
 *(.dynsym)

.dynstr
 *(.dynstr)

.gnu.version
 *(.gnu.version)

.gnu.version_d
 *(.gnu.version_d)

.gnu.version_r
 *(.gnu.version_r)

.rel.init
 *(.rel.init)

.rela.init
 *(.rela.init)

.rel.fini
 *(.rel.fini)

.rela.fini
 *(.rela.fini)

.rel.text
 *(.rel.text .rel.text.* .rel.gnu.linkonce.t.*)

.rela.text
 *(.rela.text .rela.text.* .rela.gnu.linkonce.t.*)

.rel.rodata
 *(.rel.rodata .rel.rodata.* .rel.gnu.linkonce.r.*)

.rela.rodata
 *(.rela.rodata .rela.rodata.* .rela.gnu.linkonce.r.*)

.rel.data
 *(.rel.data .rel.data.* .rel.gnu.linkonce.d.*)

.rela.data
 *(.rela.data .rela.data.* .rela.gnu.linkonce.d.*)

.rel.bss
 *(.rel.bss .rel.bss.* .rel.gnu.linkonce.b.*)

.rela.bss
 *(.rela.bss .rela.bss.* .rela.gnu.linkonce.b.*)

.rel.ctors
 *(.rel.ctors)

.rela.ctors
 *(.rela.ctors)

.rel.dtors
 *(.rel.dtors)

.rela.dtors
 *(.rela.dtors)

.rel.got
 *(.rel.got)

.rela.got
 *(.rela.got)

.rel.plt
 *(.rel.plt)

.rela.plt
 *(.rela.plt)

.text           0x00005c00     0x4ae2
                0x00005c00                . = ALIGN (0x2)
 *(.init .init.*)
 *(.init0)
 .init0         0x00005c00        0x0 /usr/local/msp430/bin/../lib/gcc/msp430/4.7.0/mcpu-430x/mmpy-16/msr20/mc20/libcrt0.a(_reset_vector__.o)
                0x00005c00                _reset_vector__
 *(.init1)
 .init1         0x00005c00        0xc /usr/local/msp430/bin/../lib/gcc/msp430/4.7.0/mcpu-430x/mmpy-16/msr20/mc20/libcrt0.a(__watchdog_support.o)
                0x00005c00                __watchdog_support
 *(.init2)
 .init2         0x00005c0c        0x4 /usr/local/msp430/bin/../lib/gcc/msp430/4.7.0/mcpu-430x/mmpy-16/msr20/mc20/libcrt0.a(__init_stack.o)
                0x00005c0c                __init_stack
 *(.init3)
 .init3         0x00005c10        0x0 /usr/local/msp430/bin/../lib/gcc/msp430/4.7.0/mcpu-430x/mmpy-16/msr20/mc20/libcrt0.a(__low_level_init.o)
                0x00005c10                __low_level_init
 *(.init4)
 .init4         0x00005c10       0x18 /usr/local/msp430/bin/../lib/gcc/msp430/4.7.0/mcpu-430x/mmpy-16/msr20/mc20/libcrt0.a(_copy_data.o)
                0x00005c10                __do_copy_data
 .init4         0x00005c28       0x16 /usr/local/msp430/bin/../lib/gcc/msp430/4.7.0/mcpu-430x/mmpy-16/msr20/mc20/libcrt0.a(_clear_bss.o)
                0x00005c28                __do_clear_bss
 *(.init5)
 *(.init6)
 *(.init7)
 *(.init8)
 *(.init9)
 .init9         0x00005c3e      0x2de obj_exp5438/contiki-exp5438-main.o
                0x00005c3e                main
 *(.fini9)
 .fini9         0x00005f1c        0x0 /usr/local/msp430/bin/../lib/gcc/msp430/4.7.0/mcpu-430x/mmpy-16/msr20/mc20/libcrt0.a(__stop_progExec__.o)
                0x00005f1c                __stop_progExec__
 *(.fini8)
 *(.fini7)
 *(.fini6)
 *(.fini5)
 *(.fini4)
 *(.fini3)
 *(.fini2)
 *(.fini1)
 *(.fini0)
 .fini0         0x00005f1c        0x6 /usr/local/msp430/bin/../lib/gcc/msp430/4.7.0/mcpu-430x/mmpy-16/msr20/mc20/libcrt0.a(_endless_loop__.o)
                0x00005f1c                _endless_loop__
 *(.fini .fini.*)
                0x00005f22                . = ALIGN (0x2)
                0x00005f22                __ctors_start = .
 *(.ctors)
                0x00005f22                __ctors_end = .
                0x00005f22                __dtors_start = .
 *(.dtors)
                0x00005f22                __dtors_end = .
                0x00005f22                . = ALIGN (0x2)
 *(.text .text.* .gnu.linkonce.t.*)
 .text          0x00005f22        0x4 /usr/local/msp430/bin/../lib/gcc/msp430/4.7.0/mcpu-430x/mmpy-16/msr20/mc20/crt0ivtbl64.o
                0x00005f22                __isr_37
                0x00005f22                __isr_51
                0x00005f22                __isr_57
                0x00005f22                __isr_33
                0x00005f22                __isr_32
                0x00005f22                __isr_54
                0x00005f22                __isr_42
                0x00005f22                __isr_59
                0x00005f22                __isr_39
                0x00005f22                __isr_53
                0x00005f22                __isr_41
                0x00005f22                __isr_60
                0x00005f22                __isr_36
                0x00005f22                __isr_34
                0x00005f22                __isr_44
                0x00005f22                __isr_61
                0x00005f22                __isr_55
                0x00005f22                __isr_43
                0x00005f22                __isr_50
                0x00005f22                __isr_56
                0x00005f22                __isr_38
                0x00005f22                __isr_35
                0x00005f22                __isr_45
                0x00005f22                __isr_62
                0x00005f22                __isr_40
 .text.libgcc   0x00005f26       0x38 /usr/local/msp430/bin/../lib/gcc/msp430/4.7.0/mcpu-430x/mmpy-16/msr20/mc20/libgcc.a(_udivmod32.o)
                0x00005f26                __udivsi3
                0x00005f26                __ext_udivmod32
                0x00005f54                __umodsi3
 .text.printf   0x00005f5e       0x10 /usr/local/msp430/bin/../lib/gcc/msp430/4.7.0/../../../../msp430/lib/mcpu-430x/mmpy-16/msr20/mc20/libc.a(printf.o)
                0x00005f5e                printf
 .text.print_field
                0x00005f6e      0x176 /usr/local/msp430/bin/../lib/gcc/msp430/4.7.0/../../../../msp430/lib/mcpu-430x/mmpy-16/msr20/mc20/libc.a(vuprintf.o)
 .text.vuprintf
                0x000060e4      0x74c /usr/local/msp430/bin/../lib/gcc/msp430/4.7.0/../../../../msp430/lib/mcpu-430x/mmpy-16/msr20/mc20/libc.a(vuprintf.o)
                0x000060e4                vuprintf
 .text.puts     0x00006830       0x2c /usr/local/msp430/bin/../lib/gcc/msp430/4.7.0/../../../../msp430/lib/mcpu-430x/mmpy-16/msr20/mc20/libc.a(puts.o)
                0x00006830                puts
 .text.rand     0x0000685c       0x26 /usr/local/msp430/bin/../lib/gcc/msp430/4.7.0/../../../../msp430/lib/mcpu-430x/mmpy-16/msr20/mc20/libc.a(rand.o)
                0x0000685c                rand
 .text.memcmp   0x00006882       0x2c /usr/local/msp430/bin/../lib/gcc/msp430/4.7.0/../../../../msp430/lib/mcpu-430x/mmpy-16/msr20/mc20/libc.a(memcmp.o)
                0x00006882                memcmp
 .text.libgcc   0x000068ae       0x26 /usr/local/msp430/bin/../lib/gcc/msp430/4.7.0/mcpu-430x/mmpy-16/msr20/mc20/libgcc.a(_mulsi3.o)
                0x000068ae                __mulsi3
 .text.libgcc   0x000068d4       0x22 /usr/local/msp430/bin/../lib/gcc/msp430/4.7.0/mcpu-430x/mmpy-16/msr20/mc20/libgcc.a(_udivmod16.o)
                0x000068d4                __udivhi3
                0x000068d4                __ext_udivmod16
                0x000068ee                __umodhi3
 .text.libgcc   0x000068f6       0xbc /usr/local/msp430/bin/../lib/gcc/msp430/4.7.0/mcpu-430x/mmpy-16/msr20/mc20/libgcc.a(_udivmod64.o)
                0x000068f6                __xabi_udivmod64
                0x00006948                __udivdi3
                0x00006962                __umoddi3
                0x00006984                __udivmoddi4
 .text.crt0     0x000069b2        0x2 /usr/local/msp430/bin/../lib/gcc/msp430/4.7.0/mcpu-430x/mmpy-16/msr20/mc20/libcrt0.a(_unexpected_.o)
                0x000069b2                _unexpected_
 *(.near.text .near.text.*)
 .near.text.watchdog_interrupt
                0x000069b4        0x6 contiki-exp5438.a(watchdog.o)
                0x000069b4                watchdog_interrupt
                0x000069b4                __isr_58
 .near.text.timera0
                0x000069ba       0x5c contiki-exp5438.a(rtimer-arch.o)
                0x000069ba                __isr_49
                0x000069ba                timera0
 .near.text.uart1_rx_interrupt
                0x00006a16       0x6c contiki-exp5438.a(uart1x.o)
                0x00006a16                __isr_46
                0x00006a16                uart1_rx_interrupt
 .near.text.uart2_rx_interrupt
                0x00006a82       0x6c contiki-exp5438.a(uart2x.o)
                0x00006a82                uart2_rx_interrupt
                0x00006a82                __isr_52
 .near.text.cc1200_port1_interrupt
                0x00006aee       0x66 contiki-exp5438.a(cc1200-5438-arc)
                0x00006aee                __isr_47
                0x00006aee                cc1200_port1_interrupt
 .near.text.timera1
                0x00006b54       0xfc contiki-exp5438.a(clock.o)
                0x00006b54                __isr_48
                0x00006b54                timera1
 .any.text.process_thread_example_broadcast_process
                0x00006c50      0x2ea sensor.co
 .any.text.unicast_recv
                0x00006f3a       0x7e sensor.co
 .any.text.w_memcpy
                0x00006fb8       0x1c contiki-exp5438.a(msp430.o)
                0x00006fb8                w_memcpy
 .any.text.w_memset
                0x00006fd4       0x12 contiki-exp5438.a(msp430.o)
                0x00006fd4                w_memset
 .any.text.msp430_set_dco_speed
                0x00006fe6       0x6a contiki-exp5438.a(msp430.o)
                0x00006fe6                msp430_set_dco_speed
 .any.text.msp430_quick_synch_dco
                0x00007050        0xe contiki-exp5438.a(msp430.o)
                0x00007050                msp430_quick_synch_dco
 .any.text.msp430_cpu_init
                0x0000705e       0x96 contiki-exp5438.a(msp430.o)
                0x0000705e                msp430_cpu_init
 .any.text.splhigh_
                0x000070f4        0x8 contiki-exp5438.a(msp430.o)
                0x000070f4                splhigh_
 .any.text.show_leds
                0x000070fc       0xe8 contiki-exp5438.a(leds.o)
 .any.text.leds_init
                0x000071e4        0xa contiki-exp5438.a(leds.o)
                0x000071e4                leds_init
 .any.text.leds_on
                0x000071ee        0xa contiki-exp5438.a(leds.o)
                0x000071ee                leds_on
 .any.text.leds_off
                0x000071f8        0xe contiki-exp5438.a(leds.o)
                0x000071f8                leds_off
 .any.text.watchdog_start
                0x00007206       0x14 contiki-exp5438.a(watchdog.o)
                0x00007206                watchdog_start
 .any.text.watchdog_periodic
                0x0000721a       0x12 contiki-exp5438.a(watchdog.o)
                0x0000721a                watchdog_periodic
 .any.text.watchdog_stop
                0x0000722c       0x16 contiki-exp5438.a(watchdog.o)
                0x0000722c                watchdog_stop
 .any.text.watchdog_init
                0x00007242       0x12 contiki-exp5438.a(watchdog.o)
                0x00007242                watchdog_init
 .any.text.rtimer_arch_init
                0x00007254        0xe contiki-exp5438.a(rtimer-arch.o)
                0x00007254                rtimer_arch_init
 .any.text.rtimer_arch_now
                0x00007262        0xe contiki-exp5438.a(rtimer-arch.o)
                0x00007262                rtimer_arch_now
 .any.text.rtimer_arch_schedule
                0x00007270        0x6 contiki-exp5438.a(rtimer-arch.o)
                0x00007270                rtimer_arch_schedule
 .any.text.leds_arch_init
                0x00007276        0xa contiki-exp5438.a(leds-arch.o)
                0x00007276                leds_arch_init
 .any.text.leds_arch_set
                0x00007280       0x2a contiki-exp5438.a(leds-arch.o)
                0x00007280                leds_arch_set
 .any.text.uart1_active
                0x000072aa        0xe contiki-exp5438.a(uart1x.o)
                0x000072aa                uart1_active
 .any.text.uart1_set_input
                0x000072b8        0x6 contiki-exp5438.a(uart1x.o)
                0x000072b8                uart1_set_input
 .any.text.uart1_writeb
                0x000072be       0x16 contiki-exp5438.a(uart1x.o)
                0x000072be                uart1_writeb
 .any.text.uart1_init
                0x000072d4       0x48 contiki-exp5438.a(uart1x.o)
                0x000072d4                uart1_init
 .any.text.uart2_active
                0x0000731c        0xe contiki-exp5438.a(uart2x.o)
                0x0000731c                uart2_active
 .any.text.uart2_set_input
                0x0000732a        0x6 contiki-exp5438.a(uart2x.o)
                0x0000732a                uart2_set_input
 .any.text.uart2_writeb
                0x00007330       0x16 contiki-exp5438.a(uart2x.o)
                0x00007330                uart2_writeb
 .any.text.uart2_init
                0x00007346       0x48 contiki-exp5438.a(uart2x.o)
                0x00007346                uart2_init
 .any.text.lcd_init
                0x0000738e        0x2 contiki-exp5438.a(lcd.o)
                0x0000738e                lcd_init
 .any.text.lcd_write_char
                0x00007390        0x2 contiki-exp5438.a(lcd.o)
                0x00007390                lcd_write_char
 .any.text.lcd_draw_vertical_line
                0x00007392        0x2 contiki-exp5438.a(lcd.o)
                0x00007392                lcd_draw_vertical_line
 .any.text.lcd_scroll_x
                0x00007394        0x2 contiki-exp5438.a(lcd.o)
                0x00007394                lcd_scroll_x
 .any.text.process_thread_duty_cycle_scroller_process
                0x00007396      0x138 contiki-exp5438.a(duty-cycle-scro)
 .any.text.duty_cycle_scroller_start
                0x000074ce       0x14 contiki-exp5438.a(duty-cycle-scro)
                0x000074ce                duty_cycle_scroller_start
 .any.text.pending_packet
                0x000074e2        0xe contiki-exp5438.a(cc1200.o)
 .any.text.get_value
                0x000074f0       0x7e contiki-exp5438.a(cc1200.o)
 .any.text.get_object
                0x0000756e        0x4 contiki-exp5438.a(cc1200.o)
 .any.text.set_object
                0x00007572        0x4 contiki-exp5438.a(cc1200.o)
 .any.text.single_write
                0x00007576       0x30 contiki-exp5438.a(cc1200.o)
 .any.text.single_read
                0x000075a6       0x36 contiki-exp5438.a(cc1200.o)
 .any.text.update_txpower
                0x000075dc       0x32 contiki-exp5438.a(cc1200.o)
 .any.text.strobe
                0x0000760e       0x20 contiki-exp5438.a(cc1200.o)
 .any.text.state
                0x0000762e        0xe contiki-exp5438.a(cc1200.o)
 .any.text.idle
                0x0000763c       0xb0 contiki-exp5438.a(cc1200.o)
 .any.text.rx_rx
                0x000076ec       0x88 contiki-exp5438.a(cc1200.o)
 .any.text.calibrate
                0x00007774       0xb4 contiki-exp5438.a(cc1200.o)
 .any.text.idle_calibrate_rx
                0x00007828       0x2e contiki-exp5438.a(cc1200.o)
 .any.text.off  0x00007856       0x3a contiki-exp5438.a(cc1200.o)
 .any.text.on   0x00007890       0x5e contiki-exp5438.a(cc1200.o)
 .any.text.receiving_packet
                0x000078ee       0x28 contiki-exp5438.a(cc1200.o)
 .any.text.set_channel
                0x00007916      0x102 contiki-exp5438.a(cc1200.o)
 .any.text.set_value
                0x00007a18       0x80 contiki-exp5438.a(cc1200.o)
 .any.text.channel_clear
                0x00007a98       0x82 contiki-exp5438.a(cc1200.o)
 .any.text.read
                0x00007b1a       0x58 contiki-exp5438.a(cc1200.o)
 .any.text.prepare
                0x00007b72       0x22 contiki-exp5438.a(cc1200.o)
 .any.text.burst_read.constprop.9
                0x00007b94       0x22 contiki-exp5438.a(cc1200.o)
 .any.text.burst_write.constprop.11
                0x00007bb6       0x24 contiki-exp5438.a(cc1200.o)
 .any.text.idle_tx_rx
                0x00007bda      0x1f4 contiki-exp5438.a(cc1200.o)
 .any.text.transmit
                0x00007dce       0xc4 contiki-exp5438.a(cc1200.o)
 .any.text.send
                0x00007e92       0x16 contiki-exp5438.a(cc1200.o)
 .any.text.cc1200_init
                0x00007ea8      0x184 contiki-exp5438.a(cc1200.o)
                0x00007ea8                cc1200_init
 .any.text.cc1200_rx_interrupt
                0x0000802c      0x1d4 contiki-exp5438.a(cc1200.o)
                0x0000802c                cc1200_rx_interrupt
 .any.text.process_thread_cc1200_process
                0x00008200       0x8c contiki-exp5438.a(cc1200.o)
 .any.text.cc1200_arch_spi_select
                0x0000828c        0xc contiki-exp5438.a(cc1200-5438-arc)
                0x0000828c                cc1200_arch_spi_select
 .any.text.cc1200_arch_spi_deselect
                0x00008298        0x6 contiki-exp5438.a(cc1200-5438-arc)
                0x00008298                cc1200_arch_spi_deselect
 .any.text.cc1200_arch_spi_rw_byte
                0x0000829e       0x1e contiki-exp5438.a(cc1200-5438-arc)
                0x0000829e                cc1200_arch_spi_rw_byte
 .any.text.cc1200_arch_spi_rw
                0x000082bc       0x96 contiki-exp5438.a(cc1200-5438-arc)
                0x000082bc                cc1200_arch_spi_rw
 .any.text.cc1200_arch_init
                0x00008352       0x4e contiki-exp5438.a(cc1200-5438-arc)
                0x00008352                cc1200_arch_init
 .any.text.cc1200_arch_gpio0_setup_irq
                0x000083a0       0x40 contiki-exp5438.a(cc1200-5438-arc)
                0x000083a0                cc1200_arch_gpio0_setup_irq
 .any.text.cc1200_arch_gpio2_setup_irq
                0x000083e0       0x4a contiki-exp5438.a(cc1200-5438-arc)
                0x000083e0                cc1200_arch_gpio2_setup_irq
 .any.text.cc1200_arch_gpio0_enable_irq
                0x0000842a        0xe contiki-exp5438.a(cc1200-5438-arc)
                0x0000842a                cc1200_arch_gpio0_enable_irq
 .any.text.cc1200_arch_gpio0_disable_irq
                0x00008438        0x8 contiki-exp5438.a(cc1200-5438-arc)
                0x00008438                cc1200_arch_gpio0_disable_irq
 .any.text.cc1200_arch_gpio2_enable_irq
                0x00008440        0xa contiki-exp5438.a(cc1200-5438-arc)
                0x00008440                cc1200_arch_gpio2_enable_irq
 .any.text.cc1200_arch_gpio2_disable_irq
                0x0000844a        0x6 contiki-exp5438.a(cc1200-5438-arc)
                0x0000844a                cc1200_arch_gpio2_disable_irq
 .any.text.cc1200_arch_gpio0_read_pin
                0x00008450        0xa contiki-exp5438.a(cc1200-5438-arc)
                0x00008450                cc1200_arch_gpio0_read_pin
 .any.text.cc1200_arch_gpio2_read_pin
                0x0000845a        0x8 contiki-exp5438.a(cc1200-5438-arc)
                0x0000845a                cc1200_arch_gpio2_read_pin
 .any.text.putchar
                0x00008462       0x16 contiki-exp5438.a(uart1-putchar.o)
                0x00008462                putchar
 .any.text.putchar2
                0x00008478       0x16 contiki-exp5438.a(uart2-putchar.o)
                0x00008478                putchar2
 .any.text.clock_time
                0x0000848e       0x1a contiki-exp5438.a(clock.o)
                0x0000848e                clock_time
 .any.text.clock_init
                0x000084a8       0x28 contiki-exp5438.a(clock.o)
                0x000084a8                clock_init
 .any.text.clock_delay
                0x000084d0        0x6 contiki-exp5438.a(clock.o)
                0x000084d0                clock_delay
 .any.text.clock_seconds
                0x000084d6       0x1a contiki-exp5438.a(clock.o)
                0x000084d6                clock_seconds
 .any.text.channel_check_interval
                0x000084f0        0x6 contiki-exp5438.a(cxmac.o)
 .any.text.on   0x000084f6       0x1a contiki-exp5438.a(cxmac.o)
 .any.text.off  0x00008510       0x20 contiki-exp5438.a(cxmac.o)
 .any.text.powercycle_turn_radio_off
                0x00008530       0x1e contiki-exp5438.a(cxmac.o)
 .any.text.turn_off
                0x0000854e       0x14 contiki-exp5438.a(cxmac.o)
 .any.text.cschedule_powercycle
                0x00008562       0x2a contiki-exp5438.a(cxmac.o)
 .any.text.turn_on
                0x0000858c       0x12 contiki-exp5438.a(cxmac.o)
 .any.text.cxmac_init
                0x0000859e       0x1c contiki-exp5438.a(cxmac.o)
                0x0000859e                cxmac_init
 .any.text.cpowercycle
                0x000085ba       0xb8 contiki-exp5438.a(cxmac.o)
 .any.text.qsend_packet
                0x00008672      0x1c6 contiki-exp5438.a(cxmac.o)
 .any.text.qsend_list
                0x00008838       0x24 contiki-exp5438.a(cxmac.o)
 .any.text.input_packet
                0x0000885c       0xe4 contiki-exp5438.a(cxmac.o)
 .any.text.autostart_start
                0x00008940       0x16 contiki-exp5438.a(autostart.o)
                0x00008940                autostart_start
 .any.text.compower_accumulate
                0x00008956       0x6a contiki-exp5438.a(compower.o)
                0x00008956                compower_accumulate
 .any.text.compower_clear
                0x000089c0       0x12 contiki-exp5438.a(compower.o)
                0x000089c0                compower_clear
 .any.text.compower_attrconv
                0x000089d2       0x10 contiki-exp5438.a(compower.o)
                0x000089d2                compower_attrconv
 .any.text.process_thread_ctimer_process
                0x000089e2       0xa0 contiki-exp5438.a(ctimer.o)
 .any.text.ctimer_init
                0x00008a82       0x18 contiki-exp5438.a(ctimer.o)
                0x00008a82                ctimer_init
 .any.text.ctimer_set
                0x00008a9a       0x48 contiki-exp5438.a(ctimer.o)
                0x00008a9a                ctimer_set
 .any.text.ctimer_stop
                0x00008ae2       0x28 contiki-exp5438.a(ctimer.o)
                0x00008ae2                ctimer_stop
 .any.text.energest_init
                0x00008b0a       0x24 contiki-exp5438.a(energest.o)
                0x00008b0a                energest_init
 .any.text.energest_type_time
                0x00008b2e       0x3c contiki-exp5438.a(energest.o)
                0x00008b2e                energest_type_time
 .any.text.energest_type_set
                0x00008b6a        0xc contiki-exp5438.a(energest.o)
                0x00008b6a                energest_type_set
 .any.text.energest_flush
                0x00008b76       0x38 contiki-exp5438.a(energest.o)
                0x00008b76                energest_flush
 .any.text.update_time
                0x00008bae       0x70 contiki-exp5438.a(etimer.o)
 .any.text.etimer_request_poll
                0x00008c1e        0xa contiki-exp5438.a(etimer.o)
                0x00008c1e                etimer_request_poll
 .any.text.process_thread_etimer_process
                0x00008c28       0xc4 contiki-exp5438.a(etimer.o)
 .any.text.add_timer
                0x00008cec       0x40 contiki-exp5438.a(etimer.o)
 .any.text.etimer_set
                0x00008d2c       0x12 contiki-exp5438.a(etimer.o)
                0x00008d2c                etimer_set
 .any.text.etimer_expired
                0x00008d3e        0xe contiki-exp5438.a(etimer.o)
                0x00008d3e                etimer_expired
 .any.text.etimer_pending
                0x00008d4c        0xc contiki-exp5438.a(etimer.o)
                0x00008d4c                etimer_pending
 .any.text.etimer_next_expiration_time
                0x00008d58       0x16 contiki-exp5438.a(etimer.o)
                0x00008d58                etimer_next_expiration_time
 .any.text.etimer_stop
                0x00008d6e       0x3e contiki-exp5438.a(etimer.o)
                0x00008d6e                etimer_stop
 .any.text.call_process
                0x00008dac       0x40 contiki-exp5438.a(process.o)
 .any.text.exit_process
                0x00008dec       0x88 contiki-exp5438.a(process.o)
 .any.text.do_poll
                0x00008e74       0x30 contiki-exp5438.a(process.o)
 .any.text.process_alloc_event
                0x00008ea4        0xe contiki-exp5438.a(process.o)
                0x00008ea4                process_alloc_event
 .any.text.process_init
                0x00008eb2       0x1c contiki-exp5438.a(process.o)
                0x00008eb2                process_init
 .any.text.process_run
                0x00008ece       0xa4 contiki-exp5438.a(process.o)
                0x00008ece                process_run
 .any.text.process_nevents
                0x00008f72        0xe contiki-exp5438.a(process.o)
                0x00008f72                process_nevents
 .any.text.process_post
                0x00008f80       0x50 contiki-exp5438.a(process.o)
                0x00008f80                process_post
 .any.text.process_post_synch
                0x00008fd0       0x12 contiki-exp5438.a(process.o)
                0x00008fd0                process_post_synch
 .any.text.process_start
                0x00008fe2       0x36 contiki-exp5438.a(process.o)
                0x00008fe2                process_start
 .any.text.process_poll
                0x00009018       0x18 contiki-exp5438.a(process.o)
                0x00009018                process_poll
 .any.text.rtimer_init
                0x00009030        0x6 contiki-exp5438.a(rtimer.o)
                0x00009030                rtimer_init
 .any.text.rtimer_run_next
                0x00009036       0x26 contiki-exp5438.a(rtimer.o)
                0x00009036                rtimer_run_next
 .any.text.timer_set
                0x0000905c       0x1c contiki-exp5438.a(timer.o)
                0x0000905c                timer_set
 .any.text.timer_expired
                0x00009078       0x2a contiki-exp5438.a(timer.o)
                0x00009078                timer_expired
 .any.text.process_thread_serial_line_process
                0x000090a2       0x9e contiki-exp5438.a(serial-line.o)
 .any.text.serial_line_input_byte
                0x00009140       0x4a contiki-exp5438.a(serial-line.o)
                0x00009140                serial_line_input_byte
 .any.text.serial_line_init
                0x0000918a       0x1c contiki-exp5438.a(serial-line.o)
                0x0000918a                serial_line_init
 .any.text.list_init
                0x000091a6        0x6 contiki-exp5438.a(list.o)
                0x000091a6                list_init
 .any.text.list_head
                0x000091ac        0x4 contiki-exp5438.a(list.o)
                0x000091ac                list_head
 .any.text.list_tail
                0x000091b0       0x12 contiki-exp5438.a(list.o)
                0x000091b0                list_tail
 .any.text.list_remove
                0x000091c2       0x34 contiki-exp5438.a(list.o)
                0x000091c2                list_remove
 .any.text.list_push
                0x000091f6       0x16 contiki-exp5438.a(list.o)
                0x000091f6                list_push
 .any.text.list_add
                0x0000920c       0x26 contiki-exp5438.a(list.o)
                0x0000920c                list_add
 .any.text.list_length
                0x00009232       0x10 contiki-exp5438.a(list.o)
                0x00009232                list_length
 .any.text.list_item_next
                0x00009242        0xc contiki-exp5438.a(list.o)
                0x00009242                list_item_next
 .any.text.random_rand
                0x0000924e        0x6 contiki-exp5438.a(random.o)
                0x0000924e                random_rand
 .any.text.ringbuf_init
                0x00009254       0x14 contiki-exp5438.a(ringbuf.o)
                0x00009254                ringbuf_init
 .any.text.ringbuf_put
                0x00009268       0x38 contiki-exp5438.a(ringbuf.o)
                0x00009268                ringbuf_put
 .any.text.ringbuf_get
                0x000092a0       0x2e contiki-exp5438.a(ringbuf.o)
                0x000092a0                ringbuf_get
 .any.text.input
                0x000092ce       0x36 contiki-exp5438.a(rime.o)
 .any.text.init
                0x00009304       0x2e contiki-exp5438.a(rime.o)
 .any.text.packet_sent
                0x00009332       0x38 contiki-exp5438.a(rime.o)
 .any.text.rime_output
                0x0000936a       0x24 contiki-exp5438.a(rime.o)
                0x0000936a                rime_output
 .any.text.sent_by_broadcast
                0x0000938e       0x10 contiki-exp5438.a(unicast.o)
 .any.text.recv_from_broadcast
                0x0000939e       0x2a contiki-exp5438.a(unicast.o)
 .any.text.unicast_open
                0x000093c8       0x22 contiki-exp5438.a(unicast.o)
                0x000093c8                unicast_open
 .any.text.unicast_close
                0x000093ea        0x6 contiki-exp5438.a(unicast.o)
                0x000093ea                unicast_close
 .any.text.unicast_send
                0x000093f0       0x16 contiki-exp5438.a(unicast.o)
                0x000093f0                unicast_send
 .any.text.linkaddr_copy
                0x00009406        0x8 contiki-exp5438.a(linkaddr.o)
                0x00009406                linkaddr_copy
 .any.text.linkaddr_cmp
                0x0000940e       0x12 contiki-exp5438.a(linkaddr.o)
                0x0000940e                linkaddr_cmp
 .any.text.linkaddr_set_node_addr
                0x00009420        0xc contiki-exp5438.a(linkaddr.o)
                0x00009420                linkaddr_set_node_addr
 .any.text.packetbuf_compact
                0x0000942c       0x2e contiki-exp5438.a(packetbuf.o)
                0x0000942c                packetbuf_compact
 .any.text.packetbuf_copyto
                0x0000945a       0x58 contiki-exp5438.a(packetbuf.o)
                0x0000945a                packetbuf_copyto
 .any.text.packetbuf_hdrreduce
                0x000094b2       0x1a contiki-exp5438.a(packetbuf.o)
                0x000094b2                packetbuf_hdrreduce
 .any.text.packetbuf_set_datalen
                0x000094cc        0x6 contiki-exp5438.a(packetbuf.o)
                0x000094cc                packetbuf_set_datalen
 .any.text.packetbuf_dataptr
                0x000094d2        0xe contiki-exp5438.a(packetbuf.o)
                0x000094d2                packetbuf_dataptr
 .any.text.packetbuf_hdrptr
                0x000094e0        0xa contiki-exp5438.a(packetbuf.o)
                0x000094e0                packetbuf_hdrptr
 .any.text.packetbuf_datalen
                0x000094ea        0x6 contiki-exp5438.a(packetbuf.o)
                0x000094ea                packetbuf_datalen
 .any.text.packetbuf_hdrlen
                0x000094f0       0x10 contiki-exp5438.a(packetbuf.o)
                0x000094f0                packetbuf_hdrlen
 .any.text.packetbuf_totlen
                0x00009500        0xc contiki-exp5438.a(packetbuf.o)
                0x00009500                packetbuf_totlen
 .any.text.packetbuf_hdralloc
                0x0000950c       0x2a contiki-exp5438.a(packetbuf.o)
                0x0000950c                packetbuf_hdralloc
 .any.text.packetbuf_attr_clear
                0x00009536       0x2c contiki-exp5438.a(packetbuf.o)
                0x00009536                packetbuf_attr_clear
 .any.text.packetbuf_clear
                0x00009562       0x1a contiki-exp5438.a(packetbuf.o)
                0x00009562                packetbuf_clear
 .any.text.packetbuf_copyfrom
                0x0000957c       0x2a contiki-exp5438.a(packetbuf.o)
                0x0000957c                packetbuf_copyfrom
 .any.text.packetbuf_attr_copyto
                0x000095a6       0x20 contiki-exp5438.a(packetbuf.o)
                0x000095a6                packetbuf_attr_copyto
 .any.text.packetbuf_attr_copyfrom
                0x000095c6       0x22 contiki-exp5438.a(packetbuf.o)
                0x000095c6                packetbuf_attr_copyfrom
 .any.text.packetbuf_holds_broadcast
                0x000095e8        0xe contiki-exp5438.a(packetbuf.o)
                0x000095e8                packetbuf_holds_broadcast
 .any.text.queuebuf_init
                0x000095f6       0x12 contiki-exp5438.a(queuebuf.o)
                0x000095f6                queuebuf_init
 .any.text.queuebuf_new_from_packetbuf
                0x00009608       0x4e contiki-exp5438.a(queuebuf.o)
                0x00009608                queuebuf_new_from_packetbuf
 .any.text.queuebuf_update_attr_from_packetbuf
                0x00009656       0x12 contiki-exp5438.a(queuebuf.o)
                0x00009656                queuebuf_update_attr_from_packetbuf
 .any.text.queuebuf_free
                0x00009668       0x2a contiki-exp5438.a(queuebuf.o)
                0x00009668                queuebuf_free
 .any.text.queuebuf_to_packetbuf
                0x00009692       0x32 contiki-exp5438.a(queuebuf.o)
                0x00009692                queuebuf_to_packetbuf
 .any.text.queuebuf_attr
                0x000096c4        0xe contiki-exp5438.a(queuebuf.o)
                0x000096c4                queuebuf_attr
 .any.text.input_packet
                0x000096d2        0x6 contiki-exp5438.a(csma.o)
 .any.text.on   0x000096d8        0x6 contiki-exp5438.a(csma.o)
 .any.text.off  0x000096de        0x6 contiki-exp5438.a(csma.o)
 .any.text.channel_check_interval
                0x000096e4       0x10 contiki-exp5438.a(csma.o)
 .any.text.transmit_packet_list
                0x000096f4       0x24 contiki-exp5438.a(csma.o)
 .any.text.init
                0x00009718       0x1a contiki-exp5438.a(csma.o)
 .any.text.send_packet
                0x00009732      0x178 contiki-exp5438.a(csma.o)
 .any.text.free_packet
                0x000098aa       0x90 contiki-exp5438.a(csma.o)
 .any.text.packet_sent
                0x0000993a      0x120 contiki-exp5438.a(csma.o)
 .any.text.field_len
                0x00009a5a       0x8c contiki-exp5438.a(frame802154.o)
 .any.text.frame802154_hdrlen
                0x00009ae6       0x2e contiki-exp5438.a(frame802154.o)
                0x00009ae6                frame802154_hdrlen
 .any.text.frame802154_create
                0x00009b14      0x112 contiki-exp5438.a(frame802154.o)
                0x00009b14                frame802154_create
 .any.text.frame802154_parse
                0x00009c26      0x182 contiki-exp5438.a(frame802154.o)
                0x00009c26                frame802154_parse
 .any.text.create_frame.isra.0
                0x00009da8      0x100 contiki-exp5438.a(framer-802154.o)
 .any.text.create
                0x00009ea8        0x8 contiki-exp5438.a(framer-802154.o)
 .any.text.hdr_length
                0x00009eb0        0x8 contiki-exp5438.a(framer-802154.o)
 .any.text.parse
                0x00009eb8       0xa4 contiki-exp5438.a(framer-802154.o)
 .any.text.framer_canonical_create_and_secure
                0x00009f5c       0x20 contiki-exp5438.a(framer.o)
                0x00009f5c                framer_canonical_create_and_secure
 .any.text.mac_call_sent_callback
                0x00009f7c       0x14 contiki-exp5438.a(mac.o)
                0x00009f7c                mac_call_sent_callback
 .any.text.bootstrap
                0x00009f90        0x4 contiki-exp5438.a(nullsec.o)
 .any.text.send
                0x00009f94        0xa contiki-exp5438.a(nullsec.o)
 .any.text.on_frame_created
                0x00009f9e        0x4 contiki-exp5438.a(nullsec.o)
 .any.text.input
                0x00009fa2        0x6 contiki-exp5438.a(nullsec.o)
 .any.text.get_overhead
                0x00009fa8        0x4 contiki-exp5438.a(nullsec.o)
 .any.text.spi_init
                0x00009fac       0x32 contiki-exp5438.a(spix.o)
                0x00009fac                spi_init
 .any.text.memb_init
                0x00009fde       0x36 contiki-exp5438.a(memb.o)
                0x00009fde                memb_init
 .any.text.memb_alloc
                0x0000a014       0x3e contiki-exp5438.a(memb.o)
                0x0000a014                memb_alloc
 .any.text.memb_free
                0x0000a052       0x3a contiki-exp5438.a(memb.o)
                0x0000a052                memb_free
 .any.text.memb_inmemb
                0x0000a08c       0x2a contiki-exp5438.a(memb.o)
                0x0000a08c                memb_inmemb
 .any.text.abc_open
                0x0000a0b6       0x1e contiki-exp5438.a(abc.o)
                0x0000a0b6                abc_open
 .any.text.abc_close
                0x0000a0d4        0x6 contiki-exp5438.a(abc.o)
                0x0000a0d4                abc_close
 .any.text.abc_send
                0x0000a0da        0x6 contiki-exp5438.a(abc.o)
                0x0000a0da                abc_send
 .any.text.abc_input
                0x0000a0e0        0xe contiki-exp5438.a(abc.o)
                0x0000a0e0                abc_input
 .any.text.abc_sent
                0x0000a0ee       0x10 contiki-exp5438.a(abc.o)
                0x0000a0ee                abc_sent
 .any.text.announcement_init
                0x0000a0fe        0xa contiki-exp5438.a(announcement.o)
                0x0000a0fe                announcement_init
 .any.text.announcement_register_observer_callback
                0x0000a108        0x6 contiki-exp5438.a(announcement.o)
                0x0000a108                announcement_register_observer_callback
 .any.text.announcement_list
                0x0000a10e        0xa contiki-exp5438.a(announcement.o)
                0x0000a10e                announcement_list
 .any.text.announcement_heard
                0x0000a118       0x36 contiki-exp5438.a(announcement.o)
                0x0000a118                announcement_heard
 .any.text.adv_packet_sent
                0x0000a14e        0x2 contiki-exp5438.a(broadcast-annou)
 .any.text.adv_packet_received
                0x0000a150       0x58 contiki-exp5438.a(broadcast-annou)
 .any.text.set_timers
                0x0000a1a8       0x4a contiki-exp5438.a(broadcast-annou)
 .any.text.send_timer
                0x0000a1f2       0x32 contiki-exp5438.a(broadcast-annou)
 .any.text.send_adv
                0x0000a224       0x60 contiki-exp5438.a(broadcast-annou)
 .any.text.new_announcement
                0x0000a284       0x18 contiki-exp5438.a(broadcast-annou)
 .any.text.broadcast_announcement_init
                0x0000a29c       0x44 contiki-exp5438.a(broadcast-annou)
                0x0000a29c                broadcast_announcement_init
 .any.text.sent_by_abc
                0x0000a2e0       0x10 contiki-exp5438.a(broadcast.o)
 .any.text.recv_from_abc
                0x0000a2f0       0x26 contiki-exp5438.a(broadcast.o)
 .any.text.broadcast_open
                0x0000a316       0x22 contiki-exp5438.a(broadcast.o)
                0x0000a316                broadcast_open
 .any.text.broadcast_close
                0x0000a338        0x6 contiki-exp5438.a(broadcast.o)
                0x0000a338                broadcast_close
 .any.text.broadcast_send
                0x0000a33e       0x1a contiki-exp5438.a(broadcast.o)
                0x0000a33e                broadcast_send
 .any.text.chameleon_init
                0x0000a358        0x6 contiki-exp5438.a(chameleon.o)
                0x0000a358                chameleon_init
 .any.text.chameleon_parse
                0x0000a35e       0x10 contiki-exp5438.a(chameleon.o)
                0x0000a35e                chameleon_parse
 .any.text.chameleon_create
                0x0000a36e       0x1c contiki-exp5438.a(chameleon.o)
                0x0000a36e                chameleon_create
 .any.text.chameleon_hdrsize
                0x0000a38a        0x6 contiki-exp5438.a(chameleon.o)
                0x0000a38a                chameleon_hdrsize
 .any.text.channel_init
                0x0000a390        0xa contiki-exp5438.a(channel.o)
                0x0000a390                channel_init
 .any.text.channel_open
                0x0000a39a       0x10 contiki-exp5438.a(channel.o)
                0x0000a39a                channel_open
 .any.text.channel_close
                0x0000a3aa        0xc contiki-exp5438.a(channel.o)
                0x0000a3aa                channel_close
 .any.text.channel_lookup
                0x0000a3b6       0x20 contiki-exp5438.a(channel.o)
                0x0000a3b6                channel_lookup
 .any.text.channel_set_attributes
                0x0000a3d6       0x20 contiki-exp5438.a(channel.o)
                0x0000a3d6                channel_set_attributes
 .any.text.header_size
                0x0000a3f6       0x16 contiki-exp5438.a(chameleon-bitop)
 .any.text.get_bits_in_byte
                0x0000a40c       0x36 contiki-exp5438.a(chameleon-bitop)
                0x0000a40c                get_bits_in_byte
 .any.text.get_bits
                0x0000a442       0x8a contiki-exp5438.a(chameleon-bitop)
                0x0000a442                get_bits
 .any.text.unpack_header
                0x0000a4cc       0xb4 contiki-exp5438.a(chameleon-bitop)
 .any.text.set_bits_in_byte
                0x0000a580       0x2a contiki-exp5438.a(chameleon-bitop)
                0x0000a580                set_bits_in_byte
 .any.text.set_bits
                0x0000a5aa       0x98 contiki-exp5438.a(chameleon-bitop)
                0x0000a5aa                set_bits
 .any.text.pack_header
                0x0000a642       0xa0 contiki-exp5438.a(chameleon-bitop)

.rodata         0x0000a6e4      0x4b2
                0x0000a6e4                . = ALIGN (0x2)
 *(.rodata .rodata.* .gnu.linkonce.r.*)
 .rodata.process_thread_example_broadcast_process
                0x0000a6e4       0x52 sensor.co
 .rodata.unicast_recv
                0x0000a736       0x2b sensor.co
 *fill*         0x0000a761        0x1 00
 .rodata.autostart_processes
                0x0000a762        0x4 sensor.co
                0x0000a762                autostart_processes
 .rodata        0x0000a766       0x14 sensor.co
 .rodata.unicast_call
                0x0000a77a        0x8 sensor.co
 .rodata        0x0000a782       0x86 obj_exp5438/contiki-exp5438-main.o
 .rodata        0x0000a808       0x14 contiki-exp5438.a(duty-cycle-scro)
 .rodata.get_value
                0x0000a81c       0x38 contiki-exp5438.a(cc1200.o)
 .rodata.set_value
                0x0000a854       0x20 contiki-exp5438.a(cc1200.o)
 .rodata.cc1200_init
                0x0000a874       0x66 contiki-exp5438.a(cc1200.o)
 .rodata        0x0000a8da        0xe contiki-exp5438.a(cc1200.o)
 .rodata.cc1200_driver
                0x0000a8e8       0x38 contiki-exp5438.a(cc1200.o)
                0x0000a8e8                cc1200_driver
 .rodata.cc1200_arch_gpio0_setup_irq
                0x0000a920       0x42 contiki-exp5438.a(cc1200-5438-arc)
 .rodata.cc1200_arch_gpio2_setup_irq
                0x0000a962       0x4f contiki-exp5438.a(cc1200-5438-arc)
 .rodata        0x0000a9b1        0x7 contiki-exp5438.a(cxmac.o)
 .rodata.cxmac_driver
                0x0000a9b8       0x1e contiki-exp5438.a(cxmac.o)
                0x0000a9b8                cxmac_driver
 .rodata        0x0000a9d6        0xf contiki-exp5438.a(ctimer.o)
 .rodata        0x0000a9e5        0xc contiki-exp5438.a(etimer.o)
 .rodata        0x0000a9f1        0xe contiki-exp5438.a(serial-line.o)
 .rodata        0x0000a9ff        0x5 contiki-exp5438.a(rime.o)
 .rodata.rime_driver
                0x0000aa04        0xa contiki-exp5438.a(rime.o)
                0x0000aa04                rime_driver
 .rodata.uc     0x0000aa0e        0x8 contiki-exp5438.a(unicast.o)
 .rodata.attributes
                0x0000aa16        0x6 contiki-exp5438.a(unicast.o)
 .rodata.linkaddr_null
                0x0000aa1c        0x2 contiki-exp5438.a(linkaddr.o)
                0x0000aa1c                linkaddr_null
 .rodata        0x0000aa1e        0x5 contiki-exp5438.a(csma.o)
 *fill*         0x0000aa23        0x1 00
 .rodata.csma_driver
                0x0000aa24       0x1a contiki-exp5438.a(csma.o)
                0x0000aa24                csma_driver
 .rodata.CSWTCH.5
                0x0000aa3e        0x2 contiki-exp5438.a(frame802154.o)
 .rodata.framer_802154
                0x0000aa40       0x10 contiki-exp5438.a(framer-802154.o)
                0x0000aa40                framer_802154
 .rodata        0x0000aa50        0x8 contiki-exp5438.a(nullsec.o)
 .rodata.nullsec_driver
                0x0000aa58       0x16 contiki-exp5438.a(nullsec.o)
                0x0000aa58                nullsec_driver
 .rodata.cc1200_802154g_868_fsk_sniff_38kbps
                0x0000aa6e       0x12 contiki-exp5438.a(cc1200-802154g-)
                0x0000aa6e                cc1200_802154g_868_fsk_sniff_38kbps
 .rodata.rf_cfg_descriptor
                0x0000aa80       0x24 contiki-exp5438.a(cc1200-802154g-)
 .rodata.preferredSettings
                0x0000aaa4       0xc0 contiki-exp5438.a(cc1200-802154g-)
 .rodata.attributes
                0x0000ab64        0x2 contiki-exp5438.a(abc.o)
 .rodata.broadcast_callbacks
                0x0000ab66        0x8 contiki-exp5438.a(broadcast-annou)
 .rodata.broadcast
                0x0000ab6e        0x8 contiki-exp5438.a(broadcast.o)
 .rodata.attributes
                0x0000ab76        0x4 contiki-exp5438.a(broadcast.o)
 .rodata.chameleon_bitopt
                0x0000ab7a        0xc contiki-exp5438.a(chameleon-bitop)
                0x0000ab7a                chameleon_bitopt
 .rodata.bitmask
                0x0000ab86        0x9 contiki-exp5438.a(chameleon-bitop)
 .rodata.vuprintf
                0x0000ab8f        0x7 /usr/local/msp430/bin/../lib/gcc/msp430/4.7.0/../../../../msp430/lib/mcpu-430x/mmpy-16/msr20/mc20/libc.a(vuprintf.o)
 *(.near.rodata .near.rodata.*)
                0x0000ab96                . = ALIGN (0x2)
                0x0000ab96                _etext = .

.data           0x00001c00       0x7e load address 0x0000ab96
                0x00001c00                . = ALIGN (0x2)
                0x00001c00                __data_start = .
 *(.data .data.* .gnu.linkonce.d.*)
 .data.example_broadcast_process
                0x00001c00        0xc sensor.co
                0x00001c00                example_broadcast_process
 .data.cur_break
                0x00001c0c        0x2 contiki-exp5438.a(msp430.o)
 .data.duty_cycle_scroller_process
                0x00001c0e        0xc contiki-exp5438.a(duty-cycle-scro)
                0x00001c0e                duty_cycle_scroller_process
 .data.cc1200_process
                0x00001c1a        0xc contiki-exp5438.a(cc1200.o)
                0x00001c1a                cc1200_process
 .data.cxmac_config
                0x00001c26        0x8 contiki-exp5438.a(cxmac.o)
                0x00001c26                cxmac_config
 .data.ctimer_process
                0x00001c2e        0xc contiki-exp5438.a(ctimer.o)
                0x00001c2e                ctimer_process
 .data.etimer_process
                0x00001c3a        0xc contiki-exp5438.a(etimer.o)
                0x00001c3a                etimer_process
 .data.serial_line_process
                0x00001c46        0xc contiki-exp5438.a(serial-line.o)
                0x00001c46                serial_line_process
 .data.buframmem
                0x00001c52        0x8 contiki-exp5438.a(queuebuf.o)
 .data.bufmem   0x00001c5a        0x8 contiki-exp5438.a(queuebuf.o)
 .data.neighbor_memb
                0x00001c62        0x8 contiki-exp5438.a(csma.o)
 .data.packet_memb
                0x00001c6a        0x8 contiki-exp5438.a(csma.o)
 .data.metadata_memb
                0x00001c72        0x8 contiki-exp5438.a(csma.o)
 .data.next     0x00001c7a        0x4 /usr/local/msp430/bin/../lib/gcc/msp430/4.7.0/../../../../msp430/lib/mcpu-430x/mmpy-16/msr20/mc20/libc.a(rand.o)
 *(.near.data .near.data.*)
                0x00001c7e                . = ALIGN (0x2)
                0x00001c7e                _edata = .
                0x0000ab96                __data_load_start = LOADADDR (.data)
                0x0000007e                __data_size = SIZEOF (.data)

.bss            0x00001c7e     0x1312 load address 0x0000ac14
                0x00001c7e                __bss_start = .
 *(.bss .bss.*)
 .bss.unicast   0x00001c7e        0xe sensor.co
 .bss.et.3969   0x00001c8c        0xc sensor.co
 .bss.receiving_uart.3972
                0x00001c98        0x1 sensor.co
 .bss.BUFFER.3970
                0x00001c99       0x64 sensor.co
 .bss.off_flag  0x00001cfd        0x1 sensor.co
 .bss.temp.3971
                0x00001cfe        0x2 sensor.co
 .bss.index.3973
                0x00001d00        0x1 sensor.co
 .bss.sensing_flag
                0x00001d01        0x1 sensor.co
 .bss.irq_energest.4133
                0x00001d02        0x4 obj_exp5438/contiki-exp5438-main.o
 .bss.dco_speed
                0x00001d06        0x4 contiki-exp5438.a(msp430.o)
 .bss.leds      0x00001d0a        0x1 contiki-exp5438.a(leds.o)
 *fill*         0x00001d0b        0x1 00
 .bss.counter   0x00001d0c        0x2 contiki-exp5438.a(watchdog.o)
 .bss.node_id   0x00001d0e        0x2 contiki-exp5438.a(node-id.o)
                0x00001d0e                node_id
 .bss.transmitting
                0x00001d10        0x1 contiki-exp5438.a(uart1x.o)
 *fill*         0x00001d11        0x1 00
 .bss.uart1_input_handler
                0x00001d12        0x4 contiki-exp5438.a(uart1x.o)
 .bss.transmitting
                0x00001d16        0x1 contiki-exp5438.a(uart2x.o)
 *fill*         0x00001d17        0x1 00
 .bss.uart2_input_handler
                0x00001d18        0x4 contiki-exp5438.a(uart2x.o)
 .bss.interval  0x00001d1c        0x4 contiki-exp5438.a(duty-cycle-scro)
 .bss.interval_timer.2488
                0x00001d20        0xc contiki-exp5438.a(duty-cycle-scro)
 .bss.last_cpu.2490
                0x00001d2c        0x4 contiki-exp5438.a(duty-cycle-scro)
 .bss.last_lpm.2491
                0x00001d30        0x4 contiki-exp5438.a(duty-cycle-scro)
 .bss.last_transmit.2492
                0x00001d34        0x4 contiki-exp5438.a(duty-cycle-scro)
 .bss.last_listen.2493
                0x00001d38        0x4 contiki-exp5438.a(duty-cycle-scro)
 .bss.rx_pkt_len
                0x00001d3c        0x2 contiki-exp5438.a(cc1200.o)
 .bss.spi_locked
                0x00001d3e        0x1 contiki-exp5438.a(cc1200.o)
 .bss.rf_flags  0x00001d3f        0x1 contiki-exp5438.a(cc1200.o)
 .bss.rx_mode_value
                0x00001d40        0x2 contiki-exp5438.a(cc1200.o)
 .bss.tx_mode_value
                0x00001d42        0x2 contiki-exp5438.a(cc1200.o)
 .bss.new_txpower
                0x00001d44        0x1 contiki-exp5438.a(cc1200.o)
 .bss.new_cca_threshold
                0x00001d45        0x1 contiki-exp5438.a(cc1200.o)
 .bss.new_rf_channel
                0x00001d46        0x1 contiki-exp5438.a(cc1200.o)
 .bss.rf_channel
                0x00001d47        0x1 contiki-exp5438.a(cc1200.o)
 .bss.txpower   0x00001d48        0x1 contiki-exp5438.a(cc1200.o)
 .bss.cca_threshold
                0x00001d49        0x1 contiki-exp5438.a(cc1200.o)
 .bss.cal_timer
                0x00001d4a        0x4 contiki-exp5438.a(cc1200.o)
 .bss.rx_pkt    0x00001d4e       0x81 contiki-exp5438.a(cc1200.o)
 *fill*         0x00001dcf        0x1 00
 .bss.tx_pkt_len
                0x00001dd0        0x2 contiki-exp5438.a(cc1200.o)
 .bss.tx_pkt    0x00001dd2       0x7f contiki-exp5438.a(cc1200.o)
 *fill*         0x00001e51        0x1 00
 .bss.payload_len.3686
                0x00001e52        0x2 contiki-exp5438.a(cc1200.o)
 .bss.bytes_read.3687
                0x00001e54        0x2 contiki-exp5438.a(cc1200.o)
 .bss.buf.3688  0x00001e56       0x81 contiki-exp5438.a(cc1200.o)
 *fill*         0x00001ed7        0x1 00
 .bss.count     0x00001ed8        0x4 contiki-exp5438.a(clock.o)
 .bss.seconds   0x00001edc        0x4 contiki-exp5438.a(clock.o)
 .bss.last_tar  0x00001ee0        0x2 contiki-exp5438.a(clock.o)
 .bss.radio_is_on
                0x00001ee2        0x1 contiki-exp5438.a(cxmac.o)
 .bss.we_are_sending
                0x00001ee3        0x1 contiki-exp5438.a(cxmac.o)
 .bss.someone_is_sending
                0x00001ee4        0x1 contiki-exp5438.a(cxmac.o)
 .bss.waiting_for_packet
                0x00001ee5        0x1 contiki-exp5438.a(cxmac.o)
 .bss.cxmac_is_on
                0x00001ee6        0x1 contiki-exp5438.a(cxmac.o)
 *fill*         0x00001ee7        0x1 00
 .bss.pt        0x00001ee8        0x2 contiki-exp5438.a(cxmac.o)
 .bss.cpowercycle_ctimer
                0x00001eea       0x16 contiki-exp5438.a(cxmac.o)
 .bss.is_streaming
                0x00001f00        0x1 contiki-exp5438.a(cxmac.o)
 *fill*         0x00001f01        0x1 00
 .bss.is_streaming_to
                0x00001f02        0x2 contiki-exp5438.a(cxmac.o)
 .bss.is_streaming_to_too
                0x00001f04        0x2 contiki-exp5438.a(cxmac.o)
 .bss.current_packet
                0x00001f06        0x8 contiki-exp5438.a(cxmac.o)
 .bss.last_listen.2976
                0x00001f0e        0x4 contiki-exp5438.a(compower.o)
 .bss.last_transmit.2977
                0x00001f12        0x4 contiki-exp5438.a(compower.o)
 .bss.initialized
                0x00001f16        0x1 contiki-exp5438.a(ctimer.o)
 *fill*         0x00001f17        0x1 00
 .bss.ctimer_list_list
                0x00001f18        0x2 contiki-exp5438.a(ctimer.o)
 .bss.timerlist
                0x00001f1a        0x2 contiki-exp5438.a(etimer.o)
 .bss.next_expiration
                0x00001f1c        0x4 contiki-exp5438.a(etimer.o)
 .bss.poll_requested
                0x00001f20        0x1 contiki-exp5438.a(process.o)
 *fill*         0x00001f21        0x1 00
 .bss.process_current
                0x00001f22        0x2 contiki-exp5438.a(process.o)
                0x00001f22                process_current
 .bss.process_list